warning: failed to auto-clean cache data

failed to clean entries from the global cache

Caused by:
  failed to remove file `/Users/tristen/.cargo/registry/src/index.crates.io-6f17d22bba15001f/darling-0.20.10/Cargo.toml`

Caused by:
  Permission denied (os error 13)
warning: unused variable: `ctor_name`
    --> crates/logicaffeine_kernel/src/interface/literate_parser.rs:1061:17
     |
1061 |             let ctor_name = self.parse_ident()?;
     |                 ^^^^^^^^^ help: if this is intentional, prefix it with an underscore: `_ctor_name`
     |
     = note: `#[warn(unused_variables)]` on by default

warning: unused variable: `hint_marker`
    --> crates/logicaffeine_kernel/src/reduction.rs:1788:9
     |
1788 |     let hint_marker = make_sapp(make_sname("Hint"), make_sname(hint_name));
     |         ^^^^^^^^^^^ help: if this is intentional, prefix it with an underscore: `_hint_marker`

warning: unused variable: `p`
    --> crates/logicaffeine_kernel/src/reduction.rs:1818:35
     |
1818 |         if let Term::App(pi_ctor, p) = outer.as_ref() {
     |                                   ^ help: if this is intentional, prefix it with an underscore: `_p`

warning: unused variable: `param`
    --> crates/logicaffeine_kernel/src/reduction.rs:3891:20
     |
3891 |         Term::Pi { param, param_type, body_type } => {
     |                    ^^^^^ help: try ignoring the field: `param: _`

warning: unused variable: `ty`
    --> crates/logicaffeine_kernel/src/reduction.rs:4366:10
     |
4366 |     let (ty, lhs, rhs) = match extract_eq_components_from_syntax(&eq_conclusion) {
     |          ^^ help: if this is intentional, prefix it with an underscore: `_ty`

warning: unused variable: `ctx`
    --> crates/logicaffeine_kernel/src/reduction.rs:4435:5
     |
4435 |     ctx: &Context,
     |     ^^^ help: if this is intentional, prefix it with an underscore: `_ctx`

warning: unused variable: `forall_body`
    --> crates/logicaffeine_kernel/src/reduction.rs:4529:17
     |
4529 |     if let Some(forall_body) = extract_forall_body(&hyp_conclusion) {
     |                 ^^^^^^^^^^^ help: if this is intentional, prefix it with an underscore: `_forall_body`

warning: unused variable: `hyp_name`
    --> crates/logicaffeine_kernel/src/reduction.rs:4574:5
     |
4574 |     hyp_name: &Term,
     |     ^^^^^^^^ help: if this is intentional, prefix it with an underscore: `_hyp_name`

warning: unused variable: `bound`
   --> crates/logicaffeine_kernel/src/lia.rs:529:21
    |
529 |                 let bound = bound.scale(
    |                     ^^^^^ help: if this is intentional, prefix it with an underscore: `_bound`

warning: unused variable: `ctor_name`
   --> crates/logicaffeine_kernel/src/termination.rs:219:17
    |
219 |     for (case, (ctor_name, ctor_type)) in cases.iter().zip(constructors.iter()) {
    |                 ^^^^^^^^^ help: if this is intentional, prefix it with an underscore: `_ctor_name`

warning: function `make_svar` is never used
    --> crates/logicaffeine_kernel/src/reduction.rs:1711:4
     |
1711 | fn make_svar(n: i64) -> Term {
     |    ^^^^^^^^^
     |
     = note: `#[warn(dead_code)]` on by default

warning: function `sterm_to_term` is never used
   --> crates/logicaffeine_kernel/src/simp.rs:100:4
    |
100 | fn sterm_to_term(st: &STerm) -> Term {
    |    ^^^^^^^^^^^^^

warning: `logicaffeine-kernel` (lib) generated 12 warnings
warning: field `regular` is never read
  --> crates/logicaffeine_language/build.rs:62:5
   |
56 | struct VerbDefinition {
   |        -------------- field in this struct
...
62 |     regular: bool,
   |     ^^^^^^^
   |
   = note: `#[warn(dead_code)]` on by default

warning: field `regular` is never read
   --> crates/logicaffeine_language/build.rs:120:5
    |
117 | struct AdjectiveDefinition {
    |        ------------------- field in this struct
...
120 |     regular: bool,
    |     ^^^^^^^

warning: field `features` is never read
   --> crates/logicaffeine_language/build.rs:140:5
    |
133 | struct MweEntry {
    |        -------- field in this struct
...
140 |     features: Vec<String>,
    |     ^^^^^^^^

warning: unused import: `compose_substitutions`
  --> crates/logicaffeine_proof/src/engine.rs:33:39
   |
33 |     apply_subst_to_expr, beta_reduce, compose_substitutions, unify_exprs, unify_pattern,
   |                                       ^^^^^^^^^^^^^^^^^^^^^
   |
   = note: `#[warn(unused_imports)]` on by default

warning: unused variable: `idx`
   --> crates/logicaffeine_proof/src/engine.rs:654:14
    |
654 |         for (idx, impl_expr) in implications {
    |              ^^^ help: if this is intentional, prefix it with an underscore: `_idx`
    |
    = note: `#[warn(unused_variables)]` on by default

warning: unused variable: `antecedent`
   --> crates/logicaffeine_proof/src/engine.rs:655:39
    |
655 |             if let ProofExpr::Implies(antecedent, consequent) = &impl_expr {
    |                                       ^^^^^^^^^^ help: if this is intentional, prefix it with an underscore: `_antecedent`

warning: unused variable: `consequent`
   --> crates/logicaffeine_proof/src/engine.rs:655:51
    |
655 |             if let ProofExpr::Implies(antecedent, consequent) = &impl_expr {
    |                                                   ^^^^^^^^^^ help: if this is intentional, prefix it with an underscore: `_consequent`

warning: unused variable: `idx`
   --> crates/logicaffeine_proof/src/engine.rs:833:14
    |
833 |         for (idx, forall_expr) in universals {
    |              ^^^ help: if this is intentional, prefix it with an underscore: `_idx`

warning: unused variable: `variable`
   --> crates/logicaffeine_proof/src/engine.rs:834:40
    |
834 |             if let ProofExpr::ForAll { variable, body } = &forall_expr {
    |                                        ^^^^^^^^ help: try ignoring the field: `variable: _`

warning: unused variable: `body`
   --> crates/logicaffeine_proof/src/engine.rs:834:50
    |
834 |             if let ProofExpr::ForAll { variable, body } = &forall_expr {
    |                                                  ^^^^ help: try ignoring the field: `body: _`

warning: unused variable: `from`
    --> crates/logicaffeine_proof/src/engine.rs:1512:26
     |
1512 |                     for (from, to) in &substitutions {
     |                          ^^^^ help: if this is intentional, prefix it with an underscore: `_from`

warning: unused variable: `name`
    --> crates/logicaffeine_proof/src/engine.rs:1750:43
     |
1750 |             if let ProofExpr::Predicate { name, args, world } = expr {
     |                                           ^^^^ help: try ignoring the field: `name: _`

warning: unused variable: `world`
    --> crates/logicaffeine_proof/src/engine.rs:1750:55
     |
1750 |             if let ProofExpr::Predicate { name, args, world } = expr {
     |                                                       ^^^^^ help: try ignoring the field: `world: _`

warning: unused variable: `ante`
    --> crates/logicaffeine_proof/src/engine.rs:1798:43
     |
1798 |                 if let ProofExpr::Implies(ante, cons) = expr {
     |                                           ^^^^ help: if this is intentional, prefix it with an underscore: `_ante`

warning: unused variable: `neg_cons2`
    --> crates/logicaffeine_proof/src/engine.rs:2623:55
     |
2623 | ...                   if let ProofExpr::Not(neg_cons2) = cons2.as_ref() {
     |                                             ^^^^^^^^^ help: if this is intentional, prefix it with an underscore: `_neg_cons2`

warning: unused variable: `body`
   --> crates/logicaffeine_proof/src/hints.rs:119:39
    |
119 |         ProofExpr::ForAll { variable, body } => {
    |                                       ^^^^ help: try ignoring the field: `body: _`

warning: unused variable: `body`
   --> crates/logicaffeine_proof/src/hints.rs:129:39
    |
129 |         ProofExpr::Exists { variable, body } => {
    |                                       ^^^^ help: try ignoring the field: `body: _`

warning: unused variable: `bound_vars`
    --> crates/logicaffeine_proof/src/unify.rs:1385:43
     |
1385 | fn rename_vars_to_bound(expr: &ProofExpr, bound_vars: &[String]) -> ProofExpr {
     |                                           ^^^^^^^^^^ help: if this is intentional, prefix it with an underscore: `_bound_vars`

warning: method `rename_term_vars` is never used
    --> crates/logicaffeine_proof/src/engine.rs:3044:8
     |
177  | impl BackwardChainer {
     | -------------------- method in this implementation
...
3044 |     fn rename_term_vars(&mut self, term: &ProofTerm) -> ProofTerm {
     |        ^^^^^^^^^^^^^^^^
     |
     = note: `#[warn(dead_code)]` on by default

warning: `logicaffeine-language` (build script) generated 3 warnings
warning: `logicaffeine-proof` (lib) generated 16 warnings (run `cargo fix --lib -p logicaffeine-proof` to apply 1 suggestion)
warning: unused import: `Gender`
  --> crates/logicaffeine_language/src/parser/clause.rs:25:27
   |
25 | use crate::drs::{BoxType, Gender, Number};
   |                           ^^^^^^
   |
   = note: `#[warn(unused_imports)]` on by default

warning: unused import: `Span`
  --> crates/logicaffeine_language/src/parser/verb.rs:38:31
   |
38 | use crate::token::{FocusKind, Span, TokenType};
   |                               ^^^^

warning: unused import: `BoxType`
  --> crates/logicaffeine_language/src/parser/mod.rs:65:23
   |
65 | use crate::drs::{Drs, BoxType, WorldState};
   |                       ^^^^^^^

warning: unused import: `crate::ast::stmt::SelectBranch`
    --> crates/logicaffeine_language/src/parser/mod.rs:2437:13
     |
2437 |         use crate::ast::stmt::SelectBranch;
     |             ^^^^^^^^^^^^^^^^^^^^^^^^^^^^^^

warning: unused import: `crate::ast::Expr`
    --> crates/logicaffeine_language/src/parser/mod.rs:3488:13
     |
3488 |         use crate::ast::Expr;
     |             ^^^^^^^^^^^^^^^^

warning: unused import: `self`
   --> crates/logicaffeine_language/src/compile.rs:907:18
    |
907 | use crate::ast::{self, Stmt};
    |                  ^^^^

warning: unused import: `super::dependencies::scan_dependencies`
 --> crates/logicaffeine_language/src/analysis/discovery.rs:5:5
  |
5 | use super::dependencies::scan_dependencies;
  |     ^^^^^^^^^^^^^^^^^^^^^^^^^^^^^^^^^^^^^^

warning: unreachable pattern
     --> /Users/tristen/logicaffeine/logicaffeine/target/debug/build/logicaffeine-language-146e949c1a0e5979/out/lexicon_data.rs:10319:9
      |
10175 |         "speaker" => Some(crate::lexicon::Sort::Physical),
      |         --------- matches all the relevant values
...
10319 |         "speaker" => Some(crate::lexicon::Sort::Human),
      |         ^^^^^^^^^ no value can reach this
      |
      = note: `#[warn(unreachable_patterns)]` on by default

warning: unused variable: `symbol`
   --> crates/logicaffeine_language/src/parser/noun.rs:274:17
    |
274 |             let symbol = capitalize_first(noun_str);
    |                 ^^^^^^ help: if this is intentional, prefix it with an underscore: `_symbol`
    |
    = note: `#[warn(unused_variables)]` on by default

warning: unused variable: `number`
   --> crates/logicaffeine_language/src/parser/noun.rs:275:17
    |
275 |             let number = if noun_str.ends_with('s') && !noun_str.ends_with("ss") {
    |                 ^^^^^^ help: if this is intentional, prefix it with an underscore: `_number`

warning: unused variable: `unknown`
    --> crates/logicaffeine_language/src/parser/verb.rs:1106:17
     |
1106 |             let unknown = self.interner.intern("?");
     |                 ^^^^^^^ help: if this is intentional, prefix it with an underscore: `_unknown`

warning: unused variable: `was_definite_article`
    --> crates/logicaffeine_language/src/parser/mod.rs:6403:42
     |
6403 |                     let (obj_quantifier, was_definite_article) = if self.check_npi_quantifier() {
     |                                          ^^^^^^^^^^^^^^^^^^^^ help: if this is intentional, prefix it with an underscore: `_was_definite_article`

warning: unused variable: `unknown`
    --> crates/logicaffeine_language/src/parser/mod.rs:6794:17
     |
6794 |             let unknown = self.interner.intern("?");
     |                 ^^^^^^^ help: if this is intentional, prefix it with an underscore: `_unknown`

warning: unused variable: `is_person`
    --> crates/logicaffeine_language/src/parser/mod.rs:7896:32
     |
7896 |         let (restriction_name, is_person) = match npi_token {
     |                                ^^^^^^^^^ help: if this is intentional, prefix it with an underscore: `_is_person`

warning: unused variable: `term_arena`
   --> crates/logicaffeine_language/src/semantics/axioms.rs:221:5
    |
221 |     term_arena: &'a Arena<Term<'a>>,
    |     ^^^^^^^^^^ help: if this is intentional, prefix it with an underscore: `_term_arena`

warning: unused variable: `term_arena`
   --> crates/logicaffeine_language/src/semantics/axioms.rs:250:5
    |
250 |     term_arena: &'a Arena<Term<'a>>,
    |     ^^^^^^^^^^ help: if this is intentional, prefix it with an underscore: `_term_arena`

warning: unused variable: `expr`
   --> crates/logicaffeine_language/src/transpile.rs:171:31
    |
171 |             Term::Proposition(expr) => write!(w, "[proposition]"),
    |                               ^^^^ help: if this is intentional, prefix it with an underscore: `_expr`

warning: unused variable: `subject_type`
   --> crates/logicaffeine_language/src/analysis/discovery.rs:276:42
    |
276 |     fn parse_atomic_condition(&mut self, subject_type: Symbol, object_type: Option<Symbol>) -> PolicyCondition {
    |                                          ^^^^^^^^^^^^ help: if this is intentional, prefix it with an underscore: `_subject_type`

warning: unused variable: `object_type`
   --> crates/logicaffeine_language/src/analysis/discovery.rs:276:64
    |
276 |     fn parse_atomic_condition(&mut self, subject_type: Symbol, object_type: Option<Symbol>) -> PolicyCondition {
    |                                                                ^^^^^^^^^^^ help: if this is intentional, prefix it with an underscore: `_object_type`

warning: method `measure_next_line_indent` is never used
    --> crates/logicaffeine_language/src/lexer.rs:1113:8
     |
328  | impl<'a> Lexer<'a> {
     | ------------------ method in this implementation
...
1113 |     fn measure_next_line_indent(&self, from_pos: usize) -> Option<usize> {
     |        ^^^^^^^^^^^^^^^^^^^^^^^^
     |
     = note: `#[warn(dead_code)]` on by default

warning: field `pending_cardinal` is never read
   --> crates/logicaffeine_language/src/parser/mod.rs:196:16
    |
178 | pub struct Parser<'a, 'ctx, 'int> {
    |            ------ field in this struct
...
196 |     pub(super) pending_cardinal: Option<u32>,
    |                ^^^^^^^^^^^^^^^^

warning: methods `try_parse_binary_op` and `check_any` are never used
    --> crates/logicaffeine_language/src/parser/mod.rs:4748:8
     |
210  | impl<'a, 'ctx, 'int> Parser<'a, 'ctx, 'int> {
     | ------------------------------------------- methods in this implementation
...
4748 |     fn try_parse_binary_op(&mut self) -> Option<BinaryOpKind> {
     |        ^^^^^^^^^^^^^^^^^^^
...
8032 |     fn check_any(&self, kinds: &[TokenType]) -> bool {
     |        ^^^^^^^^^

warning: constant `COPULAS` is never used
 --> crates/logicaffeine_language/src/parser/common.rs:9:11
  |
9 | pub const COPULAS: &[TokenType] = &[
  |           ^^^^^^^

warning: function `group_by_island` is never used
   --> crates/logicaffeine_language/src/lambda.rs:439:4
    |
439 | fn group_by_island<'a>(quantifiers: Vec<QuantifierInfo<'a>>) -> Vec<Vec<QuantifierInfo<'a>>> {
    |    ^^^^^^^^^^^^^^^

warning: function `extract_quantifiers` is never used
   --> crates/logicaffeine_language/src/lambda.rs:552:4
    |
552 | fn extract_quantifiers<'a>(
    |    ^^^^^^^^^^^^^^^^^^^

warning: function `rebuild_with_scope_order` is never used
   --> crates/logicaffeine_language/src/lambda.rs:583:4
    |
583 | fn rebuild_with_scope_order<'a>(
    |    ^^^^^^^^^^^^^^^^^^^^^^^^

warning: field `verb` is never read
   --> crates/logicaffeine_language/src/lambda.rs:794:5
    |
793 | struct IntensionalContext {
    |        ------------------ field in this struct
794 |     verb: Symbol,
    |     ^^^^
    |
    = note: `IntensionalContext` has a derived impl for the trait `Debug`, but this is intentionally ignored during dead code analysis

warning: methods `parse_enum_variants`, `parse_variant_fields_natural`, `parse_variant_fields_concise`, `parse_struct_fields`, and `consume_field_type` are never used
   --> crates/logicaffeine_language/src/analysis/discovery.rs:597:8
    |
27  | impl<'a> DiscoveryPass<'a> {
    | -------------------------- methods in this implementation
...
597 |     fn parse_enum_variants(&mut self) -> Vec<VariantDef> {
    |        ^^^^^^^^^^^^^^^^^^^
...
661 |     fn parse_variant_fields_natural(&mut self) -> Vec<FieldDef> {
    |        ^^^^^^^^^^^^^^^^^^^^^^^^^^^^
...
707 |     fn parse_variant_fields_concise(&mut self) -> Vec<FieldDef> {
    |        ^^^^^^^^^^^^^^^^^^^^^^^^^^^^
...
800 |     fn parse_struct_fields(&mut self) -> Vec<FieldDef> {
    |        ^^^^^^^^^^^^^^^^^^^
...
805 |     fn consume_field_type(&mut self) -> FieldType {
    |        ^^^^^^^^^^^^^^^^^^

warning: `logicaffeine-language` (lib) generated 28 warnings (run `cargo fix --lib -p logicaffeine-language` to apply 7 suggestions)
warning: unused import: `Block`
  --> crates/logicaffeine_compile/src/analysis/escape.rs:28:36
   |
28 | use crate::ast::stmt::{Stmt, Expr, Block};
   |                                    ^^^^^
   |
   = note: `#[warn(unused_imports)]` on by default

warning: unused import: `PolicyRegistry`
  --> crates/logicaffeine_compile/src/compile.rs:76:71
   |
76 | use crate::analysis::{DiscoveryPass, EscapeChecker, OwnershipChecker, PolicyRegistry};
   |                                                                       ^^^^^^^^^^^^^^

warning: unused variable: `tasks`
   --> crates/logicaffeine_compile/src/codegen.rs:303:28
    |
303 |         Stmt::Concurrent { tasks } => true,
    |                            ^^^^^ help: try ignoring the field: `tasks: _`
    |
    = note: `#[warn(unused_variables)]` on by default

warning: unused variable: `interner`
    --> crates/logicaffeine_compile/src/codegen.rs:1387:43
     |
1387 | fn infer_rust_type_from_expr(expr: &Expr, interner: &Interner) -> String {
     |                                           ^^^^^^^^ help: if this is intentional, prefix it with an underscore: `_interner`

warning: `logicaffeine-compile` (lib) generated 4 warnings (run `cargo fix --lib -p logicaffeine-compile` to apply 2 suggestions)
warning: unused import: `crate::ui::theme`
  --> apps/logicaffeine_web/src/ui/app.rs:24:5
   |
24 | use crate::ui::theme;
   |     ^^^^^^^^^^^^^^^^
   |
   = note: `#[warn(unused_imports)]` on by default

warning: unused import: `std::collections::HashSet`
  --> apps/logicaffeine_web/src/ui/pages/learn.rs:37:5
   |
37 | use std::collections::HashSet;
   |     ^^^^^^^^^^^^^^^^^^^^^^^^^

warning: unused import: `GitHubUser`
  --> apps/logicaffeine_web/src/ui/pages/registry/browse.rs:21:60
   |
21 | use crate::ui::state::{RegistryAuthState, RegistryPackage, GitHubUser};
   |                                                            ^^^^^^^^^^

warning: unused import: `crate::ui::router::Route`
  --> apps/logicaffeine_web/src/ui/pages/registry/package_detail.rs:17:5
   |
17 | use crate::ui::router::Route;
   |     ^^^^^^^^^^^^^^^^^^^^^^^^

warning: unused imports: `ProofCompileResult` and `TheoremCompileResult`
  --> apps/logicaffeine_web/src/ui/pages/studio.rs:25:38
   |
25 |     interpret_for_ui, CompileResult, ProofCompileResult, TheoremCompileResult,
   |                                      ^^^^^^^^^^^^^^^^^^  ^^^^^^^^^^^^^^^^^^^^

warning: unused import: `SuggestedTactic`
  --> apps/logicaffeine_web/src/ui/pages/studio.rs:30:27
   |
30 |     hints::{suggest_hint, SuggestedTactic},
   |                           ^^^^^^^^^^^^^^^

warning: unused import: `crate::ui::examples::seed_examples`
  --> apps/logicaffeine_web/src/ui/pages/studio.rs:48:5
   |
48 | use crate::ui::examples::seed_examples;
   |     ^^^^^^^^^^^^^^^^^^^^^^^^^^^^^^^^^^

warning: unused imports: `DirEntry` and `get_platform_vfs`
  --> apps/logicaffeine_web/src/ui/pages/studio.rs:49:31
   |
49 | use logicaffeine_system::fs::{get_platform_vfs, Vfs, DirEntry, VfsResult};
   |                               ^^^^^^^^^^^^^^^^       ^^^^^^^^

warning: unused import: `std::rc::Rc`
  --> apps/logicaffeine_web/src/ui/pages/studio.rs:52:5
   |
52 | use std::rc::Rc;
   |     ^^^^^^^^^^^

warning: unused import: `crate::ui::router::Route`
  --> apps/logicaffeine_web/src/ui/pages/guide/mod.rs:12:5
   |
12 | use crate::ui::router::Route;
   |     ^^^^^^^^^^^^^^^^^^^^^^^^

warning: unused variable: `search`
   --> apps/logicaffeine_web/src/ui/pages/registry/browse.rs:521:25
    |
521 | async fn fetch_packages(search: Option<&str>) -> Result<Vec<RegistryPackage>, String> {
    |                         ^^^^^^ help: if this is intentional, prefix it with an underscore: `_search`
    |
    = note: `#[warn(unused_variables)]` on by default

warning: unused variable: `name`
   --> apps/logicaffeine_web/src/ui/pages/registry/package_detail.rs:449:32
    |
449 | async fn fetch_package_details(name: &str) -> Result<PackageDetails, String> {
    |                                ^^^^ help: if this is intentional, prefix it with an underscore: `_name`

warning: unused variable: `token`
   --> apps/logicaffeine_web/src/ui/state.rs:398:34
    |
398 | fn save_registry_auth_to_storage(token: &str, user: &GitHubUser) {
    |                                  ^^^^^ help: if this is intentional, prefix it with an underscore: `_token`

warning: unused variable: `user`
   --> apps/logicaffeine_web/src/ui/state.rs:398:47
    |
398 | fn save_registry_auth_to_storage(token: &str, user: &GitHubUser) {
    |                                               ^^^^ help: if this is intentional, prefix it with an underscore: `_user`

warning: unused variable: `module_id_for_scroll`
    --> apps/logicaffeine_web/src/ui/pages/learn.rs:1355:69
     |
1355 | ...                   let module_id_for_scroll = module_id.clone();
     |                           ^^^^^^^^^^^^^^^^^^^^ help: if this is intentional, prefix it with an underscore: `_module_id_for_scroll`

warning: unused variable: `exercises_since_retry`
    --> apps/logicaffeine_web/src/ui/pages/learn.rs:1546:13
     |
1546 |     let mut exercises_since_retry = use_signal(|| 0usize);
     |             ^^^^^^^^^^^^^^^^^^^^^ help: if this is intentional, prefix it with an underscore: `_exercises_since_retry`

warning: variable does not need to be mutable
    --> apps/logicaffeine_web/src/ui/pages/learn.rs:1546:9
     |
1546 |     let mut exercises_since_retry = use_signal(|| 0usize);
     |         ----^^^^^^^^^^^^^^^^^^^^^
     |         |
     |         help: remove this `mut`
     |
     = note: `#[warn(unused_mut)]` on by default

warning: variable does not need to be mutable
   --> apps/logicaffeine_web/src/ui/pages/registry/browse.rs:299:9
    |
299 |     let mut auth_state = use_context::<RegistryAuthState>();
    |         ----^^^^^^^^^^
    |         |
    |         help: remove this `mut`

warning: unused variable: `total_exercises`
   --> apps/logicaffeine_web/src/ui/pages/profile.rs:221:9
    |
221 |     let total_exercises: usize = engine.eras()
    |         ^^^^^^^^^^^^^^^ help: if this is intentional, prefix it with an underscore: `_total_exercises`

warning: constant `REGISTRY_API_URL` is never used
  --> apps/logicaffeine_web/src/ui/pages/registry/browse.rs:24:7
   |
24 | const REGISTRY_API_URL: &str = "https://registry.logicaffeine.com";
   |       ^^^^^^^^^^^^^^^^
   |
   = note: `#[warn(dead_code)]` on by default

warning: constant `REGISTRY_API_URL` is never used
  --> apps/logicaffeine_web/src/ui/pages/registry/package_detail.rs:21:7
   |
21 | const REGISTRY_API_URL: &str = "https://registry.logicaffeine.com";
   |       ^^^^^^^^^^^^^^^^

warning: function `load_dir_recursive` is never used
   --> apps/logicaffeine_web/src/ui/pages/studio.rs:264:10
    |
264 | async fn load_dir_recursive<V: Vfs>(vfs: &V, path: &str, parent: &mut FileNode) -> VfsResult<()> {
    |          ^^^^^^^^^^^^^^^^^^

warning: function `App` should have a snake case name
   --> apps/logicaffeine_web/src/ui/app.rs:394:8
    |
394 | pub fn App() -> Element {
    |        ^^^ help: convert the identifier to snake case: `app`
    |
    = note: `#[warn(non_snake_case)]` on by default

warning: `logicaffeine-web` (lib) generated 23 warnings (run `cargo fix --lib -p logicaffeine-web` to apply 12 suggestions)
warning: `logicaffeine-web` (lib test) generated 23 warnings (23 duplicates)
   Compiling logicaffeine-tests v0.1.0 (/Users/tristen/logicaffeine/logicaffeine/crates/logicaffeine_tests)
warning: unused import: `SymbolEntry`
 --> crates/logicaffeine_tests/tests/symbol_dict_tests.rs:6:59
  |
6 | use logicaffeine_language::symbol_dict::{extract_symbols, SymbolEntry, SymbolKind};
  |                                                           ^^^^^^^^^^^
  |
  = note: `#[warn(unused_imports)]` on by default

warning: `logicaffeine-tests` (test "symbol_dict_tests") generated 1 warning (run `cargo fix --test "symbol_dict_tests"` to apply 1 suggestion)
warning: unused import: `std::io::Read`
   --> apps/logicaffeine_cli/src/project/registry.rs:157:13
    |
157 |         use std::io::Read;
    |             ^^^^^^^^^^^^^
    |
    = note: `#[warn(unused_imports)]` on by default

warning: unused import: `std::fs::File`
   --> apps/logicaffeine_cli/src/project/registry.rs:234:9
    |
234 |     use std::fs::File;
    |         ^^^^^^^^^^^^^

warning: unused import: `std::io::Write`
   --> apps/logicaffeine_cli/src/project/registry.rs:235:9
    |
235 |     use std::io::Write;
    |         ^^^^^^^^^^^^^^

warning: `logicaffeine-cli` (lib) generated 3 warnings (run `cargo fix --lib -p logicaffeine-cli` to apply 3 suggestions)
warning: `logicaffeine-cli` (lib test) generated 3 warnings (3 duplicates)
warning: function `parse_to_view` is never used
  --> crates/logicaffeine_tests/tests/common/mod.rs:26:8
   |
26 | pub fn parse_to_view(input: &str) -> ExprView<'static> {
   |        ^^^^^^^^^^^^^
   |
   = note: `#[warn(dead_code)]` on by default

warning: struct `CompileResult` is never constructed
   --> crates/logicaffeine_tests/tests/common/mod.rs:133:12
    |
133 | pub struct CompileResult {
    |            ^^^^^^^^^^^^^

warning: function `compile_logos` is never used
   --> crates/logicaffeine_tests/tests/common/mod.rs:143:8
    |
143 | pub fn compile_logos(source: &str) -> CompileResult {
    |        ^^^^^^^^^^^^^

warning: struct `InterpreterTestResult` is never constructed
   --> crates/logicaffeine_tests/tests/common/mod.rs:332:12
    |
332 | pub struct InterpreterTestResult {
    |            ^^^^^^^^^^^^^^^^^^^^^

warning: function `run_interpreter` is never used
   --> crates/logicaffeine_tests/tests/common/mod.rs:340:8
    |
340 | pub fn run_interpreter(source: &str) -> InterpreterTestResult {
    |        ^^^^^^^^^^^^^^^

warning: `logicaffeine-tests` (test "e2e_zones") generated 5 warnings
warning: unused import: `assert_runs`
 --> crates/logicaffeine_tests/tests/e2e_concurrency.rs:6:25
  |
6 | use common::{run_logos, assert_runs, assert_output};
  |                         ^^^^^^^^^^^
  |
  = note: `#[warn(unused_imports)]` on by default

warning: `logicaffeine-tests` (test "e2e_concurrency") generated 6 warnings (5 duplicates) (run `cargo fix --test "e2e_concurrency"` to apply 1 suggestion)
warning: `logicaffeine-tests` (test "e2e_sets") generated 5 warnings (5 duplicates)
warning: function `empty_registry` is never used
  --> crates/logicaffeine_tests/tests/phase57_maps.rs:20:4
   |
20 | fn empty_registry(interner: &mut Interner) -> TypeRegistry {
   |    ^^^^^^^^^^^^^^
   |
   = note: `#[warn(dead_code)]` on by default

warning: `logicaffeine-tests` (test "phase57_maps") generated 1 warning
warning: unused import: `assert_runs`
  --> crates/logicaffeine_tests/tests/e2e_policy.rs:10:29
   |
10 | use common::{assert_output, assert_runs, assert_panics};
   |                             ^^^^^^^^^^^
   |
   = note: `#[warn(unused_imports)]` on by default

warning: function `assert_output` is never used
   --> crates/logicaffeine_tests/tests/common/mod.rs:275:8
    |
275 | pub fn assert_output(source: &str, expected: &str) {
    |        ^^^^^^^^^^^^^

warning: struct `CompileResult` is never constructed
   --> crates/logicaffeine_tests/tests/common/mod.rs:133:12
    |
133 | pub struct CompileResult {
    |            ^^^^^^^^^^^^^
    |
    = note: `#[warn(dead_code)]` on by default

warning: `logicaffeine-tests` (test "phase50_security") generated 6 warnings (6 duplicates)
warning: unused import: `std::thread`
   --> crates/logicaffeine_tests/tests/e2e_causal_consistency.rs:114:9
    |
114 |     use std::thread;
    |         ^^^^^^^^^^^
    |
    = note: `#[warn(unused_imports)]` on by default

warning: unused import: `std::time::Duration`
   --> crates/logicaffeine_tests/tests/e2e_causal_consistency.rs:115:9
    |
115 |     use std::time::Duration;
    |         ^^^^^^^^^^^^^^^^^^^

warning: variable does not need to be mutable
  --> crates/logicaffeine_tests/tests/e2e_causal_consistency.rs:79:9
   |
79 |     let mut child_a = Command::new(&result_a.binary_path)
   |         ----^^^^^^^
   |         |
   |         help: remove this `mut`
   |
   = note: `#[warn(unused_mut)]` on by default

warning: variable does not need to be mutable
  --> crates/logicaffeine_tests/tests/e2e_causal_consistency.rs:87:9
   |
87 |     let mut child_b = Command::new(&result_b.binary_path)
   |         ----^^^^^^^
   |         |
   |         help: remove this `mut`

warning: variable does not need to be mutable
   --> crates/logicaffeine_tests/tests/e2e_causal_consistency.rs:161:9
    |
161 |     let mut child_a = Command::new(&result_a.binary_path)
    |         ----^^^^^^^
    |         |
    |         help: remove this `mut`

warning: variable does not need to be mutable
   --> crates/logicaffeine_tests/tests/e2e_causal_consistency.rs:167:9
    |
167 |     let mut child_b = Command::new(&result_b.binary_path)
    |         ----^^^^^^^
    |         |
    |         help: remove this `mut`

warning: variable does not need to be mutable
   --> crates/logicaffeine_tests/tests/e2e_causal_consistency.rs:256:9
    |
256 |     let mut child_a = Command::new(&result_a.binary_path)
    |         ----^^^^^^^
    |         |
    |         help: remove this `mut`

warning: variable does not need to be mutable
   --> crates/logicaffeine_tests/tests/e2e_causal_consistency.rs:264:9
    |
264 |     let mut child_b = Command::new(&result_b.binary_path)
    |         ----^^^^^^^
    |         |
    |         help: remove this `mut`

warning: variable does not need to be mutable
   --> crates/logicaffeine_tests/tests/e2e_causal_consistency.rs:272:9
    |
272 |     let mut child_c = Command::new(&result_c.binary_path)
    |         ----^^^^^^^
    |         |
    |         help: remove this `mut`

warning: fields `stderr` and `rust_code` are never read
   --> crates/logicaffeine_tests/tests/common/mod.rs:135:9
    |
133 | pub struct CompileResult {
    |            ------------- fields in this struct
134 |     pub binary_path: std::path::PathBuf,
135 |     pub stderr: String,
    |         ^^^^^^
136 |     pub success: bool,
137 |     pub rust_code: String,
    |         ^^^^^^^^^

warning: `logicaffeine-tests` (test "e2e_causal_consistency") generated 14 warnings (4 duplicates) (run `cargo fix --test "e2e_causal_consistency"` to apply 9 suggestions)
warning: unexpected `cfg` condition value: `verification`
  --> crates/logicaffeine_tests/tests/phase62_oracle.rs:11:8
   |
11 | #![cfg(feature = "verification")]
   |        ^^^^^^^^^^^^^^^^^^^^^^^^ help: remove the condition
   |
   = note: no expected values for `feature`
   = help: consider adding `verification` as a feature in `Cargo.toml`
   = note: see <https://doc.rust-lang.org/nightly/rustc/check-cfg/cargo-specifics.html> for more information about checking conditional configuration
   = note: `#[warn(unexpected_cfgs)]` on by default

warning: `logicaffeine-tests` (test "e2e_policy") generated 6 warnings (5 duplicates) (run `cargo fix --test "e2e_policy"` to apply 1 suggestion)
warning: `logicaffeine-tests` (test "phase62_oracle") generated 1 warning
warning: `logicaffeine-tests` (test "e2e_logical") generated 5 warnings (5 duplicates)
warning: `logicaffeine-tests` (test "e2e_functions") generated 5 warnings (5 duplicates)
warning: `logicaffeine-tests` (test "e2e_primitives") generated 5 warnings (5 duplicates)
warning: `logicaffeine-tests` (test "phase46_agents") generated 6 warnings (6 duplicates)
warning: `logicaffeine-tests` (test "e2e_refinement") generated 5 warnings (5 duplicates)
warning: unused import: `common::assert_runs`
  --> crates/logicaffeine_tests/tests/e2e_control_flow.rs:72:5
   |
72 | use common::assert_runs;
   |     ^^^^^^^^^^^^^^^^^^^
   |
   = note: `#[warn(unused_imports)]` on by default

warning: unused import: `DerivationTree`
  --> crates/logicaffeine_tests/tests/phase68_auto_induction.rs:15:22
   |
15 |     BackwardChainer, DerivationTree, InferenceRule, ProofExpr, ProofTerm,
   |                      ^^^^^^^^^^^^^^
   |
   = note: `#[warn(unused_imports)]` on by default

warning: unused import: `logicaffeine_proof::unify::beta_reduce`
   --> crates/logicaffeine_tests/tests/phase68_auto_induction.rs:252:9
    |
252 |     use logicaffeine_proof::unify::beta_reduce;
    |         ^^^^^^^^^^^^^^^^^^^^^^^^^^^^^^^^^^^^^^

warning: `logicaffeine-tests` (test "e2e_control_flow") generated 6 warnings (5 duplicates) (run `cargo fix --test "e2e_control_flow"` to apply 1 suggestion)
warning: `logicaffeine-tests` (test "phase68_auto_induction") generated 2 warnings (run `cargo fix --test "phase68_auto_induction"` to apply 2 suggestions)
warning: `logicaffeine-tests` (test "e2e_types") generated 5 warnings (5 duplicates)
warning: `logicaffeine-tests` (test "phase_crdt_language") generated 6 warnings (5 duplicates)
warning: `logicaffeine-tests` (test "e2e_comparisons") generated 5 warnings (5 duplicates)
warning: unused import: `CompileError`
  --> crates/logicaffeine_tests/tests/diagnostic_bridge.rs:10:54
   |
10 | use logicaffeine_compile::compile::{compile_and_run, CompileError};
   |                                                      ^^^^^^^^^^^^
   |
   = note: `#[warn(unused_imports)]` on by default

warning: function `assert_friendly_error` is never used
  --> crates/logicaffeine_tests/tests/diagnostic_bridge.rs:23:4
   |
23 | fn assert_friendly_error(error: &str, expected_contains: &[&str], forbidden_patterns: &[&str]) {
   |    ^^^^^^^^^^^^^^^^^^^^^
   |
   = note: `#[warn(dead_code)]` on by default

warning: function `parse_to_view` is never used
  --> crates/logicaffeine_tests/tests/common/mod.rs:26:8
   |
26 | pub fn parse_to_view(input: &str) -> ExprView<'static> {
   |        ^^^^^^^^^^^^^

warning: `logicaffeine-tests` (test "diagnostic_bridge") generated 8 warnings (5 duplicates) (run `cargo fix --test "diagnostic_bridge"` to apply 1 suggestion)
warning: `logicaffeine-tests` (test "phase48_network") generated 6 warnings (6 duplicates)
warning: unused import: `Substitution`
  --> crates/logicaffeine_tests/tests/phase60_proof_engine.rs:17:46
   |
17 | use logicaffeine_proof::unify::{unify_terms, Substitution};
   |                                              ^^^^^^^^^^^^
   |
   = note: `#[warn(unused_imports)]` on by default

warning: `logicaffeine-tests` (test "phase60_proof_engine") generated 1 warning (run `cargo fix --test "phase60_proof_engine"` to apply 1 suggestion)
warning: `logicaffeine-tests` (test "e2e_edge_cases") generated 5 warnings (5 duplicates)
warning: unused import: `Merge`
   --> crates/logicaffeine_tests/tests/phase_crdt_orset.rs:244:35
    |
244 |     use logicaffeine_data::crdt::{Merge, ORSet};
    |                                   ^^^^^
    |
    = note: `#[warn(unused_imports)]` on by default

warning: `logicaffeine-tests` (test "phase_crdt_orset") generated 1 warning (run `cargo fix --test "phase_crdt_orset"` to apply 1 suggestion)
warning: unexpected `cfg` condition value: `verification`
 --> crates/logicaffeine_tests/tests/phase_verification.rs:6:8
  |
6 | #![cfg(feature = "verification")]
  |        ^^^^^^^^^^^^^^^^^^^^^^^^ help: remove the condition
  |
  = note: no expected values for `feature`
  = help: consider adding `verification` as a feature in `Cargo.toml`
  = note: see <https://doc.rust-lang.org/nightly/rustc/check-cfg/cargo-specifics.html> for more information about checking conditional configuration
  = note: `#[warn(unexpected_cfgs)]` on by default

warning: `logicaffeine-tests` (test "phase_verification") generated 1 warning
warning: `logicaffeine-tests` (test "phase_interpreter_policy") generated 4 warnings (4 duplicates)
warning: unused import: `std::thread`
   --> crates/logicaffeine_tests/tests/e2e_gossip_edge_cases.rs:119:9
    |
119 |     use std::thread;
    |         ^^^^^^^^^^^
    |
    = note: `#[warn(unused_imports)]` on by default

warning: unused import: `std::time::Duration`
   --> crates/logicaffeine_tests/tests/e2e_gossip_edge_cases.rs:120:9
    |
120 |     use std::time::Duration;
    |         ^^^^^^^^^^^^^^^^^^^

warning: `logicaffeine-tests` (test "aktionsart_tests") generated 5 warnings (4 duplicates)
warning: `logicaffeine-tests` (test "e2e_gossip_edge_cases") generated 7 warnings (5 duplicates) (run `cargo fix --test "e2e_gossip_edge_cases"` to apply 2 suggestions)
warning: `logicaffeine-tests` (test "e2e_iteration") generated 5 warnings (5 duplicates)
warning: `logicaffeine-tests` (test "phase54_concurrency") generated 6 warnings (6 duplicates)
warning: `logicaffeine-tests` (test "e2e_enums") generated 5 warnings (5 duplicates)
warning: `logicaffeine-tests` (test "e2e_mesh") generated 6 warnings (6 duplicates)
warning: `logicaffeine-tests` (test "e2e_integration") generated 5 warnings (5 duplicates)
warning: unused import: `Merge`
   --> crates/logicaffeine_tests/tests/phase_crdt_ormap.rs:176:47
    |
176 |     use logicaffeine_data::crdt::{MVRegister, Merge, ORMap};
    |                                               ^^^^^
    |
    = note: `#[warn(unused_imports)]` on by default

warning: `logicaffeine-tests` (test "phase_crdt_ormap") generated 1 warning (run `cargo fix --test "phase_crdt_ormap"` to apply 1 suggestion)
warning: `logicaffeine-tests` (test "phase_interpreter_crdt") generated 4 warnings (4 duplicates)
warning: unexpected `cfg` condition value: `verification`
 --> crates/logicaffeine_tests/tests/phase_totality.rs:6:7
  |
6 | #[cfg(feature = "verification")]
  |       ^^^^^^^^^^^^^^^^^^^^^^^^ help: remove the condition
  |
  = note: no expected values for `feature`
  = help: consider adding `verification` as a feature in `Cargo.toml`
  = note: see <https://doc.rust-lang.org/nightly/rustc/check-cfg/cargo-specifics.html> for more information about checking conditional configuration
  = note: `#[warn(unexpected_cfgs)]` on by default

warning: unexpected `cfg` condition value: `verification`
  --> crates/logicaffeine_tests/tests/phase_totality.rs:10:7
   |
10 | #[cfg(feature = "verification")]
   |       ^^^^^^^^^^^^^^^^^^^^^^^^ help: remove the condition
   |
   = note: no expected values for `feature`
   = help: consider adding `verification` as a feature in `Cargo.toml`
   = note: see <https://doc.rust-lang.org/nightly/rustc/check-cfg/cargo-specifics.html> for more information about checking conditional configuration

warning: unexpected `cfg` condition value: `verification`
  --> crates/logicaffeine_tests/tests/phase_totality.rs:22:7
   |
22 | #[cfg(feature = "verification")]
   |       ^^^^^^^^^^^^^^^^^^^^^^^^ help: remove the condition
   |
   = note: no expected values for `feature`
   = help: consider adding `verification` as a feature in `Cargo.toml`
   = note: see <https://doc.rust-lang.org/nightly/rustc/check-cfg/cargo-specifics.html> for more information about checking conditional configuration

warning: unexpected `cfg` condition value: `verification`
  --> crates/logicaffeine_tests/tests/phase_totality.rs:37:7
   |
37 | #[cfg(feature = "verification")]
   |       ^^^^^^^^^^^^^^^^^^^^^^^^ help: remove the condition
   |
   = note: no expected values for `feature`
   = help: consider adding `verification` as a feature in `Cargo.toml`
   = note: see <https://doc.rust-lang.org/nightly/rustc/check-cfg/cargo-specifics.html> for more information about checking conditional configuration

warning: unexpected `cfg` condition value: `verification`
  --> crates/logicaffeine_tests/tests/phase_totality.rs:49:7
   |
49 | #[cfg(feature = "verification")]
   |       ^^^^^^^^^^^^^^^^^^^^^^^^ help: remove the condition
   |
   = note: no expected values for `feature`
   = help: consider adding `verification` as a feature in `Cargo.toml`
   = note: see <https://doc.rust-lang.org/nightly/rustc/check-cfg/cargo-specifics.html> for more information about checking conditional configuration

warning: unexpected `cfg` condition value: `verification`
  --> crates/logicaffeine_tests/tests/phase_totality.rs:61:7
   |
61 | #[cfg(feature = "verification")]
   |       ^^^^^^^^^^^^^^^^^^^^^^^^ help: remove the condition
   |
   = note: no expected values for `feature`
   = help: consider adding `verification` as a feature in `Cargo.toml`
   = note: see <https://doc.rust-lang.org/nightly/rustc/check-cfg/cargo-specifics.html> for more information about checking conditional configuration

warning: unexpected `cfg` condition value: `verification`
  --> crates/logicaffeine_tests/tests/phase_totality.rs:75:7
   |
75 | #[cfg(feature = "verification")]
   |       ^^^^^^^^^^^^^^^^^^^^^^^^ help: remove the condition
   |
   = note: no expected values for `feature`
   = help: consider adding `verification` as a feature in `Cargo.toml`
   = note: see <https://doc.rust-lang.org/nightly/rustc/check-cfg/cargo-specifics.html> for more information about checking conditional configuration

warning: `logicaffeine-tests` (test "phase_totality") generated 7 warnings
warning: unused import: `logicaffeine_language::mwe`
 --> crates/logicaffeine_tests/tests/phase32_functions.rs:9:5
  |
9 | use logicaffeine_language::mwe;
  |     ^^^^^^^^^^^^^^^^^^^^^^^^^^
  |
  = note: `#[warn(unused_imports)]` on by default

warning: `logicaffeine-tests` (test "phase32_functions") generated 1 warning (run `cargo fix --test "phase32_functions"` to apply 1 suggestion)
warning: unused variable: `has_say_with_one_arg`
  --> crates/logicaffeine_tests/tests/phase5_wh_movement.rs:56:9
   |
56 |     let has_say_with_one_arg = output.contains("S(J)") || output.contains("Say(J)");
   |         ^^^^^^^^^^^^^^^^^^^^ help: if this is intentional, prefix it with an underscore: `_has_say_with_one_arg`
   |
   = note: `#[warn(unused_variables)]` on by default

warning: `logicaffeine-tests` (test "phase5_wh_movement") generated 1 warning
warning: unused variable: `body_type`
  --> crates/logicaffeine_tests/tests/phase70b_elimination.rs:83:13
   |
83 |             body_type,
   |             ^^^^^^^^^-
   |             |
   |             help: try removing the field
   |
   = note: `#[warn(unused_variables)]` on by default

warning: `logicaffeine-tests` (test "phase70b_elimination") generated 1 warning (run `cargo fix --test "phase70b_elimination"` to apply 1 suggestion)
warning: `logicaffeine-tests` (test "phase102_bridge") generated 5 warnings (5 duplicates)
warning: `logicaffeine-tests` (test "e2e_variables") generated 5 warnings (5 duplicates)
warning: `logicaffeine-tests` (test "phase49_crdt") generated 6 warnings (6 duplicates)
warning: unused import: `assert_output`
  --> crates/logicaffeine_tests/tests/e2e_studio_examples.rs:12:14
   |
12 | use common::{assert_output, run_logos};
   |              ^^^^^^^^^^^^^
   |
   = note: `#[warn(unused_imports)]` on by default

warning: `logicaffeine-tests` (test "e2e_studio_examples") generated 6 warnings (5 duplicates) (run `cargo fix --test "e2e_studio_examples"` to apply 1 suggestion)
warning: `logicaffeine-tests` (test "phase10_io") generated 6 warnings (6 duplicates)
warning: variable does not need to be mutable
  --> crates/logicaffeine_tests/tests/e2e_gossip.rs:72:9
   |
72 |     let mut child_a = Command::new(&result_a.binary_path)
   |         ----^^^^^^^
   |         |
   |         help: remove this `mut`
   |
   = note: `#[warn(unused_mut)]` on by default

warning: variable does not need to be mutable
  --> crates/logicaffeine_tests/tests/e2e_gossip.rs:81:9
   |
81 |     let mut child_b = Command::new(&result_b.binary_path)
   |         ----^^^^^^^
   |         |
   |         help: remove this `mut`

warning: field `rust_code` is never read
   --> crates/logicaffeine_tests/tests/common/mod.rs:137:9
    |
133 | pub struct CompileResult {
    |            ------------- field in this struct
...
137 |     pub rust_code: String,
    |         ^^^^^^^^^

warning: `logicaffeine-tests` (test "e2e_expressions") generated 5 warnings (5 duplicates)
warning: unused import: `std::io::Write`
   --> crates/logicaffeine_tests/tests/grand_challenge_mergesort.rs:297:9
    |
297 |     use std::io::Write;
    |         ^^^^^^^^^^^^^^
    |
    = note: `#[warn(unused_imports)]` on by default

warning: `logicaffeine-tests` (test "grand_challenge_mergesort") generated 1 warning (run `cargo fix --test "grand_challenge_mergesort"` to apply 1 suggestion)
warning: unused import: `compile_all_scopes`
 --> crates/logicaffeine_tests/tests/modal_scope_tests.rs:1:54
  |
1 | use logicaffeine_language::{compile, compile_simple, compile_all_scopes, compile_forest};
  |                                                      ^^^^^^^^^^^^^^^^^^
  |
  = note: `#[warn(unused_imports)]` on by default

warning: `logicaffeine-tests` (test "modal_scope_tests") generated 1 warning (run `cargo fix --test "modal_scope_tests"` to apply 1 suggestion)
warning: unexpected `cfg` condition value: `cli`
 --> crates/logicaffeine_tests/tests/phase37_cli.rs:7:8
  |
7 | #![cfg(feature = "cli")]
  |        ^^^^^^^^^^^^^^^ help: remove the condition
  |
  = note: no expected values for `feature`
  = help: consider adding `cli` as a feature in `Cargo.toml`
  = note: see <https://doc.rust-lang.org/nightly/rustc/check-cfg/cargo-specifics.html> for more information about checking conditional configuration
  = note: `#[warn(unexpected_cfgs)]` on by default

warning: `logicaffeine-tests` (test "phase37_cli") generated 1 warning
warning: `logicaffeine-tests` (test "e2e_maps") generated 6 warnings (6 duplicates)
warning: `logicaffeine-tests` (test "e2e_gossip") generated 7 warnings (4 duplicates) (run `cargo fix --test "e2e_gossip"` to apply 2 suggestions)
warning: `logicaffeine-tests` (test "e2e_crdt") generated 5 warnings (5 duplicates)
warning: `logicaffeine-tests` (test "phase52_sync") generated 6 warnings (6 duplicates)
warning: unused import: `std::thread`
   --> crates/logicaffeine_tests/tests/e2e_network_partition.rs:126:9
    |
126 |     use std::thread;
    |         ^^^^^^^^^^^
    |
    = note: `#[warn(unused_imports)]` on by default

warning: unused import: `std::time::Duration`
   --> crates/logicaffeine_tests/tests/e2e_network_partition.rs:127:9
    |
127 |     use std::time::Duration;
    |         ^^^^^^^^^^^^^^^^^^^

warning: variable does not need to be mutable
  --> crates/logicaffeine_tests/tests/e2e_network_partition.rs:85:9
   |
85 |     let mut child_a = Command::new(&result_a.binary_path)
   |         ----^^^^^^^
   |         |
   |         help: remove this `mut`
   |
   = note: `#[warn(unused_mut)]` on by default

warning: variable does not need to be mutable
  --> crates/logicaffeine_tests/tests/e2e_network_partition.rs:93:9
   |
93 |     let mut child_b = Command::new(&result_b.binary_path)
   |         ----^^^^^^^
   |         |
   |         help: remove this `mut`

warning: variable does not need to be mutable
   --> crates/logicaffeine_tests/tests/e2e_network_partition.rs:181:9
    |
181 |     let mut child_a = Command::new(&result_a.binary_path)
    |         ----^^^^^^^
    |         |
    |         help: remove this `mut`

warning: variable does not need to be mutable
   --> crates/logicaffeine_tests/tests/e2e_network_partition.rs:187:9
    |
187 |     let mut child_b = Command::new(&result_b.binary_path)
    |         ----^^^^^^^
    |         |
    |         help: remove this `mut`

warning: variable does not need to be mutable
   --> crates/logicaffeine_tests/tests/e2e_network_partition.rs:259:9
    |
259 |     let mut child_a = Command::new(&result_a.binary_path)
    |         ----^^^^^^^
    |         |
    |         help: remove this `mut`

warning: variable does not need to be mutable
   --> crates/logicaffeine_tests/tests/e2e_network_partition.rs:268:9
    |
268 |     let mut child_b = Command::new(&result_b.binary_path)
    |         ----^^^^^^^
    |         |
    |         help: remove this `mut`

warning: variable does not need to be mutable
   --> crates/logicaffeine_tests/tests/e2e_network_partition.rs:348:9
    |
348 |     let mut child_a = Command::new(&result_a.binary_path)
    |         ----^^^^^^^
    |         |
    |         help: remove this `mut`

warning: variable does not need to be mutable
   --> crates/logicaffeine_tests/tests/e2e_network_partition.rs:356:9
    |
356 |     let mut child_b = Command::new(&result_b.binary_path)
    |         ----^^^^^^^
    |         |
    |         help: remove this `mut`

warning: `logicaffeine-tests` (test "e2e_network_partition") generated 15 warnings (5 duplicates) (run `cargo fix --test "e2e_network_partition"` to apply 10 suggestions)
warning: unused import: `compile_with_world_state`
 --> crates/logicaffeine_tests/tests/integration_tests.rs:6:58
  |
6 | use logicaffeine_language::{compile, compile_all_scopes, compile_with_world_state, compile_with_discourse, compile_discourse, compile_amb...
  |                                                          ^^^^^^^^^^^^^^^^^^^^^^^^
  |
  = note: `#[warn(unused_imports)]` on by default

warning: `logicaffeine-tests` (test "integration_tests") generated 6 warnings (5 duplicates) (run `cargo fix --test "integration_tests"` to apply 1 suggestion)
warning: `logicaffeine-tests` (test "phase_interpreter_string_concat") generated 4 warnings (4 duplicates)
warning: unused variable: `has_passive`
   --> crates/logicaffeine_tests/tests/torture_tests.rs:514:17
    |
514 |             let has_passive = output.contains("Pass") || output.contains("Agent");
    |                 ^^^^^^^^^^^ help: if this is intentional, prefix it with an underscore: `_has_passive`
    |
    = note: `#[warn(unused_variables)]` on by default

warning: `logicaffeine-tests` (test "torture_tests") generated 1 warning
warning: `logicaffeine-tests` (test "phase_crdt_variants") generated 5 warnings (5 duplicates)
warning: `logicaffeine-tests` (test "phase85_zones") generated 6 warnings (6 duplicates)
warning: `logicaffeine-tests` (test "phase9_structured_concurrency") generated 6 warnings (6 duplicates)
warning: `logicaffeine-tests` (test "e2e_tuples") generated 5 warnings (5 duplicates)
warning: function `empty_registry` is never used
  --> crates/logicaffeine_tests/tests/phase24_codegen.rs:29:4
   |
29 | fn empty_registry(interner: &mut Interner) -> TypeRegistry {
   |    ^^^^^^^^^^^^^^
   |
   = note: `#[warn(dead_code)]` on by default

warning: `logicaffeine-tests` (test "phase24_codegen") generated 1 warning
warning: function `assert_delta_crdt` is never used
   --> crates/logicaffeine_tests/tests/phase_crdt_causal.rs:368:8
    |
368 |     fn assert_delta_crdt<T: DeltaCrdt>() {}
    |        ^^^^^^^^^^^^^^^^^
    |
    = note: `#[warn(dead_code)]` on by default

warning: `logicaffeine-tests` (test "phase_crdt_causal") generated 1 warning
warning: unused import: `DerivationTree`
  --> crates/logicaffeine_tests/tests/phase61_induction.rs:14:22
   |
14 |     BackwardChainer, DerivationTree, InferenceRule, MatchArm, ProofExpr, ProofTerm,
   |                      ^^^^^^^^^^^^^^
   |
   = note: `#[warn(unused_imports)]` on by default

warning: unused import: `logicaffeine_proof::error::ProofError`
  --> crates/logicaffeine_tests/tests/phase61_induction.rs:16:5
   |
16 | use logicaffeine_proof::error::ProofError;
   |     ^^^^^^^^^^^^^^^^^^^^^^^^^^^^^^^^^^^^^

warning: `logicaffeine-tests` (test "phase61_induction") generated 2 warnings (run `cargo fix --test "phase61_induction"` to apply 2 suggestions)
warning: unexpected `cfg` condition value: `verification`
 --> crates/logicaffeine_tests/tests/phase_verification_refinement.rs:6:7
  |
6 | #[cfg(feature = "verification")]
  |       ^^^^^^^^^^^^^^^^^^^^^^^^ help: remove the condition
  |
  = note: no expected values for `feature`
  = help: consider adding `verification` as a feature in `Cargo.toml`
  = note: see <https://doc.rust-lang.org/nightly/rustc/check-cfg/cargo-specifics.html> for more information about checking conditional configuration
  = note: `#[warn(unexpected_cfgs)]` on by default

warning: unexpected `cfg` condition value: `verification`
  --> crates/logicaffeine_tests/tests/phase_verification_refinement.rs:10:7
   |
10 | #[cfg(feature = "verification")]
   |       ^^^^^^^^^^^^^^^^^^^^^^^^ help: remove the condition
   |
   = note: no expected values for `feature`
   = help: consider adding `verification` as a feature in `Cargo.toml`
   = note: see <https://doc.rust-lang.org/nightly/rustc/check-cfg/cargo-specifics.html> for more information about checking conditional configuration

warning: unexpected `cfg` condition value: `verification`
  --> crates/logicaffeine_tests/tests/phase_verification_refinement.rs:18:7
   |
18 | #[cfg(feature = "verification")]
   |       ^^^^^^^^^^^^^^^^^^^^^^^^ help: remove the condition
   |
   = note: no expected values for `feature`
   = help: consider adding `verification` as a feature in `Cargo.toml`
   = note: see <https://doc.rust-lang.org/nightly/rustc/check-cfg/cargo-specifics.html> for more information about checking conditional configuration

warning: unexpected `cfg` condition value: `verification`
  --> crates/logicaffeine_tests/tests/phase_verification_refinement.rs:33:7
   |
33 | #[cfg(feature = "verification")]
   |       ^^^^^^^^^^^^^^^^^^^^^^^^ help: remove the condition
   |
   = note: no expected values for `feature`
   = help: consider adding `verification` as a feature in `Cargo.toml`
   = note: see <https://doc.rust-lang.org/nightly/rustc/check-cfg/cargo-specifics.html> for more information about checking conditional configuration

warning: unexpected `cfg` condition value: `verification`
  --> crates/logicaffeine_tests/tests/phase_verification_refinement.rs:41:7
   |
41 | #[cfg(feature = "verification")]
   |       ^^^^^^^^^^^^^^^^^^^^^^^^ help: remove the condition
   |
   = note: no expected values for `feature`
   = help: consider adding `verification` as a feature in `Cargo.toml`
   = note: see <https://doc.rust-lang.org/nightly/rustc/check-cfg/cargo-specifics.html> for more information about checking conditional configuration

warning: unexpected `cfg` condition value: `verification`
  --> crates/logicaffeine_tests/tests/phase_verification_refinement.rs:49:7
   |
49 | #[cfg(feature = "verification")]
   |       ^^^^^^^^^^^^^^^^^^^^^^^^ help: remove the condition
   |
   = note: no expected values for `feature`
   = help: consider adding `verification` as a feature in `Cargo.toml`
   = note: see <https://doc.rust-lang.org/nightly/rustc/check-cfg/cargo-specifics.html> for more information about checking conditional configuration

warning: unexpected `cfg` condition value: `verification`
  --> crates/logicaffeine_tests/tests/phase_verification_refinement.rs:57:7
   |
57 | #[cfg(feature = "verification")]
   |       ^^^^^^^^^^^^^^^^^^^^^^^^ help: remove the condition
   |
   = note: no expected values for `feature`
   = help: consider adding `verification` as a feature in `Cargo.toml`
   = note: see <https://doc.rust-lang.org/nightly/rustc/check-cfg/cargo-specifics.html> for more information about checking conditional configuration

warning: unexpected `cfg` condition value: `verification`
  --> crates/logicaffeine_tests/tests/phase_verification_refinement.rs:65:7
   |
65 | #[cfg(feature = "verification")]
   |       ^^^^^^^^^^^^^^^^^^^^^^^^ help: remove the condition
   |
   = note: no expected values for `feature`
   = help: consider adding `verification` as a feature in `Cargo.toml`
   = note: see <https://doc.rust-lang.org/nightly/rustc/check-cfg/cargo-specifics.html> for more information about checking conditional configuration

warning: unexpected `cfg` condition value: `verification`
  --> crates/logicaffeine_tests/tests/phase_verification_refinement.rs:74:7
   |
74 | #[cfg(feature = "verification")]
   |       ^^^^^^^^^^^^^^^^^^^^^^^^ help: remove the condition
   |
   = note: no expected values for `feature`
   = help: consider adding `verification` as a feature in `Cargo.toml`
   = note: see <https://doc.rust-lang.org/nightly/rustc/check-cfg/cargo-specifics.html> for more information about checking conditional configuration

warning: unexpected `cfg` condition value: `verification`
  --> crates/logicaffeine_tests/tests/phase_verification_refinement.rs:82:7
   |
82 | #[cfg(feature = "verification")]
   |       ^^^^^^^^^^^^^^^^^^^^^^^^ help: remove the condition
   |
   = note: no expected values for `feature`
   = help: consider adding `verification` as a feature in `Cargo.toml`
   = note: see <https://doc.rust-lang.org/nightly/rustc/check-cfg/cargo-specifics.html> for more information about checking conditional configuration

warning: unexpected `cfg` condition value: `verification`
  --> crates/logicaffeine_tests/tests/phase_verification_refinement.rs:90:7
   |
90 | #[cfg(feature = "verification")]
   |       ^^^^^^^^^^^^^^^^^^^^^^^^ help: remove the condition
   |
   = note: no expected values for `feature`
   = help: consider adding `verification` as a feature in `Cargo.toml`
   = note: see <https://doc.rust-lang.org/nightly/rustc/check-cfg/cargo-specifics.html> for more information about checking conditional configuration

warning: unexpected `cfg` condition value: `verification`
  --> crates/logicaffeine_tests/tests/phase_verification_refinement.rs:98:7
   |
98 | #[cfg(feature = "verification")]
   |       ^^^^^^^^^^^^^^^^^^^^^^^^ help: remove the condition
   |
   = note: no expected values for `feature`
   = help: consider adding `verification` as a feature in `Cargo.toml`
   = note: see <https://doc.rust-lang.org/nightly/rustc/check-cfg/cargo-specifics.html> for more information about checking conditional configuration

warning: unexpected `cfg` condition value: `verification`
   --> crates/logicaffeine_tests/tests/phase_verification_refinement.rs:106:7
    |
106 | #[cfg(feature = "verification")]
    |       ^^^^^^^^^^^^^^^^^^^^^^^^ help: remove the condition
    |
    = note: no expected values for `feature`
    = help: consider adding `verification` as a feature in `Cargo.toml`
    = note: see <https://doc.rust-lang.org/nightly/rustc/check-cfg/cargo-specifics.html> for more information about checking conditional configuration

warning: `logicaffeine-tests` (test "phase_verification_refinement") generated 13 warnings
warning: `logicaffeine-tests` (test "e2e_structs") generated 5 warnings (5 duplicates)
warning: `logicaffeine-tests` (test "phase53_persistence") generated 6 warnings (6 duplicates)
warning: unused import: `Token`
 --> crates/logicaffeine_tests/tests/phase22_equals.rs:2:36
  |
2 | use logicaffeine_language::{Lexer, Token, TokenType};
  |                                    ^^^^^
  |
  = note: `#[warn(unused_imports)]` on by default

warning: `logicaffeine-tests` (test "phase22_equals") generated 1 warning (run `cargo fix --test "phase22_equals"` to apply 1 suggestion)
warning: unused import: `Term`
  --> crates/logicaffeine_tests/tests/phase80_equality_rewriting.rs:18:39
   |
18 | use logicaffeine_kernel::{infer_type, Term};
   |                                       ^^^^
   |
   = note: `#[warn(unused_imports)]` on by default

warning: unused import: `std::thread`
   --> crates/logicaffeine_tests/tests/e2e_multi_node.rs:238:9
    |
238 |     use std::thread;
    |         ^^^^^^^^^^^
    |
    = note: `#[warn(unused_imports)]` on by default

warning: unused import: `std::time::Duration`
   --> crates/logicaffeine_tests/tests/e2e_multi_node.rs:239:9
    |
239 |     use std::time::Duration;
    |         ^^^^^^^^^^^^^^^^^^^

warning: variable does not need to be mutable
   --> crates/logicaffeine_tests/tests/e2e_multi_node.rs:105:9
    |
105 |     let mut child_a = Command::new(&result_a.binary_path)
    |         ----^^^^^^^
    |         |
    |         help: remove this `mut`
    |
    = note: `#[warn(unused_mut)]` on by default

warning: variable does not need to be mutable
   --> crates/logicaffeine_tests/tests/e2e_multi_node.rs:113:9
    |
113 |     let mut child_b = Command::new(&result_b.binary_path)
    |         ----^^^^^^^
    |         |
    |         help: remove this `mut`

warning: variable does not need to be mutable
   --> crates/logicaffeine_tests/tests/e2e_multi_node.rs:121:9
    |
121 |     let mut child_c = Command::new(&result_c.binary_path)
    |         ----^^^^^^^
    |         |
    |         help: remove this `mut`

warning: variable does not need to be mutable
   --> crates/logicaffeine_tests/tests/e2e_multi_node.rs:203:9
    |
203 |     let mut child_a = Command::new(&result_a.binary_path)
    |         ----^^^^^^^
    |         |
    |         help: remove this `mut`

warning: variable does not need to be mutable
   --> crates/logicaffeine_tests/tests/e2e_multi_node.rs:212:9
    |
212 |     let mut child_b = Command::new(&result_b.binary_path)
    |         ----^^^^^^^
    |         |
    |         help: remove this `mut`

warning: variable does not need to be mutable
   --> crates/logicaffeine_tests/tests/e2e_multi_node.rs:299:9
    |
299 |     let mut child_a = Command::new(&result_a.binary_path)
    |         ----^^^^^^^
    |         |
    |         help: remove this `mut`

warning: variable does not need to be mutable
   --> crates/logicaffeine_tests/tests/e2e_multi_node.rs:305:9
    |
305 |     let mut child_b = Command::new(&result_b.binary_path)
    |         ----^^^^^^^
    |         |
    |         help: remove this `mut`

warning: variable does not need to be mutable
   --> crates/logicaffeine_tests/tests/e2e_multi_node.rs:311:9
    |
311 |     let mut child_c = Command::new(&result_c.binary_path)
    |         ----^^^^^^^
    |         |
    |         help: remove this `mut`

warning: `logicaffeine-tests` (test "e2e_multi_node") generated 15 warnings (5 duplicates) (run `cargo fix --test "e2e_multi_node"` to apply 10 suggestions)
warning: variable does not need to be mutable
   --> crates/logicaffeine_compile/src/analysis/escape.rs:325:13
    |
325 |         let mut interner = Interner::new();
    |             ----^^^^^^^^
    |             |
    |             help: remove this `mut`
    |
    = note: `#[warn(unused_mut)]` on by default

warning: `logicaffeine-compile` (lib test) generated 5 warnings (4 duplicates) (run `cargo fix --lib -p logicaffeine-compile --tests` to apply 1 suggestion)
warning: field `pause_receive` is never read
   --> crates/logicaffeine_system/src/network/mesh.rs:742:13
    |
740 |     pub struct MeshTestControl {
    |                --------------- field in this struct
741 |         pub pause_publish: AtomicBool,
742 |         pub pause_receive: AtomicBool,
    |             ^^^^^^^^^^^^^
    |
    = note: `#[warn(dead_code)]` on by default

warning: function `pause_network` is never used
   --> crates/logicaffeine_system/src/network/mesh.rs:756:12
    |
756 |     pub fn pause_network() {
    |            ^^^^^^^^^^^^^

warning: function `resume_network` is never used
   --> crates/logicaffeine_system/src/network/mesh.rs:760:12
    |
760 |     pub fn resume_network() {
    |            ^^^^^^^^^^^^^^

warning: function `get_retry_count` is never used
   --> crates/logicaffeine_system/src/network/mesh.rs:772:12
    |
772 |     pub fn get_retry_count() -> u32 {
    |            ^^^^^^^^^^^^^^^

warning: function `reset_retry_count` is never used
   --> crates/logicaffeine_system/src/network/mesh.rs:776:12
    |
776 |     pub fn reset_retry_count() {
    |            ^^^^^^^^^^^^^^^^^

warning: `logicaffeine-system` (lib test) generated 5 warnings
warning: method `try_parse_binary_op` is never used
    --> crates/logicaffeine_language/src/parser/mod.rs:4748:8
     |
210  | impl<'a, 'ctx, 'int> Parser<'a, 'ctx, 'int> {
     | ------------------------------------------- method in this implementation
...
4748 |     fn try_parse_binary_op(&mut self) -> Option<BinaryOpKind> {
     |        ^^^^^^^^^^^^^^^^^^^

warning: `logicaffeine-language` (lib test) generated 28 warnings (27 duplicates)
warning: `logicaffeine-proof` (lib test) generated 16 warnings (16 duplicates)
warning: unused variable: `mid`
    --> crates/logicaffeine_kernel/src/interface/literate_parser.rs:2506:30
     |
2506 |             if let Term::App(mid, lhs) = *outer {
     |                              ^^^ help: if this is intentional, prefix it with an underscore: `_mid`

warning: unused variable: `xp1`
   --> crates/logicaffeine_kernel/src/lia.rs:732:13
    |
732 |         let xp1 = x.add(&one);
    |             ^^^ help: if this is intentional, prefix it with an underscore: `_xp1`

warning: `logicaffeine-kernel` (lib test) generated 14 warnings (12 duplicates)
warning: `logicaffeine-tests` (test "e2e_collections") generated 5 warnings (5 duplicates)
warning: `logicaffeine-tests` (test "phase80_equality_rewriting") generated 1 warning (run `cargo fix --test "phase80_equality_rewriting"` to apply 1 suggestion)
warning: `logicaffeine-tests` (test "phase51_mesh") generated 6 warnings (6 duplicates)
warning: `logicaffeine-tests` (test "phase103_generics") generated 5 warnings (5 duplicates)
warning: `logicaffeine-tests` (test "phase_interpreter_features") generated 4 warnings (4 duplicates)
    Finished `test` profile [unoptimized + debuginfo] target(s) in 3m 26s
     Running unittests src/lib.rs (target/debug/deps/logicaffeine_base-ef2b2edb62826035)

running 26 tests
test arena::tests::alloc_empty_slice ... ok
test arena::tests::alloc_slice_from_vec ... ok
test arena::tests::alloc_slice_works ... ok
test arena::tests::alloc_returns_stable_reference ... ok
test arena::tests::works_with_structs ... ok
test intern::tests::empty_symbol_resolves_to_empty_string ... ok
test error::tests::spanned_error_display ... ok
test intern::tests::intern_returns_different_symbols_for_different_strings ... ok
test intern::tests::intern_returns_same_symbol_for_same_string ... ok
test intern::tests::is_empty_after_new ... ok
test intern::tests::len_tracks_interned_count ... ok
test intern::tests::resolve_returns_original_string ... ok
test intern::tests::not_empty_after_intern ... ok
test intern::tests::symbol_empty_is_empty_string ... ok
test intern::tests::symbol_equality_is_fast ... ok
test intern::tests::symbol_index_matches_position ... ok
test intern::tests::symbol_is_case_sensitive ... ok
test intern::tests::symbol_is_matches_interned_string ... ok
test intern::tests::symbol_is_rejects_different_string ... ok
test span::tests::span_default_is_zero ... ok
test intern::tests::symbols_are_copy ... ok
test span::tests::span_is_empty_for_zero_length ... ok
test span::tests::span_len_returns_size ... ok
test span::tests::span_merge_combines_ranges ... ok
test span::tests::span_new_stores_positions ... ok
test arena::tests::references_remain_valid_after_many_allocations ... ok

test result: ok. 26 passed; 0 failed; 0 ignored; 0 measured; 0 filtered out; finished in 0.00s

     Running unittests src/lib.rs (target/debug/deps/logicaffeine_cli-4d2cbdeb818a2f6d)

running 6 tests
test project::manifest::tests::create_new_manifest ... ok
test project::manifest::tests::parse_minimal_manifest ... ok
test project::manifest::tests::parse_path_dependency ... ok
test project::manifest::tests::parse_full_manifest ... ok
test project::build::tests::find_project_root_returns_none_if_not_found ... ok
test project::build::tests::find_project_root_finds_largo_toml ... ok

test result: ok. 6 passed; 0 failed; 0 ignored; 0 measured; 0 filtered out; finished in 0.00s

     Running unittests src/main.rs (target/debug/deps/largo-f0c15ebe2203a45a)

running 0 tests

test result: ok. 0 passed; 0 failed; 0 ignored; 0 measured; 0 filtered out; finished in 0.00s

     Running unittests src/lib.rs (target/debug/deps/logicaffeine_compile-5ea2bb1f8e6f2a8e)

running 21 tests
test analysis::ownership::tests::test_ownership_checker_basic ... ok
test analysis::escape::tests::test_escape_checker_basic ... ok
test codegen::tests::test_literal_boolean ... ok
test codegen::tests::test_literal_number ... ok
test codegen::tests::test_literal_nothing ... ok
test diagnostic::tests::extract_var_from_message_works ... ok
test diagnostic::tests::translate_e0597_creates_hotel_california_error ... ok
test diagnostic::tests::translate_e0382_creates_friendly_error ... ok
test diagnostic::tests::parse_rustc_json_extracts_errors ... ok
test loader::tests::test_logos_core_scheme ... ok
test loader::tests::test_logos_std_scheme ... ok
test loader::tests::test_unknown_intrinsic ... ok
test sourcemap::tests::find_nearest_span_searches_nearby ... ok
test sourcemap::tests::source_map_builder_records_spans ... ok
test sourcemap::tests::source_map_builder_tracks_lines ... ok
test sourcemap::tests::source_map_stores_line_mappings ... ok
test compile::tests::test_compile_return_statement ... ok
test compile::tests::test_compile_let_statement ... ok
test loader::tests::test_missing_file ... ok
test loader::tests::test_caching ... ok
test loader::tests::test_file_scheme_resolution ... ok

test result: ok. 21 passed; 0 failed; 0 ignored; 0 measured; 0 filtered out; finished in 0.00s

     Running unittests src/lib.rs (target/debug/deps/logicaffeine_data-f8afa6db810ee8f8)

running 62 tests
test crdt::causal::dot::tests::test_dot_creation ... ok
test crdt::causal::dot::tests::test_dot_equality ... ok
test crdt::causal::context::tests::test_context_new ... ok
test crdt::causal::context::tests::test_context_next ... ok
test crdt::causal::dot::tests::test_dot_hash ... ok
test crdt::causal::context::tests::test_context_add_out_of_order ... ok
test crdt::causal::vclock::tests::test_vclock_concurrent ... ok
test crdt::causal::context::tests::test_context_add_contiguous ... ok
test crdt::causal::vclock::tests::test_vclock_increment ... ok
test crdt::causal::vclock::tests::test_vclock_dominates ... ok
test crdt::causal::context::tests::test_context_merge ... ok
test crdt::causal::vclock::tests::test_vclock_merge ... ok
test crdt::causal::vclock::tests::test_vclock_new ... ok
test crdt::delta_buffer::tests::test_buffer_multiple_deltas ... ok
test crdt::delta_buffer::tests::test_buffer_new ... ok
test crdt::delta_buffer::tests::test_buffer_overflow ... ok
test crdt::delta_buffer::tests::test_buffer_overflow_partial ... ok
test crdt::delta_buffer::tests::test_buffer_push_and_retrieve ... ok
test crdt::delta_buffer::tests::test_buffer_since_version ... ok
test crdt::gcounter::tests::test_gcounter_increment ... ok
test crdt::gcounter::tests::test_gcounter_merge_commutative ... ok
test crdt::gcounter::tests::test_gcounter_merge_disjoint ... ok
test crdt::gcounter::tests::test_gcounter_merge_idempotent ... ok
test crdt::gcounter::tests::test_gcounter_merge_same_replica ... ok
test crdt::gcounter::tests::test_gcounter_new ... ok
test crdt::lww::tests::test_lww_merge_idempotent ... ok
test crdt::lww::tests::test_lww_merge_newer_wins ... ok
test crdt::lww::tests::test_lww_merge_older_loses ... ok
test crdt::lww::tests::test_lww_new ... ok
test crdt::lww::tests::test_lww_set ... ok
test crdt::lww::tests::test_lww_with_bool ... ok
test crdt::lww::tests::test_lww_with_int ... ok
test crdt::mvregister::tests::test_mvregister_concurrent ... ok
test crdt::mvregister::tests::test_mvregister_new ... ok
test crdt::mvregister::tests::test_mvregister_resolve ... ok
test crdt::mvregister::tests::test_mvregister_set_get ... ok
test crdt::ormap::tests::test_ormap_concurrent_update ... ok
test crdt::ormap::tests::test_ormap_get_or_insert ... ok
test crdt::ormap::tests::test_ormap_remove ... ok
test crdt::orset::tests::test_orset_add_contains ... ok
test crdt::orset::tests::test_orset_add_wins ... ok
test crdt::orset::tests::test_orset_remove ... ok
test crdt::orset::tests::test_orset_merge_commutative ... ok
test crdt::pncounter::tests::test_pncounter_increment_decrement ... ok
test crdt::pncounter::tests::test_pncounter_merge ... ok
test crdt::pncounter::tests::test_pncounter_merge_commutative ... ok
test crdt::pncounter::tests::test_pncounter_negative ... ok
test crdt::pncounter::tests::test_pncounter_new ... ok
test crdt::replica::tests::test_generate_replica_id_nonzero ... ok
test crdt::replica::tests::test_generate_replica_id_unique ... ok
test crdt::sequence::rga::tests::test_rga_append ... ok
test crdt::sequence::rga::tests::test_rga_concurrent_append ... ok
test crdt::sequence::rga::tests::test_rga_insert_before ... ok
test crdt::sequence::rga::tests::test_rga_remove ... ok
test crdt::sequence::yata::tests::test_yata_append ... ok
test crdt::sequence::yata::tests::test_yata_concurrent ... ok
test indexing::tests::hashmap_set_key ... ok
test indexing::tests::hashmap_str_key ... ok
test indexing::tests::hashmap_string_key ... ok
test indexing::tests::vec_1_based_indexing ... ok
test indexing::tests::vec_set_1_based ... ok
test indexing::tests::vec_zero_index_panics - should panic ... ok

test result: ok. 62 passed; 0 failed; 0 ignored; 0 measured; 0 filtered out; finished in 0.00s

     Running unittests src/lib.rs (target/debug/deps/logicaffeine_kernel-6d25f636ec8f9f2e)

running 98 tests
test cc::tests::test_extract_equality ... ok
test cc::tests::test_extract_sapp ... ok
test cc::tests::test_extract_implication ... ok
test cc::tests::test_extract_binary_app ... ok
test cc::tests::test_decompose_goal_with_hypothesis ... ok
test cc::tests::test_egraph_reflexive ... ok
test cc::tests::test_egraph_congruence ... ok
test cc::tests::test_egraph_nested_congruence ... ok
test cc::tests::test_egraph_binary_congruence ... ok
test cc::tests::test_check_goal_with_hypothesis ... ok
test cc::tests::test_extract_sname ... ok
test cc::tests::test_extract_svar ... ok
test cc::tests::test_union_find_transitivity ... ok
test cc::tests::test_union_find_basic ... ok
test interface::command_parser::tests::test_parse_check ... ok
test interface::command_parser::tests::test_parse_definition_with_type ... ok
test interface::command_parser::tests::test_parse_definition_without_type ... ok
test interface::command_parser::tests::test_parse_eval ... ok
test interface::command_parser::tests::test_parse_inductive ... ok
test interface::literate_parser::tests::test_parse_apply_syntax ... ok
test interface::literate_parser::tests::test_implicit_fixpoint_detection ... ok
test interface::literate_parser::tests::test_parse_comparison_with_arithmetic ... ok
test interface::literate_parser::tests::test_parse_complex_let_with_apply ... ok
test interface::literate_parser::tests::test_parse_diagonalization ... ok
test interface::literate_parser::tests::test_parse_equals_infix ... ok
test interface::literate_parser::tests::test_parse_equals_with_application ... ok
test interface::literate_parser::tests::test_parse_existential ... ok
test interface::literate_parser::tests::test_parse_given_lambda ... ok
test interface::literate_parser::tests::test_parse_implies ... ok
test interface::literate_parser::tests::test_parse_inductive_with_article ... ok
test interface::literate_parser::tests::test_parse_infix_add ... ok
test interface::literate_parser::tests::test_parse_infix_ge ... ok
test interface::literate_parser::tests::test_parse_infix_gt ... ok
test interface::literate_parser::tests::test_parse_infix_le ... ok
test interface::literate_parser::tests::test_parse_infix_lt ... ok
test interface::literate_parser::tests::test_parse_infix_mul ... ok
test interface::literate_parser::tests::test_parse_infix_sub ... ok
test interface::literate_parser::tests::test_parse_infix_with_sexp_mix ... ok
test interface::literate_parser::tests::test_parse_left_associative_add ... ok
test interface::literate_parser::tests::test_parse_let_definition ... ok
test interface::literate_parser::tests::test_parse_name_syntax ... ok
test interface::literate_parser::tests::test_parse_negative_number_preserved ... ok
test interface::literate_parser::tests::test_parse_nullary_predicate ... ok
test interface::literate_parser::tests::test_parse_pipe_lambda ... ok
test interface::literate_parser::tests::test_parse_precedence_mul_over_add ... ok
test interface::literate_parser::tests::test_parse_predicate_definition ... ok
test interface::literate_parser::tests::test_parse_recursive_inductive ... ok
test interface::literate_parser::tests::test_parse_simple_definition ... ok
test interface::literate_parser::tests::test_parse_simple_inductive ... ok
test interface::literate_parser::tests::test_parse_subtraction_not_negative ... ok
test interface::literate_parser::tests::test_parse_the_name_syntax ... ok
test interface::literate_parser::tests::test_parse_theorem ... ok
test interface::literate_parser::tests::test_parse_theorem_with_complex_statement ... ok
test interface::literate_parser::tests::test_parse_unicode_ge ... ok
test interface::literate_parser::tests::test_parse_unicode_le ... ok
test interface::literate_parser::tests::test_parse_variable_syntax ... ok
test interface::term_parser::tests::test_parse_app ... ok
test interface::term_parser::tests::test_parse_arrow ... ok
test interface::term_parser::tests::test_parse_global ... ok
test interface::term_parser::tests::test_parse_lambda ... ok
test interface::term_parser::tests::test_parse_parens ... ok
test interface::term_parser::tests::test_parse_sort ... ok
test interface::term_parser::tests::test_parse_lambda_bound_var ... ok
test lia::tests::test_constraint_satisfied ... ok
test lia::tests::test_fourier_motzkin_constant ... ok
test lia::tests::test_linear_expr_add ... ok
test lia::tests::test_linear_expr_cancel ... ok
test lia::tests::test_rational_arithmetic ... ok
test lia::tests::test_x_lt_x_plus_1 ... ok
test omega::tests::test_constraint_satisfied ... ok
test omega::tests::test_int_expr_add ... ok
test omega::tests::test_int_expr_cancel ... ok
test omega::tests::test_omega_constant ... ok
test omega::tests::test_x_lt_x_plus_1 ... ok
test positivity::tests::test_list_cons_valid ... ok
test positivity::tests::test_negative_inside_arrow ... ok
test positivity::tests::test_nested_negative ... ok
test positivity::tests::test_simple_recursive_arg ... ok
test simp::tests::test_arithmetic_add ... ok
test simp::tests::test_arithmetic_mul ... ok
test simp::tests::test_arithmetic_sub ... ok
test simp::tests::test_check_goal_constant ... ok
test simp::tests::test_check_goal_false_equality ... ok
test ring::tests::test_polynomial_add ... ok
test ring::tests::test_polynomial_mul ... ok
test ring::tests::test_polynomial_subtraction ... ok
test ring::tests::test_polynomial_distributivity ... ok
test simp::tests::test_check_goal_reflexive ... ok
test ring::tests::test_polynomial_constant ... ok
test simp::tests::test_check_goal_with_hypothesis ... ok
test ring::tests::test_collatz_algebra ... ok
test simp::tests::test_simplify_constant_addition ... ok
test simp::tests::test_simplify_nested_arithmetic ... ok
test simp::tests::test_simplify_with_substitution ... ok
test simp::tests::test_term_to_sterm_app ... ok
test simp::tests::test_term_to_sterm_lit ... ok
test simp::tests::test_term_to_sterm_name ... ok
test simp::tests::test_term_to_sterm_var ... ok

test result: ok. 98 passed; 0 failed; 0 ignored; 0 measured; 0 filtered out; finished in 0.00s

     Running unittests src/lib.rs (target/debug/deps/logicaffeine_language-c17c26995165c79c)

running 173 tests
test analysis::dependencies::tests::no_dependencies_without_abstract ... ok
test analysis::dependencies::tests::basic_dependency_scanning ... ok
test analysis::dependencies::tests::handles_spaces_in_alias ... ok
test analysis::dependencies::tests::multiline_abstract ... ok
test analysis::dependencies::tests::ignores_links_after_abstract ... ok
test analysis::dependencies::tests::handles_multiple_links_on_one_line ... ok
test analysis::dependencies::tests::handles_https_urls ... ok
test analysis::policy::tests::registry_stores_predicates ... ok
test analysis::registry::tests::registry_stores_and_retrieves ... ok
test analysis::policy::tests::registry_stores_capabilities ... ok
test arena_ctx::tests::aspectual_builder_creates_aspectual ... ok
test arena_ctx::tests::binary_builder_creates_binary_op ... ok
test arena_ctx::tests::quantifier_builder_creates_quantifier ... ok
test arena_ctx::tests::modal_builder_creates_modal ... ok
test arena_ctx::tests::temporal_builder_creates_temporal ... ok
test analysis::discovery::tests::discovery_parses_lww_int_field ... ok
test arena_ctx::tests::unary_builder_creates_unary_op ... ok
test ast::logic::size_tests::test_ast_node_sizes ... ok
test analysis::discovery::tests::discovery_parses_struct_with_fields ... ok
test analysis::discovery::tests::discovery_works_with_markdown_header ... ok
test analysis::discovery::tests::discovery_finds_generic_in_definition_block ... ok
test analysis::discovery::tests::discovery_parses_portable_enum ... ok
test debug::tests::debug_world_works_with_dbg_pattern ... ok
test debug::tests::expr_atom_display ... ok
test debug::tests::expr_lambda_display ... ok
test debug::tests::expr_binary_op_display ... ok
test debug::tests::expr_modal_display ... ok
test debug::tests::expr_predicate_display ... ok
test debug::tests::expr_quantifier_display ... ok
test debug::tests::expr_temporal_display ... ok
test debug::tests::symbol_display_with_interner ... ok
test compile::tests::test_compile_with_unicode_format ... ok
test debug::tests::symbol_empty_displays_empty ... ok
test debug::tests::term_constant_display ... ok
test compile::tests::test_compile_all_scopes ... ok
test debug::tests::term_function_display ... ok
test debug::tests::term_group_display ... ok
test compile::tests::test_compile_simple_sentence ... ok
test debug::tests::term_possessed_display ... ok
test debug::tests::term_variable_display ... ok
test drs::tests::drs_conditional_antecedent_accessible_from_consequent ... ok
test drs::tests::drs_enter_exit_box ... ok
test drs::tests::drs_get_universal_referents ... ok
test drs::tests::drs_introduce_referent_tracks_source ... ok
test drs::tests::drs_negation_blocks_accessibility ... ok
test drs::tests::drs_new_has_main_box ... ok
test drs::tests::drs_pronoun_resolution_marks_used ... ok
test drs::tests::referent_source_universal_force ... ok
test error::tests::parse_error_has_span ... ok
test formatter::tests::latex_binary_operators ... ok
test formatter::tests::latex_counterfactual ... ok
test formatter::tests::latex_quantifiers ... ok
test formatter::tests::latex_lambda ... ok
test error::tests::display_with_source_has_color_codes ... ok
test formatter::tests::latex_sanitization ... ok
test formatter::tests::rust_binary_operators ... ok
test formatter::tests::rust_implication_desugaring ... ok
test formatter::tests::rust_lambda ... ok
test error::tests::display_with_source_suggests_typo_fix ... ok
test error::tests::display_with_source_shows_line_and_underline ... ok
test formatter::tests::rust_quantifiers_as_comments ... ok
test formatter::tests::unicode_binary_operators ... ok
test formatter::tests::unicode_counterfactual ... ok
test formatter::tests::unicode_lambda ... ok
test formatter::tests::unicode_no_sanitization ... ok
test formatter::tests::unicode_quantifiers ... ok
test lambda::tests::beta_reduce_nested_lambda ... ok
test lambda::tests::beta_reduce_non_application_unchanged ... ok
test lambda::tests::beta_reduce_preserves_unbound_variables ... ok
test lambda::tests::beta_reduce_simple_predicate ... ok
test lambda::tests::beta_reduce_with_constant ... ok
test lambda::tests::enumerate_scopings_no_quantifier ... ok
test lambda::tests::enumerate_scopings_single_quantifier ... ok
test lambda::tests::factorial_basic ... ok
test lambda::tests::intensional_transpiles_with_brackets ... ok
test lambda::tests::is_opaque_verb_believes ... ok
test lambda::tests::is_opaque_verb_normal_verbs ... ok
test lambda::tests::is_opaque_verb_seeks ... ok
test lambda::tests::island_constraints_reduce_permutations ... ok
test lambda::tests::lift_proper_name_applies_predicate ... ok
test lambda::tests::lift_proper_name_returns_lambda ... ok
test lambda::tests::lift_quantifier_existential_returns_lambda ... ok
test lambda::tests::lift_quantifier_existential_structure ... ok
test lambda::tests::lift_quantifier_universal_returns_lambda ... ok
test lambda::tests::lift_quantifier_universal_structure ... ok
test lambda::tests::make_intensional_creates_wrapper ... ok
test lambda::tests::multiple_quantifiers_per_island ... ok
test lambda::tests::scope_iterator_exact_size ... ok
test lambda::tests::scope_iterator_no_duplicates ... ok
test lambda::tests::scope_iterator_three_quantifiers_yields_six ... ok
test lambda::tests::scope_iterator_two_quantifiers_yields_two ... ok
test lambda::tests::substitute_respecting_opacity_allows_outside ... ok
test lambda::tests::substitute_respecting_opacity_blocks_inside_intensional ... ok
test lambda::tests::test_application_formatting ... ok
test lambda::tests::test_lambda_app_helper_functions ... ok
test lambda::tests::test_lambda_formatting_latex ... ok
test lambda::tests::test_lambda_formatting_unicode ... ok
test lambda::tests::test_nested_lambda ... ok
test lexer::tests::basic_tokenization ... ok
test lexer::tests::iff_tokenizes_as_single_token ... ok
test lexer::tests::bus_is_not_verb ... ok
test lexer::tests::debug_that_token ... ok
test lexer::tests::is_equal_to_tokenizes_as_identity ... ok
test lexer::tests::lexer_handles_apostrophe ... ok
test lexer::tests::itself_tokenizes_as_reflexive ... ok
test lexer::tests::himself_tokenizes_as_reflexive ... ok
test lexer::tests::is_identical_to_tokenizes_as_identity ... ok
test lexer::tests::lexer_handles_question_mark ... ok
test lexer::tests::lowercase_a_is_article ... ok
test lexer::tests::lexer_produces_valid_spans ... ok
test lexer::tests::possessive_apostrophe_s ... ok
test parser::tests::check_any_matches_wh_words ... ok
test lexer::tests::open_is_ambiguous ... ok
test parser::tests::check_any_rejects_non_matching ... ok
test lexer::tests::ring_is_not_verb ... ok
test parser::tests::guard_preserves_state_on_commit ... ok
test parser::tests::guard_restores_all_fields_on_drop ... ok
test proof_convert::tests::test_convert_implication ... ok
test lexer::tests::to_stay_tokenizes_correctly ... ok
test proof_convert::tests::test_convert_predicate ... ok
test registry::tests::case_insensitive ... ok
test proof_convert::tests::test_convert_universal ... ok
test registry::tests::first_word_gets_single_letter ... ok
test registry::tests::second_word_same_letter_gets_numbered ... ok
test registry::tests::same_word_returns_same_symbol ... ok
test style::tests::red_wraps_string ... ok
test style::tests::bold_red_combines_codes ... ok
test suggest::tests::levenshtein_insertion ... ok
test suggest::tests::levenshtein_empty ... ok
test suggest::tests::levenshtein_deletion ... ok
test suggest::tests::find_similar_no_match ... ok
test suggest::tests::levenshtein_one_char_diff ... ok
test suggest::tests::levenshtein_identical ... ok
test suggest::tests::find_similar_case_insensitive ... ok
test session::tests::test_session_basic ... ok
test suggest::tests::levenshtein_transposition ... ok
test suggest::tests::find_similar_typo ... ok
test symbol_dict::tests::test_extract_connective_symbols ... ok
test symbol_dict::tests::test_extract_existential ... ok
test symbol_dict::tests::test_extract_predicate_names ... ok
test session::tests::test_session_multiple_sentences ... ok
test symbol_dict::tests::test_extract_quantifier_symbols ... ok
test symbol_dict::tests::test_group_symbols_by_kind ... ok
test symbol_dict::tests::test_modal_symbols ... ok
test symbol_dict::tests::test_no_duplicate_symbols ... ok
test symbol_dict::tests::test_extract_variable_names ... ok
test token::tests::modals_contains_all_modal_tokens ... ok
test token::tests::span_default_is_zero ... ok
test token::tests::span_new_stores_positions ... ok
test token::tests::token_has_span_field ... ok
test token::tests::wh_words_contains_all_wh_tokens ... ok
test view::expr_view_tests::expr_view_equality_complex ... ok
test symbol_dict::tests::test_symbol_has_description ... ok
test view::expr_view_tests::modal_vector_equality_is_bit_exact ... ok
test view::expr_view_tests::resolve_expr_app ... ok
test view::expr_view_tests::resolve_expr_atom ... ok
test view::expr_view_tests::resolve_expr_binary_op ... ok
test view::expr_view_tests::resolve_expr_lambda ... ok
test view::expr_view_tests::resolve_expr_modal ... ok
test view::expr_view_tests::resolve_expr_identity ... ok
test view::expr_view_tests::resolve_expr_predicate ... ok
test view::expr_view_tests::resolve_expr_quantifier ... ok
test view::expr_view_tests::resolve_expr_temporal ... ok
test view::expr_view_tests::resolve_expr_unary_op ... ok
test view::term_view_tests::nested_function_resolve ... ok
test view::term_view_tests::resolve_term_constant ... ok
test view::term_view_tests::resolve_term_group ... ok
test view::term_view_tests::resolve_term_function ... ok
test view::term_view_tests::resolve_term_possessed ... ok
test view::term_view_tests::resolve_term_variable ... ok
test view::term_view_tests::term_view_equality_is_bit_exact ... ok
test visitor::tests::expr_counter_counts_nested ... ok
test visitor::tests::variable_collector_finds_variables ... ok

test result: ok. 173 passed; 0 failed; 0 ignored; 0 measured; 0 filtered out; finished in 0.01s

     Running unittests src/lib.rs (target/debug/deps/logicaffeine_lexicon-3322a8b04a156ff1)

running 5 tests
test runtime::tests::test_pluralize ... ok
test runtime::tests::test_present_3s ... ok
test runtime::tests::test_proper_nouns ... ok
test runtime::tests::test_intersective_adjectives ... ok
test runtime::tests::test_lexicon_loads ... ok

test result: ok. 5 passed; 0 failed; 0 ignored; 0 measured; 0 filtered out; finished in 0.01s

     Running unittests src/lib.rs (target/debug/deps/logicaffeine_proof-f329fe644f19148a)

running 12 tests
test hints::tests::test_conjunction_hint ... ok
test unify::tests::test_compose_substitutions ... ok
test hints::tests::test_reflexivity_hint ... ok
test unify::tests::test_occurs_check ... ok
test unify::tests::test_alpha_equivalence_forall ... ok
test unify::tests::test_alpha_equivalence_exists ... ok
test hints::tests::test_modus_ponens_hint ... ok
test hints::tests::test_direct_match_hint ... ok
test unify::tests::test_unify_different_constants ... ok
test unify::tests::test_alpha_equivalence_nested ... ok
test unify::tests::test_unify_same_constant ... ok
test unify::tests::test_unify_var_constant ... ok

test result: ok. 12 passed; 0 failed; 0 ignored; 0 measured; 0 filtered out; finished in 0.00s

     Running unittests src/lib.rs (target/debug/deps/logicaffeine_system-b95ffbb3cbe56e56)

running 64 tests
test concurrency::tests::test_check_preemption_no_yield_initially ... ok
test concurrency::tests::test_pipe_sender_clone ... ok
test concurrency::tests::test_pipe_is_closed ... ok
test concurrency::tests::test_pipe_recv_none_when_closed ... ok
test concurrency::tests::test_pipe_try_send_success ... ok
test concurrency::tests::test_pipe_receiver_close ... ok
test concurrency::tests::test_pipe_try_recv_empty ... ok
test concurrency::tests::test_pipe_send_recv ... ok
test concurrency::tests::test_pipe_try_send_full ... ok
test concurrency::tests::test_task_handle_await_result ... ok
test concurrency::tests::test_spawn_with_captured_values ... ok
test concurrency::tests::test_spawn_returns_task_handle ... ok
test concurrency::tests::test_task_abort_with_pipe ... ok
test concurrency::tests::test_task_handle_is_finished_initially_false ... ok
test concurrency::tests::test_spawn_with_complex_return_type ... ok
test concurrency::tests::test_spawn_with_pipe_communication ... ok
test concurrency::tests::test_multiple_producers_single_consumer ... ok
test concurrency::tests::test_task_handle_abort ... ok
test concurrency::tests::test_check_preemption_yields_after_threshold ... ok
test concurrency::tests::test_task_handle_creation_and_completion ... ok
test crdt::sync::tests::test_synced_creation ... ok
test crdt::sync::tests::test_synced_get ... ok
test crdt::sync::tests::test_synced_mutate ... ok
test memory::tests::test_heap_zone_alloc ... ok
test memory::tests::test_heap_zone_alloc_slice ... ok
test memory::tests::test_heap_zone_reset ... ok
test memory::tests::test_heap_zone_as_slice_panics - should panic ... ok
test distributed::tests::test_distributed_mount_empty ... ok
test memory::tests::test_mapped_zone ... ok
test memory::tests::test_zone_type_checks ... ok
test memory::tests::test_mapped_zone_type_checks ... ok
test network::e2e_tests::tests::test_mesh_node_creates_successfully ... ok
test network::e2e_tests::tests::test_mesh_node_listens_on_port ... ok
test distributed::tests::test_distributed_persist_and_reload ... ok
test memory::tests::test_mapped_zone_alloc_panics - should panic ... ok
test fs::tests::test_native_vfs_read_write ... ok
test network::e2e_tests::tests::test_peer_agent_with_peer_id ... ok
test network::e2e_tests::tests::test_mesh_node_unique_peer_ids ... ok
test network::e2e_tests::tests::test_wire_protocol_roundtrip ... ok
test network::mesh::tests::test_connect_empty_fails ... ok
test network::mesh::tests::test_listen_empty_fails ... ok
test network::e2e_tests::tests::test_two_nodes_created_concurrently ... ok
test network::mesh::tests::test_peer_agent_empty_fails ... ok
test network::mesh::tests::test_peer_agent_invalid_fails ... ok
test network::mesh::tests::test_peer_agent_new ... ok
test network::protocol::tests::test_protocol_name ... ok
test network::mesh::tests::test_mesh_node_creation ... ok
test fs::tests::test_native_vfs_nested_dirs ... ok
test fs::tests::test_native_vfs_append ... ok
test network::sipping::tests::test_chunk_count_empty ... ok
test distributed::tests::test_distributed_mutate ... ok
test network::wire::tests::test_decode_invalid_bytes ... ok
test network::wire::tests::test_roundtrip ... ok
test network::sipping::tests::test_chunk_hash_is_consistent ... ok
test network::sipping::tests::test_chunk_count_small_file ... ok
test network::sipping::tests::test_custom_chunk_size ... ok
test network::sipping::tests::test_manifest_has_correct_size ... ok
test storage::tests::test_persistent_mount_empty ... ok
test fs::tests::test_native_vfs_list_dir ... ok
test storage::tests::test_persistent_mutate ... ok
test distributed::tests::test_distributed_compaction ... ok
test network::gossip::tests::test_subscriptions_registry ... ok
test network::e2e_tests::tests::test_server_and_client_can_listen ... ok
test network::e2e_tests::tests::test_mdns_discovery_works ... ok

test result: ok. 64 passed; 0 failed; 0 ignored; 0 measured; 0 filtered out; finished in 0.59s

     Running unittests src/lib.rs (target/debug/deps/logicaffeine_tests-03bddd72edd3203f)

running 0 tests

test result: ok. 0 passed; 0 failed; 0 ignored; 0 measured; 0 filtered out; finished in 0.00s

     Running tests/aktionsart_tests.rs (target/debug/deps/aktionsart_tests-bff209b282e9ae4f)

running 33 tests
test accomplishment_verb_draw_has_accomplishment_class ... ok
test accomplishment_verb_build_has_accomplishment_class ... ok
test achievement_verb_die_has_achievement_class ... ok
test achievement_verb_find_has_achievement_class ... ok
test achievement_verb_win_has_achievement_class ... ok
test accomplishment_verb_write_has_accomplishment_class ... ok
test activity_verb_drive_has_activity_class ... ok
test activity_verb_run_has_activity_class ... ok
test activity_verb_swim_has_activity_class ... ok
test debug_hating_lookup ... ok
test debug_verb_class_for_knowing ... ok
test activity_progressive_produces_progressive ... ok
test durative_classes ... ok
test accomplishment_present_produces_habitual ... ok
test debug_knowing_parse ... ok
test activity_past_produces_temporal_past_without_habitual ... ok
test activity_present_produces_habitual ... ok
test achievement_past_produces_temporal_past ... ok
test semelfactive_verb_hit_has_semelfactive_class ... ok
test achievement_present_produces_habitual ... ok
test semelfactive_progressive_produces_iterative ... ok
test semelfactive_verb_wag_has_semelfactive_class ... ok
test state_is_stative ... ok
test semelfactive_verb_knock_has_semelfactive_class ... ok
test state_past_produces_temporal_past ... ok
test state_present_produces_simple_predication ... ok
test state_verb_know_has_state_class ... ok
test state_progressive_hate_is_rejected ... ok
test telic_classes ... ok
test state_verb_exist_has_state_class ... ok
test state_verb_love_has_state_class ... ok
test state_progressive_is_rejected ... ok
test state_progressive_love_is_rejected ... ok

test result: ok. 33 passed; 0 failed; 0 ignored; 0 measured; 0 filtered out; finished in 0.00s

     Running tests/complex_combinations.rs (target/debug/deps/complex_combinations-aedd2cb1772debf6)

running 22 tests
test future_perfect_passive_with_agent ... ok
test control_with_passive_complement ... ok
test maximal_verb_stack ... ok
test mass_noun_comparative ... ok
test focus_particle_on_object ... ok
test donkey_sentence_with_ditransitive ... ok
test focus_particle_on_pp_object ... ok
test event_with_instrument_and_manner_and_location ... ok
test counterfactual_with_causal_chain ... ok
test complex_gapping_with_adjuncts ... ok
test np_coordination_in_object_position ... ok
test numeric_quantifier_negation_interaction ... ok
test presupposition_inside_conditional ... ok
test raising_into_subject_into_object_control ... ok
test simple_counterfactual ... ok
test simple_presupposition ... ok
test simple_comparative ... ok
test single_quantifier_has_one_reading ... ok
test relative_clause_inside_pp_inside_relative ... ok
test triple_nested_relative_clause ... ok
test simple_gapping ... ok
test two_quantifier_scope_ambiguity ... ok

test result: ok. 22 passed; 0 failed; 0 ignored; 0 measured; 0 filtered out; finished in 0.00s

     Running tests/debug_any.rs (target/debug/deps/debug_any-b1cc2b47d7bfa55d)

running 1 test
test debug_simple_any ... ok

test result: ok. 1 passed; 0 failed; 0 ignored; 0 measured; 0 filtered out; finished in 0.00s

     Running tests/debug_aspect.rs (target/debug/deps/debug_aspect-72824a31f1ab8d4e)

running 1 test
test debug_aspect_chain ... ok

test result: ok. 1 passed; 0 failed; 0 ignored; 0 measured; 0 filtered out; finished in 0.00s

     Running tests/debug_card.rs (target/debug/deps/debug_card-a227d571ada602a2)

running 2 tests
test test_john_has_cardinality_5 ... ok
test test_set_a_has_cardinality_5 ... ok

test result: ok. 2 passed; 0 failed; 0 ignored; 0 measured; 0 filtered out; finished in 0.00s

     Running tests/debug_garden.rs (target/debug/deps/debug_garden-6ad8746be50e4744)

running 1 test
test debug_garden_path ... ok

test result: ok. 1 passed; 0 failed; 0 ignored; 0 measured; 0 filtered out; finished in 0.00s

     Running tests/debug_modal_relclause.rs (target/debug/deps/debug_modal_relclause-7255c3476e34ddfb)

running 7 tests
test negative_quantifier_with_relative_clause_and_modal ... ok
test quantified_subject_with_relative_clause_and_verb ... ok
test negative_quantifier_simple_fol ... ok
test conditional_with_quantified_antecedent ... ok
test conditional_simple_fol ... ok
test all_three_marketing_sentences ... ok
test simple_fol_output ... ok

test result: ok. 7 passed; 0 failed; 0 ignored; 0 measured; 0 filtered out; finished in 0.00s

     Running tests/debug_reciprocal.rs (target/debug/deps/debug_reciprocal-a317f2455516d980)

running 1 test
test debug_reciprocal ... ok

test result: ok. 1 passed; 0 failed; 0 ignored; 0 measured; 0 filtered out; finished in 0.00s

     Running tests/debug_tense.rs (target/debug/deps/debug_tense-bbcb823465cc7976)

running 1 test
test debug_tense_structures ... ok

test result: ok. 1 passed; 0 failed; 0 ignored; 0 measured; 0 filtered out; finished in 0.00s

     Running tests/diagnostic_bridge.rs (target/debug/deps/diagnostic_bridge-2220ebe5ab1cee12)

running 11 tests
test e2e_test_diagnostic_module_compiles ... ok
test e2e_test_json_parsing_extracts_e0597 ... ok
test e2e_test_json_parsing_extracts_e0382 ... ok
test e2e_test_e0505_translation_produces_friendly_message ... ok
test e2e_test_translator_produces_friendly_message_for_e0382 ... ok
test e2e_test_translator_produces_friendly_message_for_e0597 ... ok
test e2e_test_concurrent_mutation_translation ... ok
test e2e_test_zone_escape_produces_friendly_error ... ok
test e2e_test_use_after_move_with_function ... ok
test e2e_test_use_after_move_simple ... ok
test e2e_test_no_rustc_error_codes_leak_e0382 has been running for over 60 seconds
test e2e_test_no_rustc_error_codes_leak_e0382 ... ok

test result: ok. 11 passed; 0 failed; 0 ignored; 0 measured; 0 filtered out; finished in 60.34s

     Running tests/e2e_causal_consistency.rs (target/debug/deps/e2e_causal_consistency-72ffd9432d493434)

running 3 tests
test e2e_test_causal_order_preserved has been running for over 60 seconds
test e2e_test_concurrent_detection_across_nodes has been running for over 60 seconds
test e2e_test_happens_before_chain has been running for over 60 seconds
test e2e_test_causal_order_preserved ... ok
test e2e_test_concurrent_detection_across_nodes ... ok
test e2e_test_happens_before_chain ... ok

test result: ok. 3 passed; 0 failed; 0 ignored; 0 measured; 0 filtered out; finished in 189.12s

     Running tests/e2e_collections.rs (target/debug/deps/e2e_collections-92c4410f4cc0da68)

running 18 tests
test e2e_index_1based ... ok
test e2e_list_in_function ... ok
test e2e_copy_creates_independent ... ok
test e2e_length_of_list ... ok
test e2e_length_after_pop ... ok
test e2e_empty_list ... ok
test e2e_index_last_element ... ok
test e2e_index_with_variable has been running for over 60 seconds
test e2e_length_after_push has been running for over 60 seconds
test e2e_list_literal has been running for over 60 seconds
test e2e_index_with_variable ... ok
test e2e_push_to_empty ... ok
test e2e_pop_from_list ... ok
test e2e_pop_after_push ... ok
test e2e_push_to_list ... ok
test e2e_slice_full_list ... ok
test e2e_set_item_of_list ... ok
test e2e_slice_inclusive ... ok
test e2e_list_literal ... ok
test e2e_slice_single_element ... ok
test e2e_length_after_push ... ok

test result: ok. 18 passed; 0 failed; 0 ignored; 0 measured; 0 filtered out; finished in 77.87s

     Running tests/e2e_comparisons.rs (target/debug/deps/e2e_comparisons-c2605051860f40a8)

running 12 tests
test e2e_at_least_boundary has been running for over 60 seconds
test e2e_at_most_boundary has been running for over 60 seconds
test e2e_equals_false has been running for over 60 seconds
test e2e_equals_true has been running for over 60 seconds
test e2e_greater_than_false has been running for over 60 seconds
test e2e_greater_than_true has been running for over 60 seconds
test e2e_less_than_false has been running for over 60 seconds
test e2e_less_than_true has been running for over 60 seconds
test e2e_not_equals has been running for over 60 seconds
test e2e_symbolic_gt has been running for over 60 seconds
test e2e_at_least_boundary ... ok
test e2e_symbolic_gt ... ok
test e2e_equals_false ... ok
test e2e_symbolic_lt ... ok
test e2e_less_than_false ... ok
test e2e_greater_than_false ... ok
test e2e_less_than_true ... ok
test e2e_symbolic_lteq_and_gteq ... ok
test e2e_equals_true ... ok
test e2e_not_equals ... ok
test e2e_at_most_boundary ... ok
test e2e_greater_than_true ... ok

test result: ok. 12 passed; 0 failed; 0 ignored; 0 measured; 0 filtered out; finished in 85.25s

     Running tests/e2e_concurrency.rs (target/debug/deps/e2e_concurrency-3ab23061ae5b3fc8)

running 9 tests
test e2e_stop_task ... ok
test e2e_launch_simple_task ... ok
test e2e_pipe_create ... ok
test e2e_pipe_send_receive ... ok
test e2e_try_receive_nonblocking ... ok
test e2e_launch_task_with_arg ... ok
test e2e_producer_consumer ... ok
test e2e_try_send_nonblocking ... ok
test e2e_select_timeout_only ... ok

test result: ok. 9 passed; 0 failed; 0 ignored; 0 measured; 0 filtered out; finished in 18.95s

     Running tests/e2e_control_flow.rs (target/debug/deps/e2e_control_flow-1ed5c0d768f42240)

running 12 tests
test e2e_compound_condition_and ... ok
test e2e_if_true_branch ... ok
test e2e_multiple_sequential_if ... ok
test e2e_while_loop_sum ... ok
test e2e_nested_if ... ok
test e2e_if_otherwise ... ok
test e2e_deeply_nested ... ok
test e2e_if_in_while ... ok
test e2e_while_in_if ... ok
test e2e_while_single_iteration ... ok
test e2e_while_zero_iterations ... ok
test e2e_condition_with_expr ... ok

test result: ok. 12 passed; 0 failed; 0 ignored; 0 measured; 0 filtered out; finished in 19.06s

     Running tests/e2e_crdt.rs (target/debug/deps/e2e_crdt-24bf1d674419810d)

running 30 tests
test e2e_crdt_with_regular_fields ... ok
test e2e_gcounter_increment ... ok
test e2e_gcounter_value_after_merge ... ok
test e2e_lww_bool_set ... ok
test e2e_divergent_merge ... ok
test e2e_divergent_overwrite ... ok
test e2e_gcounter_increment_by_variable ... ok
test e2e_gcounter_multiple_increments ... ok
test e2e_divergent_resolve ... ok
test e2e_divergent_set_show ... ok
test e2e_lww_int_set ... ok
test e2e_lww_text_set ... ok
test e2e_merge_field_level ... ok
test e2e_shared_sequence_append ... ok
test e2e_shared_set_add_duplicate ... ok
test e2e_shared_sequence_empty ... ok
test e2e_shared_set_contains_false ... ok
test e2e_merge_struct_level ... ok
test e2e_mixed_crdt_struct ... ok
test e2e_shared_set_add ... ok
test e2e_shared_set_contains_true ... ok
test e2e_shared_set_merge ... ok
test e2e_shared_set_remove ... ok
test e2e_shared_set_remove_then_contains ... ok
test e2e_tally_decrease_only ... ok
test e2e_tally_merge ... ok
test e2e_tally_increase_decrease ... ok
test e2e_shared_struct_with_mixed_fields ... ok
test e2e_tally_decrease_to_negative ... ok
test e2e_tally_multiple_operations ... ok

test result: ok. 30 passed; 0 failed; 0 ignored; 0 measured; 0 filtered out; finished in 45.69s

     Running tests/e2e_edge_cases.rs (target/debug/deps/e2e_edge_cases-0b4ff86a80fad5d0)

running 10 tests
test e2e_unicode_in_strings ... ok
test e2e_division_truncation ... ok
test e2e_empty_list_length ... ok
test e2e_operator_precedence ... ok
test e2e_deeply_nested_parens ... ok
test e2e_empty_string ... ok
test e2e_zero ... ok
test e2e_large_number ... ok
test e2e_negative_number ... ok
test e2e_single_element_list ... ok

test result: ok. 10 passed; 0 failed; 0 ignored; 0 measured; 0 filtered out; finished in 24.15s

     Running tests/e2e_enums.rs (target/debug/deps/e2e_enums-c6259a1642ee4e91)

running 8 tests
test e2e_enum_in_function has been running for over 60 seconds
test e2e_enum_payload_variant has been running for over 60 seconds
test e2e_enum_return has been running for over 60 seconds
test e2e_enum_unit_variant has been running for over 60 seconds
test e2e_inspect_otherwise has been running for over 60 seconds
test e2e_inspect_simple has been running for over 60 seconds
test e2e_inspect_with_binding has been running for over 60 seconds
test e2e_nested_inspect has been running for over 60 seconds
test e2e_inspect_with_binding ... ok
test e2e_enum_return ... ok
test e2e_enum_unit_variant ... ok
test e2e_nested_inspect ... ok
test e2e_enum_in_function ... ok
test e2e_inspect_simple ... ok
test e2e_enum_payload_variant ... ok
test e2e_inspect_otherwise ... ok

test result: ok. 8 passed; 0 failed; 0 ignored; 0 measured; 0 filtered out; finished in 165.60s

     Running tests/e2e_expressions.rs (target/debug/deps/e2e_expressions-3087782ca3cf2754)

running 15 tests
test e2e_large_number ... ok
test e2e_complex_arithmetic ... ok
test e2e_arithmetic_multiply ... ok
test e2e_arithmetic_subtract ... ok
test e2e_arithmetic_nested ... ok
test e2e_division_truncation ... ok
test e2e_arithmetic_divide ... ok
test e2e_boolean_false ... ok
test e2e_boolean_true ... ok
test e2e_arithmetic_add ... ok
test e2e_left_associative ... ok
test e2e_negative_via_subtraction ... ok
test e2e_text_literal ... ok
test e2e_operator_precedence has been running for over 60 seconds
test e2e_operator_precedence ... ok
test e2e_zero_literal has been running for over 60 seconds
test e2e_zero_literal ... ok

test result: ok. 15 passed; 0 failed; 0 ignored; 0 measured; 0 filtered out; finished in 118.37s

     Running tests/e2e_functions.rs (target/debug/deps/e2e_functions-c31304f5350daccc)

running 12 tests
test e2e_function_three_params ... ok
test e2e_function_returns_seq ... ok
test e2e_function_with_loop ... ok
test e2e_function_returns_text ... ok
test e2e_function_with_if ... ok
test e2e_nested_function_calls ... ok
test e2e_recursive_factorial ... ok
test e2e_function_multiple_calls ... ok
test e2e_function_returns_bool ... ok
test e2e_function_two_params ... ok
test e2e_function_no_params has been running for over 60 seconds
test e2e_function_single_param has been running for over 60 seconds
test e2e_function_single_param ... ok
test e2e_function_no_params ... ok

test result: ok. 12 passed; 0 failed; 0 ignored; 0 measured; 0 filtered out; finished in 60.84s

     Running tests/e2e_gossip.rs (target/debug/deps/e2e_gossip-693db5d44075facd)

running 2 tests
test e2e_test_gossip_sync_compiles ... ok
test e2e_test_crdt_gossip_convergence ... ok

test result: ok. 2 passed; 0 failed; 0 ignored; 0 measured; 0 filtered out; finished in 34.83s

     Running tests/e2e_gossip_edge_cases.rs (target/debug/deps/e2e_gossip_edge_cases-1b814e727684640a)

running 4 tests
test e2e_test_rapid_publish_before_mesh ... ok
test e2e_test_late_rejoin_sync ... ok
test e2e_test_multiple_topics_isolation has been running for over 60 seconds
test e2e_test_three_node_same_topic has been running for over 60 seconds
test e2e_test_multiple_topics_isolation ... ok
test e2e_test_three_node_same_topic ... ok

test result: ok. 4 passed; 0 failed; 0 ignored; 0 measured; 0 filtered out; finished in 63.32s

     Running tests/e2e_integration.rs (target/debug/deps/e2e_integration-4107497d36ede469)

running 6 tests
test e2e_fibonacci ... ok
test e2e_nested_loops_sum ... ok
test e2e_accumulator_sum ... ok
test e2e_bubble_sort ... ok
test e2e_filter_pattern ... ok
test e2e_gcd ... ok

test result: ok. 6 passed; 0 failed; 0 ignored; 0 measured; 0 filtered out; finished in 17.37s

     Running tests/e2e_iteration.rs (target/debug/deps/e2e_iteration-3409a26fe7150e4e)

running 8 tests
test e2e_repeat_empty_list ... ok
test e2e_repeat_modifies_external ... ok
test e2e_repeat_builds_list ... ok
test e2e_repeat_nested_loops ... ok
test e2e_repeat_single_element ... ok
test e2e_range_single_value ... ok
test e2e_repeat_for_in_list ... ok
test e2e_repeat_for_range ... ok

test result: ok. 8 passed; 0 failed; 0 ignored; 0 measured; 0 filtered out; finished in 15.91s

     Running tests/e2e_logical.rs (target/debug/deps/e2e_logical-ab5dfeb94ae369b0)

running 8 tests
test e2e_chained_or ... ok
test e2e_or_first_true ... ok
test e2e_and_second_false ... ok
test e2e_or_both_false ... ok
test e2e_and_both_true ... ok
test e2e_or_second_true ... ok
test e2e_and_first_false ... ok
test e2e_chained_and ... ok

test result: ok. 8 passed; 0 failed; 0 ignored; 0 measured; 0 filtered out; finished in 15.99s

     Running tests/e2e_maps.rs (target/debug/deps/e2e_maps-520208565cb232d6)

running 8 tests
test e2e_map_set_and_get ... ok
test e2e_map_create_empty ... ok
test e2e_map_multiple_keys ... ok
test e2e_map_with_text_values ... ok
test e2e_map_overwrite_key ... ok
test e2e_map_bracket_get ... ok
test e2e_map_bracket_set ... ok
test e2e_map_mixed_syntax ... ok

test result: ok. 8 passed; 0 failed; 0 ignored; 0 measured; 0 filtered out; finished in 16.22s

     Running tests/e2e_mesh.rs (target/debug/deps/e2e_mesh-db52dad495f93f39)

running 6 tests
test e2e_sleep_with_variable ... ok
test e2e_listen_compiles ... ok
test e2e_network_ping_pong ... ok
test e2e_peer_agent_compiles ... ok
test e2e_sleep_compiles ... ok
test e2e_connect_compiles ... ok

test result: ok. 6 passed; 0 failed; 0 ignored; 0 measured; 0 filtered out; finished in 14.68s

     Running tests/e2e_multi_node.rs (target/debug/deps/e2e_multi_node-c17910aaf8f392f6)

running 3 tests
test e2e_test_node_join_mid_session ... ok
test e2e_test_three_node_convergence ... ok
test e2e_test_concurrent_writes_before_sync ... ok

test result: ok. 3 passed; 0 failed; 0 ignored; 0 measured; 0 filtered out; finished in 54.37s

     Running tests/e2e_network_partition.rs (target/debug/deps/e2e_network_partition-bf8662348a312b0b)

running 4 tests
test e2e_test_concurrent_mutations_during_partition ... ok
test e2e_test_repeated_mutation_cycles ... ok
test e2e_test_late_joiner_after_mutations ... ok
test e2e_test_partition_and_heal ... ok

test result: ok. 4 passed; 0 failed; 0 ignored; 0 measured; 0 filtered out; finished in 56.16s

     Running tests/e2e_policy.rs (target/debug/deps/e2e_policy-d9574e36e03d4292)

running 10 tests
test e2e_assert_passes ... ok
test e2e_predicate_passes ... ok
test e2e_capability_owner_passes ... ok
test e2e_predicate_fails ... ok
test e2e_capability_admin_passes ... ok
test e2e_predicate_composition ... ok
test e2e_capability_non_owner_fails ... ok
test e2e_or_condition_passes ... ok
test e2e_check_error_message ... ok
test e2e_and_condition_passes ... ok

test result: ok. 10 passed; 0 failed; 0 ignored; 0 measured; 0 filtered out; finished in 19.32s

     Running tests/e2e_primitives.rs (target/debug/deps/e2e_primitives-5a633adff7a8225d)

running 13 tests
test e2e_char_comparison_not_equal ... ok
test e2e_byte_type ... ok
test e2e_byte_zero ... ok
test e2e_byte_arithmetic ... ok
test e2e_byte_function_param ... ok
test e2e_char_digit ... ok
test e2e_char_comparison_equal ... ok
test e2e_char_escape_newline ... ok
test e2e_byte_comparison ... ok
test e2e_byte_in_seq ... ok
test e2e_char_in_seq ... ok
test e2e_char_literal ... ok
test e2e_char_with_type ... ok

test result: ok. 13 passed; 0 failed; 0 ignored; 0 measured; 0 filtered out; finished in 18.44s

     Running tests/e2e_refinement.rs (target/debug/deps/e2e_refinement-71fd31b7ec389370)

running 6 tests
test e2e_refinement_compound_and_violation ... ok
test e2e_refinement_violation_at_let ... ok
test e2e_refinement_compound_and_valid ... ok
test e2e_refinement_valid_positive ... ok
test e2e_refinement_boundary_value ... ok
test e2e_refinement_violation_at_set ... ok

test result: ok. 6 passed; 0 failed; 0 ignored; 0 measured; 0 filtered out; finished in 12.41s

     Running tests/e2e_sets.rs (target/debug/deps/e2e_sets-9decf91081e2311b)

running 9 tests
test e2e_set_creation_and_add ... ok
test e2e_set_contains_int ... ok
test e2e_set_remove ... ok
test e2e_set_deduplication ... ok
test e2e_set_union ... ok
test e2e_set_iteration ... ok
test e2e_set_contains_natural ... ok
test e2e_set_intersection ... ok
test e2e_set_not_contains ... ok

test result: ok. 9 passed; 0 failed; 0 ignored; 0 measured; 0 filtered out; finished in 17.13s

     Running tests/e2e_structs.rs (target/debug/deps/e2e_structs-d01721629903a772)

running 8 tests
test e2e_struct_return ... ok
test e2e_struct_in_collection ... ok
test e2e_struct_field_mutation ... ok
test e2e_struct_constructor ... ok
test e2e_struct_field_access ... ok
test e2e_struct_in_function ... ok
test e2e_struct_with_init ... ok
test e2e_nested_field_access ... ok

test result: ok. 8 passed; 0 failed; 0 ignored; 0 measured; 0 filtered out; finished in 18.28s

     Running tests/e2e_studio_examples.rs (target/debug/deps/e2e_studio_examples-87b7a1c51c1b8ab1)

running 84 tests
test code_advanced_functions_example ... ok
test code_advanced_assertions ... ok
test code_channels_example ... ok
test code_advanced_refinement ... ok
test code_basics_control_flow ... ok
test code_collections ... ok
test code_bubble_sort ... ok
test code_basics_variables ... ok
test code_basics_operators ... ok
test code_concurrency_parallel ... ok
test code_crdt_counters_example ... ok
test code_crdt_merge ... ok
test code_crdt_tally ... ok
test code_enums_example ... ok
test code_fizzbuzz ... ok
test code_fibonacci ... ok
test code_factorial ... ok
test code_enums_patterns ... ok
test code_generics_maps_example ... ok
test code_error_handling ... ok
test code_hello_world ... ok
test logic_multi_sentence_numbered_output ... ok
test logic_prover_barber_paradox ... ok
test logic_prover_chain_reasoning ... ok
test logic_prover_disjunctive_syllogism ... ok
test logic_prover_leibniz_identity ... ok
test logic_prover_modus_tollens ... ok
test logic_prover_socrates_mortality ... ok
test logic_prover_trivial_proof ... ok
test logic_quantifier_dog_chased_cat ... ok
test logic_quantifier_every_student_read_book ... ok
test logic_quantifier_no_student_failed_every ... ok
test logic_quantifier_professor_supervises ... ok
test logic_quantifier_teacher_praised ... ok
test logic_simple_every_cat_sleeps ... ok
test logic_simple_john_loves_mary ... ok
test logic_simple_no_student_failed ... ok
test logic_simple_some_dogs_bark ... ok
test logic_simple_the_quick_brown_fox ... ok
test logic_single_sentence_no_numbering ... ok
test logic_tense_john_was_running ... ok
test logic_tense_mary_has_eaten ... ok
test logic_tense_she_had_been_sleeping ... ok
test logic_tense_they_have_been_working ... ok
test logic_tense_train_will_arrive ... ok
test math_boolean_logic ... ok
test math_collatz_fromodd_rule ... ok
test math_collatz_grandchild_growth ... ok
test math_collatz_half_function ... ok
test math_collatz_inverse_tree ... ok
test math_collatz_iseven_function ... ok
test math_collatz_mybool_definition ... ok
test math_collatz_not_function ... ok
test math_collatz_power_of_two_theorem ... ok
test math_collatz_reaches_one_predicate ... ok
test math_collatz_step_function ... ok
test math_functions ... ok
test math_list_ops ... ok
test math_literate_apply_syntax ... ok
test math_literate_diagonalization_syntax ... ok
test math_literate_implies_syntax ... ok
test math_literate_let_definition ... ok
test math_literate_name_syntax ... ok
test math_natural_numbers ... ok
test math_pairs ... ok
test math_prop_logic ... ok
test parse_tree_every_cat_sleeps ... ok
test parse_tree_future_tense ... ok
test parse_tree_john_loves_mary ... ok
test parse_tree_no_student_failed ... ok
test parse_tree_past_progressive ... ok
test parse_tree_perfect_aspect ... ok
test parse_tree_quantifier_scope ... ok
test parse_tree_quick_brown_fox ... ok
test parse_tree_some_dogs_bark ... ok
test code_maps_example ... ok
test code_ownership_example ... ok
test code_sets_example ... ok
test code_prime_check ... ok
test code_policies_example ... ok
test code_zones_example ... ok
test code_sum_list ... ok
test code_tasks_example ... ok
test code_struct_demo ... ok

test result: ok. 84 passed; 0 failed; 0 ignored; 0 measured; 0 filtered out; finished in 51.81s

     Running tests/e2e_tuples.rs (target/debug/deps/e2e_tuples-36512b72bfc331f7)

running 13 tests
test e2e_pair_creation ... ok
test e2e_tuple_bracket_access_last ... ok
test e2e_tuple_bracket_access_first ... ok
test e2e_tuple_item_of_first ... ok
test e2e_tuple_item_of_last ... ok
test e2e_tuple_access_in_arithmetic ... ok
test e2e_tuple_bracket_access_middle ... ok
test e2e_pair_second_element ... ok
test e2e_tuple_item_of_middle ... ok
test e2e_tuple_creation ... ok
test e2e_tuple_natural_access_in_arithmetic ... ok
test e2e_tuple_mixed_types ... ok
test e2e_tuple_with_float ... ok

test result: ok. 13 passed; 0 failed; 0 ignored; 0 measured; 0 filtered out; finished in 21.85s

     Running tests/e2e_types.rs (target/debug/deps/e2e_types-681dbc168d9078e9)

running 8 tests
test e2e_new_seq_of_int ... ok
test e2e_let_with_int_type ... ok
test e2e_seq_of_text ... ok
test e2e_let_with_bool_type ... ok
test e2e_let_with_seq_type ... ok
test e2e_let_with_text_type ... ok
test e2e_new_seq_of_text ... ok
test e2e_function_typed_return ... ok

test result: ok. 8 passed; 0 failed; 0 ignored; 0 measured; 0 filtered out; finished in 21.34s

     Running tests/e2e_variables.rs (target/debug/deps/e2e_variables-2414d0631dc77929)

running 3 tests
test e2e_multiple_variables ... ok
test e2e_set_mutates ... ok
test e2e_let_and_show ... ok

test result: ok. 3 passed; 0 failed; 0 ignored; 0 measured; 0 filtered out; finished in 7.44s

     Running tests/e2e_zones.rs (target/debug/deps/e2e_zones-2499ef227f1273f3)

running 10 tests
test e2e_zone_basic_allocation ... ok
test e2e_zone_default_capacity ... ok
test e2e_nested_zones ... ok
test e2e_function_with_zone_called_twice ... ok
test e2e_zone_scope_isolation ... ok
test e2e_zone_with_conditional ... ok
test e2e_zone_in_function_body ... ok
test e2e_zone_with_size_mb ... ok
test e2e_multiple_sequential_zones ... ok
test e2e_zone_with_size_kb ... ok

test result: ok. 10 passed; 0 failed; 0 ignored; 0 measured; 0 filtered out; finished in 24.27s

     Running tests/gq_test.rs (target/debug/deps/gq_test-b167f663bccd964e)

running 4 tests
test test_few_students_study ... ok
test test_most_birds_can_fly ... ok
test test_many_people_agree ... ok
test test_all_vs_most_body_structure ... ok

test result: ok. 4 passed; 0 failed; 0 ignored; 0 measured; 0 filtered out; finished in 0.00s

     Running tests/grand_challenge_mergesort.rs (target/debug/deps/grand_challenge_mergesort-340c849ffe80317f)

running 13 tests
test comparison_at_most_parses ... ok
test comparison_greater_than_parses ... ok
test comparison_at_least_parses ... ok
test compound_condition_and ... ok
test comparison_symbol_lteq ... ok
test compound_condition_multiple_and ... ok
test comparison_less_than_parses ... ok
test comparison_symbol_lt ... ok
test loop_with_index_and_condition ... ok
test merge_function_compiles ... ok
test mergesort_function_compiles ... ok
test full_mergesort_compiles ... ok
test e2e_mergesort_runs_correctly ... ok

test result: ok. 13 passed; 0 failed; 0 ignored; 0 measured; 0 filtered out; finished in 45.28s

     Running tests/integration_tests.rs (target/debug/deps/integration_tests-2e5cef8d897d8e5b)

running 143 tests
test cardinal_three_produces_cardinal_quantifier ... ok
test all_produces_universal_quantifier ... ok
test at_least_two_produces_atleast_quantifier ... ok
test biconditional_produces_iff ... ok
test causal_because ... ok
test collective_verb_no_distributive_wrapper ... ok
test causal_chain_explicit ... ok
test at_most_five_produces_atmost_quantifier ... ok
test causal_because_order ... ok
test comparative_produces_comparative_variant ... ok
test biconditional_complex ... ok
test comparative_adjective_construction ... ok
test complex_comparative_with_quantifiers ... ok
test compile_preserves_surface_scope ... ok
test complex_causative_with_quantifiers ... ok
test complex_control_chain_nested ... ok
test complex_control_verb_with_quantifier ... ok
test complex_ditransitive_with_quantifier ... ok
test complex_focus_with_quantifier ... ok
test complex_past_progressive_with_quantifier ... ok
test complex_modal_quantifier_relative ... ok
test complex_reciprocal_with_quantifier ... ok
test complex_presupposition_with_quantifier ... ok
test complex_passive_quantifier_combination ... ok
test complex_reflexive_with_quantifier ... ok
test counterfactual_produces_counterfactual_variant ... ok
test complex_temporal_anchor_with_quantifier ... ok
test coordination_of_nps_as_subject ... ok
test counterfactual_conditional_complex ... ok
test definite_article_russell_expansion ... ok
test deixis_distal_that_as_determiner ... ok
test deixis_plural_these ... ok
test conditional_produces_binary_op_implies ... ok
test deixis_plural_those ... ok
test deixis_proximal_this ... ok
test davidsonian_event_semantics ... ok
test different_words_get_different_symbols ... ok
test discourse_donkey_anaphora_across_sentences ... ok
test discourse_gender_agreement ... ok
test discourse_definite_coreference_chain ... ok
test discourse_plural_coordination_they ... ok
test discourse_reflexive_anaphora_chain ... ok
test discourse_batch_three_sentences ... ok
test discourse_indefinite_introduces_entity ... ok
test discourse_multiple_same_gender_entities ... ok
test discourse_three_sentence_pronoun_chain ... ok
test discourse_object_pronoun_resolution ... ok
test ditransitive_send ... ok
test event_with_multiple_pp_modifiers ... ok
test focus_only_produces_focus_variant ... ok
test ditransitive_tell ... ok
test ditransitive_double_object ... ok
test donkey_sentence_basic ... ok
test generic_bare_plural ... ok
test few_produces_few_quantifier ... ok
test focus_particle_on_object ... ok
test full_aspect_chain_with_negation ... ok
test future_tense_produces_temporal_future_operator ... ok
test future_perfect_tense ... ok
test gapping_basic ... ok
test gerund_as_object ... ok
test identity_produces_identity_variant ... ok
test gerund_as_subject ... ok
test modal_can_produces_modal_operator ... ok
test indirect_speech_act_request ... ok
test indefinite_article_existential ... ok
test long_distance_wh_movement ... ok
test intransitive_verb_produces_unary_predicate ... ok
test mass_noun_little ... ok
test mass_noun_measurement_much ... ok
test mass_noun_much ... ok
test modal_must_produces_modal_operator ... ok
test mixed_quantifiers_at_least_at_most ... ok
test most_produces_most_quantifier ... ok
test no_produces_universal_with_negation ... ok
test negative_existential ... ok
test numeric_quantifier_with_distributive_verb ... ok
test latex_format_uses_latex_operators ... ok
test no_quantifier_has_one_scope_reading ... ok
test nested_contact_clauses ... ok
test non_intersective_fake ... ok
test object_control_with_passive_complement ... ok
test parsing_center_embedded_relative ... ok
test parsing_deep_embedding ... ok
test parsing_long_distance_dependency ... ok
test parsing_pied_piping ... ok
test parsing_np_coordination_with_relative ... ok
test parsing_complex_relative_attachment ... ok
test parsing_double_relative_clause ... ok
test parsing_reduced_relative_with_passive ... ok
test plural_collective_met ... ok
test parsing_coordination_ambiguity ... ok
test passive_without_agent ... ok
test past_progressive_has_both_operators ... ok
test passive_with_agent ... ok
test pp_attachment_in_np_restriction ... ok
test plural_definite_sigma_distributive ... ok
test past_tense_produces_temporal_past_operator ... ok
test past_tense_regular_verb ... ok
test plural_definite_sigma_collective ... ok
test possession_apostrophe_s ... ok
test pp_ambiguity_returns_multiple_readings ... ok
test pp_attachment_nested ... ok
test pp_ambiguity_multiple_prepositions ... ok
test pragmatics_full_pipeline_complex ... ok
test pragmatics_genuine_ability_question ... ok
test pragmatics_genuine_yes_no_question ... ok
test pp_in_quantifier_restriction ... ok
test pragmatics_indirect_request_with_relative ... ok
test pragmatics_passive_request ... ok
test pragmatics_indirect_request_with_quantifier ... ok
test pragmatics_please_marker ... ok
test presupposition_stop ... ok
test pragmatics_would_request ... ok
test progressive_aspect_produces_aspectual_operator ... ok
test present_tense_has_no_temporal_operator ... ok
test raising_verb_seems ... ok
test raising_mixed_with_control ... ok
test reflexive_binds_to_subject ... ok
test relative_clause_with_ditransitive ... ok
test same_word_gets_same_symbol ... ok
test scope_nested_quantifier_in_relative_clause ... ok
test scopal_adverb_almost ... ok
test scope_multiple_existentials ... ok
test relative_clause_with_object ... ok
test relative_clause_modifying_quantified_object ... ok
test relative_clause_basic ... ok
test same_lemma_different_tenses_produce_correct_operators ... ok
test scope_quantifier_with_negation ... ok
test scope_quantifier_modal_interaction ... ok
test scope_quantifier_in_object_position ... ok
test single_quantifier_has_one_scope_reading ... ok
test scope_two_quantifiers_surface_vs_inverse ... ok
test some_produces_existential_quantifier ... ok
test scope_three_quantifiers_produces_multiple_readings ... ok
test temporal_adverb_yesterday_produces_anchor ... ok
test superlative_produces_superlative_variant ... ok
test transitive_verb_produces_binary_predicate ... ok
test subject_control_want ... ok
test yes_no_question_produces_yes_no_variant ... ok
test scope_two_quantifiers_both_readings ... ok
test wh_question_produces_question_variant ... ok
test unicode_format_uses_unicode_operators ... ok

test result: ok. 143 passed; 0 failed; 0 ignored; 0 measured; 0 filtered out; finished in 0.02s

     Running tests/intensionality_tests.rs (target/debug/deps/intensionality_tests-828850b8755f16c6)

running 11 tests
test mass_noun_water_uses_sigma ... ok
test believe_exists_produces_two_readings ... ok
test kick_ball_produces_single_reading ... ok
test de_dicto_uses_up_arrow_notation ... ok
test love_produces_single_reading ... ok
test mass_noun_milk_uses_sigma ... ok
test fear_produces_two_readings ... ok
test proper_name_with_opaque_is_de_re_only ... ok
test definite_with_opaque_is_de_re_only ... ok
test need_doctor_produces_two_readings ... ok
test seek_unicorn_produces_two_readings ... ok

test result: ok. 11 passed; 0 failed; 0 ignored; 0 measured; 0 filtered out; finished in 0.00s

     Running tests/interpreter_tests.rs (target/debug/deps/interpreter_tests-ef2fb9091fbd2c85)

running 8 tests
test interpret_contextual_keywords_as_variables ... ok
test interpret_set_operations ... ok
test interpret_give_copy_to_verb_function ... ok
test interpret_show_to_verb_function ... ok
test interpret_simple_set_intersection ... ok
test interpret_give_to_verb_function ... ok
test interpret_simple_set_union ... ok
test interpret_multiple_statements_per_line ... ok

test result: ok. 8 passed; 0 failed; 0 ignored; 0 measured; 0 filtered out; finished in 0.00s

     Running tests/learn_state_tests.rs (target/debug/deps/learn_state_tests-ac8a047fbf6d2ce2)

running 19 tests
test test_collapse_module ... ok
test test_expand_module ... ok
test test_focus_era ... ok
test test_expand_module_also_focuses_era ... ok
test test_focus_state_default ... ok
test test_initial_focus_is_none ... ok
test test_initial_tab_is_lesson ... ok
test test_is_era_visible_when_focused ... ok
test test_module_tab_state_module_id ... ok
test test_reset_exercise ... ok
test test_is_era_visible_when_no_focus ... ok
test test_tab_mode_default_is_lesson ... ok
test test_tab_mode_labels ... ok
test test_tab_modes_all_four_exist ... ok
test test_tab_switch ... ok
test test_tab_switch_resets_submitted ... ok
test test_tab_switch_resets_exercise_index ... ok
test test_unfocus_clears_expanded_module ... ok
test test_unfocus_clears_focus ... ok

test result: ok. 19 passed; 0 failed; 0 ignored; 0 measured; 0 filtered out; finished in 0.00s

     Running tests/modal_scope_tests.rs (target/debug/deps/modal_scope_tests-b64c9d00bb793b8c)

running 23 tests
test may_permission_narrow_scope ... ok
test may_polysemy_permission_vs_possibility ... ok
test can_polysemy_ability_vs_permission ... ok
test modal_scope_cannot_narrow ... ok
test can_ability_narrow_scope ... ok
test could_default_narrow_scope ... ok
test could_polysemy_narrow_vs_wide_scope ... ok
test lacks_in_relative_clause ... ok
test lacks_scope_ambiguity ... ok
test lacks_basic_transformation ... ok
test modal_scope_could_narrow ... ok
test modal_scope_epistemic_might_wide ... ok
test modal_scope_most_can_narrow ... ok
test modal_scope_no_can_narrow ... ok
test modal_scope_few_can_narrow ... ok
test modal_scope_root_can_narrow ... ok
test modal_scope_root_must_narrow ... ok
test modal_scope_root_should_narrow ... ok
test unaccusative_break_intransitive ... ok
test no_user_lacks_key_marketing ... ok
test unaccusative_melt_intransitive ... ok
test unaccusative_intransitive_theme_subject ... ok
test unaccusative_transitive_agent_subject ... ok

test result: ok. 23 passed; 0 failed; 0 ignored; 0 measured; 0 filtered out; finished in 0.00s

     Running tests/parser_fixes_test.rs (target/debug/deps/parser_fixes_test-eadd19ba5496d061)

running 6 tests
test test_weather_verb_it_rains ... ok
test test_both_and_correlative ... ok
test test_weather_verb_in_conditional ... ok
test test_copula_adjective_preserves_subject ... ok
test test_copula_adjective_simple ... ok
test test_copula_adjective_the_ground ... ok

test result: ok. 6 passed; 0 failed; 0 ignored; 0 measured; 0 filtered out; finished in 0.00s

     Running tests/phase100_the_summit.rs (target/debug/deps/phase100_the_summit-7e01e1e80fa2020d)

running 15 tests
test test_dcong_type_error_context ... ok
test test_dcong_succ_congruence ... ok
test test_dcong_fails_on_non_lambda_context ... ok
test test_dcong_fails_on_non_equality_proof ... ok
test test_dcong_type_error_proof ... ok
test test_dcong_nested_context ... ok
test test_dcong_chaining ... ok
test test_dcong_add_congruence ... ok
test test_try_cong_type ... ok
test test_dcong_type ... ok
test test_dcong_with_computed_equality ... ok
test test_try_cong_type_error ... ok
test test_try_cong_basic ... ok
test test_step_case_pattern ... ok
test test_induction_with_congruence_structure ... ok

test result: ok. 15 passed; 0 failed; 0 ignored; 0 measured; 0 filtered out; finished in 0.00s

     Running tests/phase101a_poly_inductive.rs (target/debug/deps/phase101a_poly_inductive-2de7ec55eedb86f8)

running 19 tests
test test_error_missing_colon_in_param ... ok
test test_either_left_type ... ok
test test_either_type_sort ... ok
test test_instantiate_either ... ok
test test_instantiate_cons_nat ... ok
test test_error_empty_parameter_list ... ok
test test_definition_using_list ... ok
test test_instantiate_nil_nat ... ok
test test_instantiate_list_nat ... ok
test test_eval_list_construction ... ok
test test_parse_polymorphic_inductive_list ... ok
test test_parse_two_parameter_inductive ... ok
test test_monomorphic_with_args_still_works ... ok
test test_parameter_with_arrow_type ... ok
test test_monomorphic_still_works ... ok
test test_polymorphic_nil_type ... ok
test test_polymorphic_list_type_sort ... ok
test test_polymorphic_cons_type ... ok
test test_type_error_wrong_arity ... ok

test result: ok. 19 passed; 0 failed; 0 ignored; 0 measured; 0 filtered out; finished in 0.00s

     Running tests/phase101b_generic_elim.rs (target/debug/deps/phase101b_generic_elim-883f44e9219fd2a6)

running 13 tests
test test_dcase_type ... ok
test test_delim_type ... ok
test test_build_case_chain ... ok
test test_dcaseend_type ... ok
test test_delim_type_error_motive ... ok
test test_delim_type_error_cases ... ok
test test_delim_nat_type_check ... ok
test test_dcase_type_error ... ok
test test_delim_list_type_check ... ok
test test_delim_unknown_inductive ... ok
test test_delim_wrong_number_of_cases ... ok
test test_delim_wrong_case_conclusion ... ok
test test_delim_nat_concludes ... ok

test result: ok. 13 passed; 0 failed; 0 ignored; 0 measured; 0 filtered out; finished in 0.00s

     Running tests/phase101c_list_ops.rs (target/debug/deps/phase101c_list_ops-9b093a4f7bd3897f)

running 16 tests
test test_define_list ... ok
test test_length_nil ... ok
test test_length_append ... ok
test test_length_two ... ok
test test_id_function ... ok
test test_append_cons_left ... ok
test test_length_singleton ... ok
test test_append_type ... ok
test test_append_two_lists ... ok
test test_list_nat_values ... ok
test test_append_nil_left ... ok
test test_length_type ... ok
test test_map_nil ... ok
test test_map_succ ... ok
test test_map_type ... ok
test test_map_preserves_length ... ok

test result: ok. 16 passed; 0 failed; 0 ignored; 0 measured; 0 filtered out; finished in 0.02s

     Running tests/phase101d_theorems.rs (target/debug/deps/phase101d_theorems-c40bf0feb2038522)

running 14 tests
test test_delim_list_structure ... ok
test test_append_nil_r_theorem_statement ... ok
test test_append_length_property ... ok
test test_append_nil_r_base_case ... ok
test test_length_append_longer_lists ... ok
test test_length_append_step_case ... ok
test test_length_append_base_case ... ok
test test_append_assoc_base_case ... ok
test test_append_assoc_step_case ... ok
test test_append_nil_r_step_case ... ok
test test_map_id_longer_list ... ok
test test_map_composition ... ok
test test_map_id_base_case ... ok
test test_map_id_step_case ... ok

test result: ok. 14 passed; 0 failed; 0 ignored; 0 measured; 0 filtered out; finished in 0.02s

     Running tests/phase102_bridge.rs (target/debug/deps/phase102_bridge-d8508c41ee68df2d)

running 11 tests
test test_runtime_inductive_equality ... ok
test test_interpreter_get_constructors ... ok
test test_runtime_inductive_succ ... ok
test test_interpreter_with_kernel_context ... ok
test test_runtime_inductive_list ... ok
test test_runtime_inductive_display_nested ... ok
test test_runtime_inductive_zero ... ok
test e2e_nested_inductive_inspect ... ok
test e2e_is_either_creates_inductive ... ok
test e2e_is_one_of_creates_inductive ... ok
test e2e_recursive_inductive ... ok

test result: ok. 11 passed; 0 failed; 0 ignored; 0 measured; 0 filtered out; finished in 14.52s

     Running tests/phase103_generics.rs (target/debug/deps/phase103_generics-9a55c952e3de7a81)

running 11 tests
test test_parse_multi_param_generic ... ok
test test_parse_polymorphic_list ... ok
test e2e_polymorphic_list_text ... ok
test e2e_nested_polymorphic_inspect ... ok
test e2e_polymorphic_tree ... ok
test e2e_recursive_polymorphic_list ... ok
test e2e_polymorphic_either ... ok
test e2e_polymorphic_option_text ... ok
test e2e_polymorphic_option_int ... ok
test e2e_polymorphic_either_right ... ok
test e2e_polymorphic_list_int ... ok

test result: ok. 11 passed; 0 failed; 0 ignored; 0 measured; 0 filtered out; finished in 16.81s

     Running tests/phase10_ellipsis.rs (target/debug/deps/phase10_ellipsis-0641f959f6d0b480)

running 4 tests
test modal_ellipsis_can_too ... ok
test ellipsis_with_object ... ok
test vp_ellipsis_does_too ... ok
test negative_ellipsis_does_not ... ok

test result: ok. 4 passed; 0 failed; 0 ignored; 0 measured; 0 filtered out; finished in 0.00s

     Running tests/phase10_io.rs (target/debug/deps/phase10_io-daa424f49636683d)

running 17 tests
test test_read_file_tokens ... ok
test test_read_console_tokens ... ok
test test_read_missing_source_fails ... ok
test test_read_missing_from_fails ... ok
test test_read_from_file_variable_path ... ok
test test_read_from_console_codegen ... ok
test test_read_from_file_codegen ... ok
test test_io_in_loop ... ok
test test_io_in_function ... ok
test test_read_and_write_file ... ok
test test_read_from_console_without_article ... ok
test test_io_in_conditional ... ok
test test_write_file_tokens ... ok
test test_write_missing_to_fails ... ok
test test_write_missing_file_fails ... ok
test test_write_to_file_codegen ... ok
test test_write_variable_to_file ... ok

test result: ok. 17 passed; 0 failed; 0 ignored; 0 measured; 0 filtered out; finished in 0.00s

     Running tests/phase10b_sluicing.rs (target/debug/deps/phase10b_sluicing-7807f445a9f60063)

running 4 tests
test sluicing_basic_who ... ok
test sluicing_mid_sentence ... ok
test sluicing_with_negation ... ok
test sluicing_object_what ... ok

test result: ok. 4 passed; 0 failed; 0 ignored; 0 measured; 0 filtered out; finished in 0.00s

     Running tests/phase11_metaphor.rs (target/debug/deps/phase11_metaphor-0d2aff90a700183f)

running 4 tests
test literal_john_man ... ok
test metaphor_time_money ... ok
test metaphor_juliet_sun ... ok
test literal_king_bald ... ok

test result: ok. 4 passed; 0 failed; 0 ignored; 0 measured; 0 filtered out; finished in 0.00s

     Running tests/phase11_sorts.rs (target/debug/deps/phase11_sorts-34fde6128bf3e486)

running 6 tests
test sort_compatibility ... ok
test sort_lookup_celestial ... ok
test sort_lookup_abstract ... ok
test sort_lookup_human ... ok
test sort_lookup_physical ... ok
test literal_copula_preserved ... ok

test result: ok. 6 passed; 0 failed; 0 ignored; 0 measured; 0 filtered out; finished in 0.00s

     Running tests/phase12_ambiguity.rs (target/debug/deps/phase12_ambiguity-99ace5b58b7fa3dd)

running 8 tests
test forest_preserves_all_valid_parses ... ok
test classic_time_flies ... ok
test ambiguous_love_preserved ... ok
test unambiguous_sentence_single_reading ... ok
test lexical_ambiguity_duck ... ok
test ambiguous_bear_noun_verb ... ok
test pp_attachment_both_readings_include_pp ... ok
test structural_ambiguity_pp_attachment ... ok

test result: ok. 8 passed; 0 failed; 0 ignored; 0 measured; 0 filtered out; finished in 0.00s

     Running tests/phase13_mwe.rs (target/debug/deps/phase13_mwe-78209b5b951927fb)

running 16 tests
test test_kick_the_bucket_idiom ... ok
test test_fire_engine_compound ... ok
test test_compound_with_definite_article ... ok
test test_ice_cream_compound ... ok
test test_indefinite_article_with_mwe ... ok
test test_indefinite_article_with_unknown_word ... ok
test test_fire_alone_not_merged ... ok
test test_engine_alone_not_merged ... ok
test test_indefinite_article_at_start ... ok
test test_give_up_phrasal_verb ... ok
test test_stopped_intransitive ... ok
test test_stopped_with_definite_noun_subject ... ok
test test_stopped_with_gerund_still_presupposition ... ok
test test_kicks_the_bucket_present ... ok
test test_mwe_pipeline_token_merging ... ok
test test_united_states_proper ... ok

test result: ok. 16 passed; 0 failed; 0 ignored; 0 measured; 0 filtered out; finished in 0.00s

     Running tests/phase14_ontology.rs (target/debug/deps/phase14_ontology-ac4392f5d7c0ff70)

running 8 tests
test test_no_metaphor_when_compatible ... ok
test test_metaphor_wrapper_verb ... ok
test test_bridging_ambiguity_forest ... ok
test test_metaphor_wrapper_adjective ... ok
test test_bridging_house_door ... ok
test test_no_metaphor_for_mental_verb_with_animate ... ok
test test_bridging_forward_link ... ok
test test_no_bridging_when_direct_antecedent ... ok

test result: ok. 8 passed; 0 failed; 0 ignored; 0 measured; 0 filtered out; finished in 0.00s

     Running tests/phase15_negation.rs (target/debug/deps/phase15_negation-9684dcda0b5627c7)

running 11 tests
test test_nobody_negative_quantifier ... ok
test test_nothing_negative_quantifier ... ok
test test_anything_standalone ... ok
test test_no_one_mwe ... ok
test test_anyone_npi ... ok
test test_never_negative_temporal ... ok
test test_ever_temporal_npi ... ok
test test_not_all_scope ... ok
test test_free_choice_any ... ok
test test_no_licenses_npi ... ok
test test_npi_any_with_negation ... ok

test result: ok. 11 passed; 0 failed; 0 ignored; 0 measured; 0 filtered out; finished in 0.00s

     Running tests/phase16_aspect.rs (target/debug/deps/phase16_aspect-c2df2eff56b0408b)

running 4 tests
test test_perfect_passive ... ok
test test_modal_perfect_progressive ... ok
test test_perfect_copular_state ... ok
test test_perfect_progressive_active ... ok

test result: ok. 4 passed; 0 failed; 0 ignored; 0 measured; 0 filtered out; finished in 0.00s

     Running tests/phase17_degrees.rs (target/debug/deps/phase17_degrees-16685cd2cf26ceb7)

running 3 tests
test test_clausal_comparative_ellipsis ... ok
test test_comparative_with_measure ... ok
test test_superlative_relative_scope ... ok

test result: ok. 3 passed; 0 failed; 0 ignored; 0 measured; 0 filtered out; finished in 0.00s

     Running tests/phase18_plurality.rs (target/debug/deps/phase18_plurality-02fb45cea1d8d9c3)

running 5 tests
test test_forced_distributive ... ok
test test_forced_collective ... ok
test test_mixed_verb_singular_no_fork ... ok
test test_mixed_verb_ambiguity ... ok
test test_mixed_verb_with_definite_plural ... ok

test result: ok. 5 passed; 0 failed; 0 ignored; 0 measured; 0 filtered out; finished in 0.00s

     Running tests/phase19_group_plurals.rs (target/debug/deps/phase19_group_plurals-becb2b19b9bc8d79)

running 4 tests
test test_cardinal_collective_verb_group_reading ... ok
test test_cardinal_distributive_verb_single_reading ... ok
test test_cardinal_group_structure ... ok
test test_cardinal_mixed_verb_two_readings ... ok

test result: ok. 4 passed; 0 failed; 0 ignored; 0 measured; 0 filtered out; finished in 0.00s

     Running tests/phase1_garden_path.rs (target/debug/deps/phase1_garden_path-74ef3d86eaaf4125)

running 2 tests
test garden_path_simple_reduced_relative ... ok
test garden_path_reduced_relative ... ok

test result: ok. 2 passed; 0 failed; 0 ignored; 0 measured; 0 filtered out; finished in 0.00s

     Running tests/phase20_axioms.rs (target/debug/deps/phase20_axioms-480a48b80f41cbf4)

running 4 tests
test test_hypernym_expansion ... ok
test test_analytic_entailment_bachelor ... ok
test test_verbal_entailment_murder ... ok
test test_privative_adjective_fake ... ok

test result: ok. 4 passed; 0 failed; 0 ignored; 0 measured; 0 filtered out; finished in 0.00s

     Running tests/phase21_block_headers.rs (target/debug/deps/phase21_block_headers-b5f1dab441f0c123)

running 6 tests
test single_hash_not_block_header ... ok
test main_block_detected ... ok
test block_header_preserves_content ... ok
test non_block_input_unchanged ... ok
test theorem_block_detected ... ok
test definition_block_detected ... ok

test result: ok. 6 passed; 0 failed; 0 ignored; 0 measured; 0 filtered out; finished in 0.00s

     Running tests/phase21_imperative_verbs.rs (target/debug/deps/phase21_imperative_verbs-006b7039d702f577)

running 6 tests
test parser_switches_mode_on_main_block ... ok
test parser_stays_declarative_on_theorem_block ... ok
test parser_mode_getter_exists ... ok
test unknown_word_in_imperative_errors ... ok
test unknown_word_in_declarative_succeeds ... ok
test declarative_mode_parses_neoevent ... ok

test result: ok. 6 passed; 0 failed; 0 ignored; 0 measured; 0 filtered out; finished in 0.00s

     Running tests/phase21_ownership.rs (target/debug/deps/phase21_ownership-7145802aeaf5d983)

running 14 tests
test moved_variable_detected ... ok
test borrowed_variable_still_accessible ... ok
test entity_starts_owned ... ok
test ownership_state_can_be_borrowed ... ok
test ownership_state_can_be_moved ... ok
test get_ownership_returns_current_state ... ok
test give_token_recognized ... ok
test show_token_recognized ... ok
test give_statement_marks_variable_as_moved ... ok
test give_statement_parses ... ok
test use_after_give_produces_error ... ok
test show_statement_parses ... ok
test show_statement_marks_variable_as_borrowed ... ok
test variable_accessible_after_show ... ok

test result: ok. 14 passed; 0 failed; 0 ignored; 0 measured; 0 filtered out; finished in 0.00s

     Running tests/phase22_equals.rs (target/debug/deps/phase22_equals-818089ce5bc836a4)

running 3 tests
test equals_is_tokenized ... ok
test equals_in_conditional ... ok
test equals_distinct_from_is ... ok

test result: ok. 3 passed; 0 failed; 0 ignored; 0 measured; 0 filtered out; finished in 0.00s

     Running tests/phase22_index.rs (target/debug/deps/phase22_index-92df4ccdc3afaf7a)

running 9 tests
test zero_index_error_exists ... ok
test item_1_lexer_valid ... ok
test items_token_recognized ... ok
test item_token_recognized ... ok
test item_followed_by_zero_tokenizes ... ok
test slice_rejects_zero_start ... ok
test slice_rejects_zero_end ... ok
test slice_parses ... ok
test slice_codegen ... ok

test result: ok. 9 passed; 0 failed; 0 ignored; 0 measured; 0 filtered out; finished in 0.00s

     Running tests/phase22_is_rejection.rs (target/debug/deps/phase22_is_rejection-e4d223ff4d8783ff)

running 4 tests
test x_is_5_errors_in_imperative ... ok
test x_equals_5_accepted ... ok
test let_x_is_5_accepted ... ok
test x_is_true_accepted ... ok

test result: ok. 4 passed; 0 failed; 0 ignored; 0 measured; 0 filtered out; finished in 0.00s

     Running tests/phase22_resolution.rs (target/debug/deps/phase22_resolution-b7029d75fcb21e14)

running 3 tests
test resolution_shadowing_works ... ok
test resolution_order_scope_before_fallback ... ok
test resolution_ownership_tracked ... ok

test result: ok. 3 passed; 0 failed; 0 ignored; 0 measured; 0 filtered out; finished in 0.00s

     Running tests/phase22_scope.rs (target/debug/deps/phase22_scope-040dbf6739af26c6)

running 6 tests
test pop_scope_removes_bindings ... ok
test scope_stack_starts_empty ... ok
test nested_scopes_shadow_outer ... ok
test lookup_mut_can_modify_entry ... ok
test can_bind_and_lookup_variable ... ok
test shadowed_variable_restored_after_pop ... ok

test result: ok. 6 passed; 0 failed; 0 ignored; 0 measured; 0 filtered out; finished in 0.00s

     Running tests/phase23_blocks.rs (target/debug/deps/phase23_blocks-e2131b17a09bff6f)

running 12 tests
test colon_token_generated ... ok
test if_token_recognized ... ok
test call_token_recognized ... ok
test indent_token_generated ... ok
test dedent_token_generated ... ok
test otherwise_token_recognized ... ok
test call_statement_parses ... ok
test if_else_block_parses ... ok
test if_block_parses ... ok
test nested_if_blocks_parse ... ok
test while_token_recognized ... ok
test while_block_parses ... ok

test result: ok. 12 passed; 0 failed; 0 ignored; 0 measured; 0 filtered out; finished in 0.00s

     Running tests/phase23_parsing.rs (target/debug/deps/phase23_parsing-254c0c2ece85ee2e)

running 4 tests
test return_statement_parses ... ok
test parse_program_method_exists ... ok
test let_statement_parses ... ok
test set_statement_parses ... ok

test result: ok. 4 passed; 0 failed; 0 ignored; 0 measured; 0 filtered out; finished in 0.00s

     Running tests/phase23_stmt.rs (target/debug/deps/phase23_stmt-9350aad0390c952f)

running 10 tests
test expr_identifier_variant_exists ... ok
test expr_literal_variant_exists ... ok
test literal_variants_exist ... ok
test stmt_call_variant_exists ... ok
test stmt_if_variant_exists ... ok
test stmt_let_variant_exists ... ok
test stmt_return_variant_exists ... ok
test stmt_return_with_value_variant ... ok
test stmt_set_variant_exists ... ok
test stmt_while_variant_exists ... ok

test result: ok. 10 passed; 0 failed; 0 ignored; 0 measured; 0 filtered out; finished in 0.00s

     Running tests/phase23_tokens.rs (target/debug/deps/phase23_tokens-e4caba140497dfc4)

running 9 tests
test let_be_sequence_tokenizes ... ok
test be_not_keyword_in_passive ... ok
test assert_token_recognized ... ok
test otherwise_token_recognized ... ok
test return_token_recognized ... ok
test let_token_recognized ... ok
test be_token_after_let ... ok
test while_token_recognized ... ok
test set_token_recognized ... ok

test result: ok. 9 passed; 0 failed; 0 ignored; 0 measured; 0 filtered out; finished in 0.00s

     Running tests/phase23_types.rs (target/debug/deps/phase23_types-94f41c3db7d00f25)

running 18 tests
test type_registry_get_returns_type_def ... ok
test intrinsic_list_is_generic ... ok
test type_registry_is_generic ... ok
test type_registry_intrinsic_generics ... ok
test parser_without_registry_returns_false ... ok
test possessive_still_works_without_type ... ok
test parser_has_type_registry ... ok
test type_registry_new ... ok
test type_registry_register_type ... ok
test discovery_pass_returns_primitives ... ok
test type_registry_with_primitives_has_int ... ok
test discovery_pass_finds_enum_definition ... ok
test type_registry_with_primitives_has_nat ... ok
test type_registry_with_primitives_has_text ... ok
test discovery_pass_finds_struct_definition ... ok
test discovery_pass_finds_generic_definition ... ok
test type_registry_with_primitives_has_bool ... ok
test discovery_pass_ignores_non_definition_blocks ... ok

test result: ok. 18 passed; 0 failed; 0 ignored; 0 measured; 0 filtered out; finished in 0.00s

     Running tests/phase24_codegen.rs (target/debug/deps/phase24_codegen-38a0c1ccdc68203d)

running 21 tests
test codegen_identifier ... ok
test codegen_index_5_becomes_4 ... ok
test codegen_binary_add ... ok
test codegen_binary_eq ... ok
test codegen_index_1_indexed ... ok
test codegen_let_mutable ... ok
test codegen_let_statement ... ok
test codegen_literal_boolean_false ... ok
test codegen_indentation ... ok
test codegen_if_without_else ... ok
test codegen_literal_boolean_true ... ok
test codegen_call_statement ... ok
test codegen_literal_nothing ... ok
test codegen_literal_number ... ok
test codegen_literal_text ... ok
test codegen_module_exists ... ok
test codegen_return_with_value ... ok
test codegen_program_wraps_in_main ... ok
test codegen_return_without_value ... ok
test codegen_set_statement ... ok
test codegen_while_loop ... ok

test result: ok. 21 passed; 0 failed; 0 ignored; 0 measured; 0 filtered out; finished in 0.00s

     Running tests/phase24_wired_types.rs (target/debug/deps/phase24_wired_types-435f44ae7c2bb20a)

running 8 tests
test compile_to_rust_basic_let ... ok
test compile_call_statement ... ok
test compile_with_while_loop ... ok
test compile_with_if_statement ... ok
test compile_assert_statement ... ok
test compile_range_expression ... ok
test compile_to_rust_return ... ok
test compile_index_expression ... ok

test result: ok. 8 passed; 0 failed; 0 ignored; 0 measured; 0 filtered out; finished in 0.00s

     Running tests/phase25_assertions.rs (target/debug/deps/phase25_assertions-1afa095639eb667b)

running 11 tests
test codegen_assertion_exists ... ok
test codegen_term_constant ... ok
test codegen_atom_as_boolean ... ok
test codegen_term_integer ... ok
test codegen_term_variable ... ok
test codegen_binary_and ... ok
test codegen_predicate_greater ... ok
test codegen_identity_as_equality ... ok
test codegen_predicate_less ... ok
test codegen_binary_or ... ok
test codegen_unary_not ... ok

test result: ok. 11 passed; 0 failed; 0 ignored; 0 measured; 0 filtered out; finished in 0.00s

     Running tests/phase25_smoke_tests.rs (target/debug/deps/phase25_smoke_tests-9c97e76d33c3f339)

running 9 tests
test test_smoke_05_performative ... ok
test test_smoke_01b_adverb_scope_intransitive ... ok
test test_smoke_07_double_focus ... ok
test test_smoke_02_negation_scope_ambiguity ... ok
test test_smoke_01_adverb_scope_almost ... ok
test test_smoke_03_donkey_anaphora ... ok
test test_smoke_01c_adverb_scope_barely ... ok
test test_smoke_04_intensional_identity ... ok
test test_smoke_06_distanced_phrasal_verb ... ok

test result: ok. 9 passed; 0 failed; 0 ignored; 0 measured; 0 filtered out; finished in 0.00s

     Running tests/phase25_type_expr.rs (target/debug/deps/phase25_type_expr-be4a2c896fae1099)

running 11 tests
test let_without_annotation_still_works ... ok
test let_with_list_of_int ... ok
test let_with_option_of_text ... ok
test let_with_int_annotation ... ok
test let_with_result_two_params ... ok
test let_with_nat_annotation ... ok
test mutable_with_int_annotation ... ok
test let_with_nested_generic ... ok
test let_with_bool_annotation ... ok
test let_with_text_annotation ... ok
test mutable_with_list_annotation ... ok

test result: ok. 11 passed; 0 failed; 0 ignored; 0 measured; 0 filtered out; finished in 0.00s

     Running tests/phase26_e2e.rs (target/debug/deps/phase26_e2e-e9887511ce1141f9)

running 5 tests
test tests::compile_just_return ... ok
test tests::compile_set_statement ... ok
test tests::compile_assert_greater_than ... ok
test tests::compile_let_and_return ... ok
test tests::compile_let_statement ... ok

test result: ok. 5 passed; 0 failed; 0 ignored; 0 measured; 0 filtered out; finished in 0.00s

     Running tests/phase27_guards.rs (target/debug/deps/phase27_guards-b022f2bac243aea5)

running 4 tests
test reject_is_for_value_equality ... ok
test reject_item_zero ... ok
test accept_equals_for_value_equality ... ok
test accept_item_one ... ok

test result: ok. 4 passed; 0 failed; 0 ignored; 0 measured; 0 filtered out; finished in 0.00s

     Running tests/phase28_precedence.rs (target/debug/deps/phase28_precedence-a3ac6ce3f7cefc7d)

running 6 tests
test and_binds_tighter_than_or ... ok
test mixed_precedence_complex ... ok
test left_associative_and ... ok
test explicit_grouping_with_and_first ... ok
test left_associative_or ... ok
test explicit_grouping_with_or_first ... ok

test result: ok. 6 passed; 0 failed; 0 ignored; 0 measured; 0 filtered out; finished in 0.00s

     Running tests/phase29_runtime.rs (target/debug/deps/phase29_runtime-4413d18cb5b1c1e6)

running 4 tests
test runtime_has_type_aliases ... ok
test runtime_crates_are_injected ... ok
test runtime_has_io_functions ... ok
test crates_export_required_modules ... ok

test result: ok. 4 passed; 0 failed; 0 ignored; 0 measured; 0 filtered out; finished in 0.04s

     Running tests/phase2_polarity.rs (target/debug/deps/phase2_polarity-7292791c91940b98)

running 4 tests
test any_with_double_negation ... ok
test npi_any_is_existential ... ok
test free_choice_any_is_universal ... ok
test any_in_conditional_antecedent ... ok

test result: ok. 4 passed; 0 failed; 0 ignored; 0 measured; 0 filtered out; finished in 0.00s

     Running tests/phase30_iteration.rs (target/debug/deps/phase30_iteration-955d3eab0c55718c)

running 8 tests
test test_list_literal_codegen ... ok
test test_empty_list_codegen ... ok
test test_repeat_with_variable_iterator ... ok
test test_repeat_loop_codegen ... ok
test test_seq_type_annotation_codegen ... ok
test test_range_loop_codegen ... ok
test test_runtime_seq_type ... ok
test test_showable_trait_exported ... ok

test result: ok. 8 passed; 0 failed; 0 ignored; 0 measured; 0 filtered out; finished in 0.03s

     Running tests/phase31_structs.rs (target/debug/deps/phase31_structs-8cd59a93b2a228f5)

running 6 tests
test test_struct_definition_parsed ... ok
test test_field_visibility_codegen ... ok
test test_public_field_codegen ... ok
test test_struct_derives ... ok
test test_new_constructor ... ok
test test_field_access_possessive ... ok

test result: ok. 6 passed; 0 failed; 0 ignored; 0 measured; 0 filtered out; finished in 0.00s

     Running tests/phase32_functions.rs (target/debug/deps/phase32_functions-aca9d427ef56ec89)

running 7 tests
test test_function_block_tokenized ... ok
test test_call_statement_with_defined_function ... ok
test test_unit_return_type ... ok
test test_function_codegen ... ok
test test_function_definition_parsed ... ok
test test_return_type_inference ... ok
test test_function_call_expression ... ok

test result: ok. 7 passed; 0 failed; 0 ignored; 0 measured; 0 filtered out; finished in 0.00s

     Running tests/phase33_enums.rs (target/debug/deps/phase33_enums-8109eee26eb7a965)

running 9 tests
test test_enum_definition_tokenized ... ok
test test_unit_variants_discovered ... ok
test test_enum_codegen ... ok
test test_variant_constructor ... ok
test test_otherwise_clause ... ok
test test_inspect_statement_parsed ... ok
test test_payload_variants_discovered ... ok
test test_concise_variant_syntax ... ok
test test_full_pattern_matching_codegen ... ok

test result: ok. 9 passed; 0 failed; 0 ignored; 0 measured; 0 filtered out; finished in 0.00s

     Running tests/phase34_generics.rs (target/debug/deps/phase34_generics-7cbd16bd518a8114)

running 8 tests
test test_generic_struct_discovered ... ok
test test_generic_struct_codegen ... ok
test test_three_param_generic ... ok
test test_generic_enum ... ok
test test_generic_result_pattern ... ok
test test_generic_instantiation ... ok
test test_generic_with_builtin ... ok
test test_two_param_generic ... ok

test result: ok. 8 passed; 0 failed; 0 ignored; 0 measured; 0 filtered out; finished in 0.00s

     Running tests/phase35_proofs.rs (target/debug/deps/phase35_proofs-d8a51592d5a0e07b)

running 8 tests
test test_assert_unchanged ... ok
test test_trust_compound_logic ... ok
test test_trust_with_causal_logic ... ok
test test_trust_complex_proposition ... ok
test test_trust_statement ... ok
test test_assert_in_function ... ok
test test_trust_without_that ... ok
test test_trust_in_function ... ok

test result: ok. 8 passed; 0 failed; 0 ignored; 0 measured; 0 filtered out; finished in 0.00s

     Running tests/phase35_respectively.rs (target/debug/deps/phase35_respectively-54fa8a1874e2d847)

running 11 tests
test respectively_length_mismatch_error ... ok
test respectively_three_vs_two_mismatch ... ok
test respectively_comma_separated_subjects ... ok
test respectively_past_tense ... ok
test respectively_ditransitive ... ok
test respectively_three_elements ... ok
test respectively_basic_pairwise ... ok
test respectively_present_tense ... ok
test respectively_with_articles ... ok
test respectively_one_vs_two_mismatch ... ok
test without_respectively_not_pairwise ... ok

test result: ok. 11 passed; 0 failed; 0 ignored; 0 measured; 0 filtered out; finished in 0.00s

     Running tests/phase36_modules.rs (target/debug/deps/phase36_modules-1299c3bfb8f9198e)

running 9 tests
test test_no_dependencies_without_abstract ... ok
test test_ignore_links_after_abstract ... ok
test test_multiline_abstract ... ok
test test_scan_dependencies_in_abstract ... ok
test test_logos_std_import ... ok
test test_from_module_lexer ... ok
test test_loader_file_scheme ... ok
test test_recursive_discovery_imports_types ... ok
test test_compile_project_with_imports ... ok

test result: ok. 9 passed; 0 failed; 0 ignored; 0 measured; 0 filtered out; finished in 0.00s

     Running tests/phase37_cli.rs (target/debug/deps/phase37_cli-6e06e80ef66904d9)

running 0 tests

test result: ok. 0 passed; 0 failed; 0 ignored; 0 measured; 0 filtered out; finished in 0.00s

     Running tests/phase38_stdlib.rs (target/debug/deps/phase38_stdlib-984634b1ea17e91d)

running 12 tests
test test_now_tokenization ... ok
test test_arrow_tokenization ... ok
test test_native_function_parse ... ok
test test_random_int_codegen ... ok
test test_option_type_mapping ... ok
test test_native_nullary_function ... ok
test test_env_args_codegen ... ok
test test_native_multi_param_function ... ok
test test_result_type_mapping ... ok
test test_file_read_codegen ... ok
test test_time_now_codegen ... ok
test test_seq_type_mapping ... ok

test result: ok. 12 passed; 0 failed; 0 ignored; 0 measured; 0 filtered out; finished in 0.00s

     Running tests/phase3_aspect.rs (target/debug/deps/phase3_aspect-e8035b5faed016f2)

running 3 tests
test aspect_simple_passive ... ok
test aspect_passive_with_agent ... ok
test aspect_chain_would_have_been_being ... ok

test result: ok. 3 passed; 0 failed; 0 ignored; 0 measured; 0 filtered out; finished in 0.00s

     Running tests/phase3_time.rs (target/debug/deps/phase3_time-0e522ef03b2ce613)

running 6 tests
test single_sentence_no_precedes ... ok
test narrative_progression_two_sentences ... ok
test narrative_preserves_pronoun_resolution ... ok
test narrative_progression_three_sentences ... ok
test event_variables_unique_across_discourse ... ok
test four_sentence_chain ... ok

test result: ok. 6 passed; 0 failed; 0 ignored; 0 measured; 0 filtered out; finished in 0.00s

     Running tests/phase41_event_adjectives.rs (target/debug/deps/phase41_event_adjectives-1de2c127cce440c8)

running 8 tests
test regular_adjective_noun_single_reading ... ok
test tall_dancer_only_intersective ... ok
test graceful_singer_two_readings ... ok
test skillful_teacher_two_readings ... ok
test event_reading_structure ... ok
test young_dancer_only_intersective ... ok
test slow_runner_two_readings ... ok
test beautiful_dancer_two_readings ... ok

test result: ok. 8 passed; 0 failed; 0 ignored; 0 measured; 0 filtered out; finished in 0.00s

     Running tests/phase42_drs.rs (target/debug/deps/phase42_drs-3ad3e39b2be5a4b8)

running 18 tests
test drs_its_possessive_grammar_error ... ok
test drs_pronoun_binding ... ok
test drs_antecedent_accessible ... ok
test drs_generic_conditional_event_lifting ... ok
test drs_conditional_donkey ... ok
test drs_negative_donkey ... ok
test drs_basic_donkey ... ok
test drs_coordinated_weather_verbs ... ok
test drs_nested_relative ... ok
test drs_multiple_indefinites ... ok
test drs_weather_adjective_consequent ... ok
test drs_pronoun_gender_mismatch ... ok
test drs_quantifier_ordering ... ok
test drs_proportional_most ... ok
test drs_weather_adjective_contraction ... ok
test drs_weather_compound_adjectives ... ok
test drs_weather_disjunction ... ok
test drs_weather_event_semantics ... ok

test result: ok. 18 passed; 0 failed; 0 ignored; 0 measured; 0 filtered out; finished in 0.00s

     Running tests/phase43_collections.rs (target/debug/deps/phase43_collections-c199fa58d84ee621)

running 9 tests
test index_expression_parses ... ok
test length_expression_parses ... ok
test slice_expression_parses ... ok
test copy_expression_parses ... ok
test pop_into_variable_parses ... ok
test push_statement_parses ... ok
test pop_statement_parses ... ok
test push_with_expression_parses ... ok
test collection_operations_in_sequence ... ok

test result: ok. 9 passed; 0 failed; 0 ignored; 0 measured; 0 filtered out; finished in 0.00s

     Running tests/phase43_discourse_scope.rs (target/debug/deps/phase43_discourse_scope-57f0da9021f22785)

running 20 tests
test test_empty_discourse ... ok
test test_conditional_antecedent_accessible_in_consequent ... ok
test test_double_negation_still_blocks ... ok
test test_complex_backtracking ... ok
test test_backtracking_preserves_drs_state ... ok
test test_gender_mismatch_blocks ... ok
test test_negation_blocks_anaphora ... ok
test test_main_clause_indefinite_accessible ... ok
test test_conditional_cross_sentence_strict ... ok
test test_disjunction_blocks_anaphora ... ok
test test_multiple_accessible_most_recent ... ok
test test_proper_name_accessible ... ok
test test_number_mismatch_blocks ... ok
test test_scope_error_message_explains_negation ... ok
test test_single_sentence_discourse ... ok
test test_telescoping_chain ... ok
test test_telescoping_conditional ... ok
test test_telescoping_negation_fails ... ok
test test_telescoping_passive_continuation ... ok
test test_telescoping_universal_succeeds ... ok

test result: ok. 20 passed; 0 failed; 0 ignored; 0 measured; 0 filtered out; finished in 0.00s

     Running tests/phase43_refinement.rs (target/debug/deps/phase43_refinement-4489ea1f009a7ff0)

running 15 tests
test refinement_type_variant_exists ... ok
test test_refinement_and_predicate ... ok
test test_refinement_greater_equal ... ok
test test_refinement_enforced_on_set ... ok
test test_refinement_less_than ... ok
test test_parse_int_where_positive ... ok
test test_parse_refinement_with_variable_name ... ok
test test_refinement_less_equal ... ok
test test_refinement_generates_debug_assert_at_let ... ok
test test_refinement_not_equal ... ok
test test_multiple_refined_vars_same_scope ... ok
test test_refinement_or_predicate ... ok
test test_refinement_variable_substitution ... ok
test test_refinement_while_scope ... ok
test test_refinement_respects_block_scope ... ok

test result: ok. 15 passed; 0 failed; 0 ignored; 0 measured; 0 filtered out; finished in 0.01s

     Running tests/phase43_type_check.rs (target/debug/deps/phase43_type_check-8c5ec339c7ef259b)

running 8 tests
test nat_accepts_int_literal ... ok
test correct_int_type_annotation ... ok
test correct_text_type_annotation ... ok
test type_mismatch_int_with_text_literal ... ok
test type_mismatch_text_with_int_literal ... ok
test type_mismatch_bool_with_int_literal ... ok
test no_type_annotation_allowed ... ok
test correct_bool_type_annotation ... ok

test result: ok. 8 passed; 0 failed; 0 ignored; 0 measured; 0 filtered out; finished in 0.00s

     Running tests/phase44_distributive.rs (target/debug/deps/phase44_distributive-7171f3c5a21cc529)

running 11 tests
test test_is_distributive_verb_predicate ... ok
test test_tripartite_classification_mutually_exclusive ... ok
test test_implicit_distributive_unchanged ... ok
test test_distributive_verb_eat ... ok
test verify_sigma_in_definite_plural_output ... ok
test test_mixed_verb_still_forks ... ok
test test_collective_verb_no_fork ... ok
test test_distributive_verb_die ... ok
test test_sigma_operator_in_output ... ok
test verify_collective_vs_distributive_output ... ok
test test_explicit_distributive_verb ... ok

test result: ok. 11 passed; 0 failed; 0 ignored; 0 measured; 0 filtered out; finished in 0.00s

     Running tests/phase44_modal_subordination.rs (target/debug/deps/phase44_modal_subordination-49256c63798354b8)

running 9 tests
test test_negation_inside_modal ... ok
test test_multiple_referents_in_modal ... ok
test test_may_would_subordination ... ok
test test_different_modal_no_subordination ... ok
test test_deontic_subordination ... ok
test test_would_standalone ... ok
test test_chain_subordination ... ok
test test_could_would_subordination ... ok
test test_might_would_subordination ... ok

test result: ok. 9 passed; 0 failed; 0 ignored; 0 measured; 0 filtered out; finished in 0.00s

     Running tests/phase45_intension.rs (target/debug/deps/phase45_intension-5f9eaeb410f8643c)

running 13 tests
test decreasing_is_intensional_predicate ... ok
test increasing_is_intensional_predicate ... ok
test changing_is_intensional_predicate ... ok
test opaque_and_intensional_are_distinct ... ok
test rising_is_intensional_predicate ... ok
test running_is_not_intensional_predicate ... ok
test sleeping_is_not_intensional_predicate ... ok
test man_is_sleeping_is_extensional ... ok
test price_is_changing_uses_intension ... ok
test dog_is_running_is_extensional ... ok
test speed_is_increasing_uses_intension ... ok
test temperature_is_rising_uses_intension ... ok
test value_is_decreasing_uses_intension ... ok

test result: ok. 13 passed; 0 failed; 0 ignored; 0 measured; 0 filtered out; finished in 0.00s

     Running tests/phase45_session.rs (target/debug/deps/phase45_session-5d867ad0a7cfb7e1)

running 7 tests
test test_modal_barrier_blocks_indicative ... ok
test test_incremental_modal_subordination ... ok
test test_modal_continuation_allowed ... ok
test test_incremental_anaphora ... ok
test test_incremental_singular_anaphora ... ok
test test_multi_turn_chain ... ok
test test_session_history ... ok

test result: ok. 7 passed; 0 failed; 0 ignored; 0 measured; 0 filtered out; finished in 0.00s

     Running tests/phase46_agents.rs (target/debug/deps/phase46_agents-e5ab52933afde49c)

running 14 tests
test test_await_missing_into_fails ... ok
test test_await_missing_from_fails ... ok
test test_agent_spawn_basic ... ok
test test_await_binds_to_variable ... ok
test test_send_message_basic ... ok
test test_agent_spawn_with_article_a ... ok
test test_await_response_basic ... ok
test test_portable_enum_derives_serde ... ok
test test_portable_struct_derives_serde ... ok
test test_agent_in_function ... ok
test test_send_missing_to_fails ... ok
test test_send_message_with_payload ... ok
test test_spawn_missing_called_fails ... ok
test test_spawn_and_send_in_sequence ... ok

test result: ok. 14 passed; 0 failed; 0 ignored; 0 measured; 0 filtered out; finished in 0.00s

     Running tests/phase46_ellipsis.rs (target/debug/deps/phase46_ellipsis-a0ec34910bcdb873)

running 7 tests
test simple_transitive_gapping_preserved ... ok
test intransitive_gapping_preserved ... ok
test ditransitive_gapping_both_args ... ok
test temporal_modifier_override ... ok
test ditransitive_gapping_theme_only ... ok
test pp_gapping_with_np_and_pp ... ok
test pp_gapping_goal ... ok

test result: ok. 7 passed; 0 failed; 0 ignored; 0 measured; 0 filtered out; finished in 0.00s

     Running tests/phase48_network.rs (target/debug/deps/phase48_network-e86cc1456531ba04)

running 8 tests
test test_chunk_requires_at ... ok
test test_chunk_requires_in ... ok
test test_manifest_requires_of ... ok
test test_portable_file_manifest ... ok
test test_manifest_of_zone ... ok
test test_chunk_with_variable_index ... ok
test test_sipping_with_agents ... ok
test test_chunk_at_index_in_zone ... ok

test result: ok. 8 passed; 0 failed; 0 ignored; 0 measured; 0 filtered out; finished in 0.00s

     Running tests/phase49_crdt.rs (target/debug/deps/phase49_crdt-9ce0228ddc7febbc)

running 16 tests
test test_increase_gcounter ... ok
test test_last_write_wins_bool ... ok
test test_merge_impl_only_merges_crdt_fields ... ok
test test_convergent_count_field ... ok
test test_last_write_wins_text ... ok
test test_merge_field_level ... ok
test test_gcounter_zero_increment ... ok
test test_lww_default_values ... ok
test test_increase_by_variable ... ok
test test_last_write_wins_int ... ok
test test_shared_all_crdt_fields ... ok
test test_merge_requires_mutable ... ok
test test_shared_struct_basic ... ok
test test_shared_with_regular_fields ... ok
test test_shared_struct_with_multiple_fields ... ok
test test_merge_struct_level ... ok

test result: ok. 16 passed; 0 failed; 0 ignored; 0 measured; 0 filtered out; finished in 0.00s

     Running tests/phase4_movement.rs (target/debug/deps/phase4_movement-dc519cfae1c32ca2)

running 5 tests
test topicalization_simple ... ok
test topicalization_with_adjectives ... ok
test topicalization_pronoun_subject ... ok
test topicalization_indefinite ... ok
test non_topicalized_unchanged ... ok

test result: ok. 5 passed; 0 failed; 0 ignored; 0 measured; 0 filtered out; finished in 0.00s

     Running tests/phase4_reciprocals.rs (target/debug/deps/phase4_reciprocals-534800f9cbef321b)

running 3 tests
test reciprocal_basic_expansion ... ok
test reciprocal_with_two_entities_simple ... ok
test reciprocal_past_tense ... ok

test result: ok. 3 passed; 0 failed; 0 ignored; 0 measured; 0 filtered out; finished in 0.00s

     Running tests/phase50_security.rs (target/debug/deps/phase50_security-bd2caa224ba33d94)

running 14 tests
test test_check_vs_assert_codegen ... ok
test test_check_in_nested_block ... ok
test test_check_includes_source_location ... ok
test test_multiple_predicates_same_type ... ok
test test_empty_policy_block ... ok
test test_check_with_capability_and_object ... ok
test test_policy_references_another_predicate ... ok
test test_predicate_with_boolean_field ... ok
test test_multiple_capabilities_same_type ... ok
test test_policy_with_and_condition ... ok
test test_capability_with_object_reference ... ok
test test_policy_with_or_condition ... ok
test test_full_security_flow ... ok
test test_simple_predicate_definition ... ok

test result: ok. 14 passed; 0 failed; 0 ignored; 0 measured; 0 filtered out; finished in 0.00s

     Running tests/phase51_mesh.rs (target/debug/deps/phase51_mesh-79ffec2df909ecf3)

running 13 tests
test test_connect_missing_to_fails ... ok
test test_listen_missing_on_fails ... ok
test test_peer_agent_at_address ... ok
test test_listen_with_variable ... ok
test test_peer_agent_at_variable ... ok
test test_listen_with_concatenation ... ok
test test_mesh_with_portable_types ... ok
test test_connect_with_variable ... ok
test test_listen_basic ... ok
test test_connect_basic ... ok
test test_peer_agent_missing_at_fails ... ok
test test_send_to_peer_agent ... ok
test test_server_client_workflow ... ok

test result: ok. 13 passed; 0 failed; 0 ignored; 0 measured; 0 filtered out; finished in 0.00s

     Running tests/phase52_sync.rs (target/debug/deps/phase52_sync-6992948f7d651084)

running 7 tests
test test_sync_missing_topic_fails ... ok
test test_sync_missing_on_fails ... ok
test test_sync_requires_async_main ... ok
test test_sync_basic_parsing ... ok
test test_sync_with_variable_topic ... ok
test test_sync_with_lww_register ... ok
test test_sync_with_increase ... ok

test result: ok. 7 passed; 0 failed; 0 ignored; 0 measured; 0 filtered out; finished in 0.00s

     Running tests/phase53_persistence.rs (target/debug/deps/phase53_persistence-3fb7c71ca25ec6ac)

running 23 tests
test test_mount_missing_path_fails ... ok
test test_mount_generates_await ... ok
test test_file_write_requires_async_main ... ok
test test_file_write_generates_await ... ok
test test_mount_basic_parsing ... ok
test test_file_read_requires_async_main ... ok
test test_mount_in_conditional ... ok
test test_file_read_generates_await ... ok
test test_mount_missing_at_fails ... ok
test test_mount_lowercase_variable ... ok
test test_mount_missing_variable_fails ... ok
test test_vfs_injection_for_file_read ... ok
test test_no_vfs_for_console_read ... ok
test test_mount_with_variable_path ... ok
test test_persistent_field_access ... ok
test test_persistent_type_in_definition ... ok
test test_vfs_injection_for_file_write ... ok
test test_mount_requires_async_main ... ok
test test_mount_with_string_concat_path ... ok
test test_multiple_mounts ... ok
test test_persistent_with_increase ... ok
test test_persistent_with_merge ... ok
test test_vfs_injection_for_mount ... ok

test result: ok. 23 passed; 0 failed; 0 ignored; 0 measured; 0 filtered out; finished in 0.00s

     Running tests/phase54_concurrency.rs (target/debug/deps/phase54_concurrency-978be472689ab33a)

running 16 tests
test test_launch_missing_task_fails ... ok
test test_receive_missing_from_fails ... ok
test test_launch_token_recognized ... ok
test test_launch_basic ... ok
test test_launch_with_args ... ok
test test_select_with_timeout ... ok
test test_select_basic ... ok
test test_producer_consumer_pattern ... ok
test test_pipe_token_recognized ... ok
test test_receive_from_pipe ... ok
test test_send_pipe_uses_into_not_to ... ok
test test_send_into_pipe ... ok
test test_try_send_nonblocking ... ok
test test_stop_token_recognized ... ok
test test_stop_task ... ok
test test_try_receive_nonblocking ... ok

test result: ok. 16 passed; 0 failed; 0 ignored; 0 measured; 0 filtered out; finished in 0.00s

     Running tests/phase57_maps.rs (target/debug/deps/phase57_maps-1057c829de02b4be)

running 4 tests
test codegen_vec_get_integer_key ... ok
test codegen_map_get_string_key ... ok
test codegen_vec_set_integer_key ... ok
test codegen_map_set_string_key ... ok

test result: ok. 4 passed; 0 failed; 0 ignored; 0 measured; 0 filtered out; finished in 0.00s

     Running tests/phase5_wh_movement.rs (target/debug/deps/phase5_wh_movement-bde4f40a200be44b)

running 5 tests
test wh_subject_extraction ... ok
test wh_embedded_clause ... ok
test wh_simple_still_works ... ok
test wh_double_embedding ... ok
test non_wh_unchanged ... ok

test result: ok. 5 passed; 0 failed; 0 ignored; 0 measured; 0 filtered out; finished in 0.00s

     Running tests/phase60_proof_engine.rs (target/debug/deps/phase60_proof_engine-fa65e041e0ad17aa)

running 56 tests
test test_conjunction_introduction ... ok
test test_butler_did_it_theorem ... ok
test test_barber_paradox_simplified_predicates ... ok
test test_barber_paradox_with_definite_description ... ok
test test_debug_disjunctive_syllogism_parsing ... ok
test test_butler_theorem_natural_language ... ok
test test_butler_did_it_phrasing ... ok
test test_butler_theorem_committed_crime ... ok
test test_butler_theorem_parsed ... ok
test test_depth_limit_prevents_infinite_loop ... ok
test test_derivation_tree_depth ... ok
test test_derivation_tree_display ... ok
test test_debug_modus_tollens_alternative_phrasing ... ok
test test_disjunction_elimination ... ok
test test_disjunction_elimination_other_direction ... ok
test test_disjunction_elimination_with_predicates ... ok
test test_disjunction_introduction ... ok
test test_event_abstraction_basic ... ok
test test_double_negation_elimination ... ok
test test_event_conjunction_abstraction_in_axiom ... ok
test test_existential_introduction ... ok
test test_modus_ponens_chain ... ok
test test_modus_tollens_chain ... ok
test test_modus_tollens_chain_quantified_temporal ... ok
test test_modus_tollens_chain_with_temporal ... ok
test test_debug_modus_tollens_parsing ... ok
test test_modus_tollens_with_predicates ... ok
test test_modus_tollens_quantified_implication ... ok
test test_modus_tollens_with_temporal_consequent ... ok
test test_modus_tollens_simple ... ok
test test_no_proof_returns_error ... ok
test test_proof_goal_with_context ... ok
test test_occurs_check_prevents_infinite_type ... ok
test test_modus_tollens_temporal_predicates ... ok
test test_prove_direct_fact ... ok
test test_prove_with_variable_instantiation ... ok
test test_quantified_mt_chain ... ok
test test_simple_contradiction_detection ... ok
test test_reductio_ad_absurdum_simple ... ok
test test_socrates_is_mortal ... ok
test test_simple_mt_chain ... ok
test test_temporal_unification_same_operator ... ok
test test_temporal_unification_different_operators_fails ... ok
test test_unify_different_constants_fails ... ok
test test_temporal_unification_with_variable ... ok
test test_unify_function_terms ... ok
test test_temporal_mt_chain ... ok
test test_unify_identical_constants ... ok
test test_unify_mismatched_arity_fails ... ok
test test_unify_mismatched_function_names_fails ... ok
test test_unify_nested_functions ... ok
test test_unify_variable_with_constant ... ok
test test_barber_paradox_full_debug ... ok
test test_debug_barber_paradox_parsing ... ok
test test_cyclic_implication_contradiction ... ok
test test_barber_paradox_simplified ... ok

test result: ok. 56 passed; 0 failed; 0 ignored; 0 measured; 0 filtered out; finished in 0.14s

     Running tests/phase61_induction.rs (target/debug/deps/phase61_induction-7d76ed06994f1af4)

running 11 tests
test test_typed_var_display ... ok
test test_succ_is_nat ... ok
test test_typed_var_signals_induction_type ... ok
test test_peano_three ... ok
test test_match_expression_display ... ok
test test_induction_base_case_axiom_exists ... ok
test test_induction_step_case_axiom_exists ... ok
test test_zero_is_nat ... ok
test test_induction_on_list_fails_without_induction ... ok
test test_induction_full_theorem_succeeds_with_induction ... ok
test test_induction_nat_theorem_proved_by_induction ... ok

test result: ok. 11 passed; 0 failed; 0 ignored; 0 measured; 0 filtered out; finished in 0.00s

     Running tests/phase62_oracle.rs (target/debug/deps/phase62_oracle-e0cab1f375fea89d)

running 0 tests

test result: ok. 0 passed; 0 failed; 0 ignored; 0 measured; 0 filtered out; finished in 0.00s

     Running tests/phase63_theorem_parser.rs (target/debug/deps/phase63_theorem_parser-43601ec32ee4aea6)

running 7 tests
test test_theorem_direct_match ... ok
test test_theorem_fail_contradictory ... ok
test test_theorem_name_extraction ... ok
test test_parse_and_prove_socrates ... ok
test test_theorem_with_universal_instantiation ... ok
test test_theorem_fail_missing_premise ... ok
test test_theorem_chain_reasoning ... ok

test result: ok. 7 passed; 0 failed; 0 ignored; 0 measured; 0 filtered out; finished in 0.00s

     Running tests/phase65_event_semantics.rs (target/debug/deps/phase65_event_semantics-cc04f58e64a5ed22)

running 4 tests
test test_event_alpha_equivalence ... ok
test test_copular_still_works ... ok
test test_event_chain_simple ... ok
test test_socrates_fears_death_full_semantics ... ok

test result: ok. 4 passed; 0 failed; 0 ignored; 0 measured; 0 filtered out; finished in 0.00s

     Running tests/phase66_higher_order.rs (target/debug/deps/phase66_higher_order-bad6aab46ad58736)

running 4 tests
test test_no_reduction_without_application ... ok
test test_lambda_in_premise ... ok
test test_beta_reduction_basic ... ok
test test_beta_reduction_nested ... ok

test result: ok. 4 passed; 0 failed; 0 ignored; 0 measured; 0 filtered out; finished in 0.00s

     Running tests/phase67_pattern_unification.rs (target/debug/deps/phase67_pattern_unification-74926cf310f21edb)

running 6 tests
test test_pattern_application_after_solve ... ok
test test_scope_violation_fails ... ok
test test_non_pattern_fails ... ok
test test_multi_arg_pattern ... ok
test test_bare_hole ... ok
test test_simple_pattern_unification ... ok

test result: ok. 6 passed; 0 failed; 0 ignored; 0 measured; 0 filtered out; finished in 0.00s

     Running tests/phase68_auto_induction.rs (target/debug/deps/phase68_auto_induction-3104e49750054e96)

running 4 tests
test test_motive_inference_direct ... ok
test test_left_identity_no_induction_needed ... ok
test test_auto_induction_right_identity ... ok
test test_motive_inference_triggered_in_engine ... ok

test result: ok. 4 passed; 0 failed; 0 ignored; 0 measured; 0 filtered out; finished in 0.00s

     Running tests/phase69_kernel_coc.rs (target/debug/deps/phase69_kernel_coc-094ce55548d5e8b8)

running 9 tests
test test_prop_universe ... ok
test test_non_function_application_fails ... ok
test test_pi_type_well_formed ... ok
test test_dependent_pi_type ... ok
test test_application_type ... ok
test test_sort_hierarchy ... ok
test test_identity_function_type ... ok
test test_type_mismatch_fails ... ok
test test_unbound_variable_fails ... ok

test result: ok. 9 passed; 0 failed; 0 ignored; 0 measured; 0 filtered out; finished in 0.00s

     Running tests/phase6_complex_tense.rs (target/debug/deps/phase6_complex_tense-a81d6c60be0d5119)

running 6 tests
test past_perfect_explicit_constraints ... ok
test future_perfect_constraints ... ok
test present_perfect_constraints ... ok
test debug_had_finished ... ok
test simple_past_baseline ... ok
test simple_future_constraints ... ok

test result: ok. 6 passed; 0 failed; 0 ignored; 0 measured; 0 filtered out; finished in 0.00s

     Running tests/phase70_inductive_types.rs (target/debug/deps/phase70_inductive_types-121b18e7fa2958c6)

running 6 tests
test test_inductive_type_has_sort ... ok
test test_nat_zero_type ... ok
test test_nat_succ_type ... ok
test test_constructor_belongs_to_inductive ... ok
test test_succ_succ_zero ... ok
test test_type_mismatch_with_inductives ... ok

test result: ok. 6 passed; 0 failed; 0 ignored; 0 measured; 0 filtered out; finished in 0.00s

     Running tests/phase70b_elimination.rs (target/debug/deps/phase70b_elimination-f10399668fb346d0)

running 7 tests
test test_constructor_order_preserved ... ok
test test_match_on_non_inductive ... ok
test test_wrong_number_of_cases ... ok
test test_case_type_mismatch ... ok
test test_match_with_identity_motive ... ok
test test_predecessor_function ... ok
test test_is_zero_function ... ok

test result: ok. 7 passed; 0 failed; 0 ignored; 0 measured; 0 filtered out; finished in 0.00s

     Running tests/phase70c_computation.rs (target/debug/deps/phase70c_computation-7e71497f8ef944b5)

running 12 tests
test test_beta_reduction_const ... ok
test test_iota_reduction_succ_case ... ok
test test_addition_zero_plus_n ... ok
test test_beta_reduction_identity ... ok
test test_iota_nested_succ ... ok
test test_addition_one_plus_one ... ok
test test_fix_type_checks ... ok
test test_addition_zero_plus_zero ... ok
test test_addition_one_plus_zero ... ok
test test_iota_reduction_zero_case ... ok
test test_addition_two_plus_three ... ok
test test_multiplication_two_times_three ... ok

test result: ok. 12 passed; 0 failed; 0 ignored; 0 measured; 0 filtered out; finished in 0.00s

     Running tests/phase71_cumulativity.rs (target/debug/deps/phase71_cumulativity-cf808354831806fa)

running 7 tests
test test_proof_irrelevance_basic ... ok
test test_type_not_subtype_of_prop ... ok
test test_prop_subtype_of_type ... ok
test test_proof_irrelevance_equality ... ok
test test_type0_subtype_of_type1 ... ok
test test_cumulativity_transitive ... ok
test test_nat_in_type1_context ... ok

test result: ok. 7 passed; 0 failed; 0 ignored; 0 measured; 0 filtered out; finished in 0.00s

     Running tests/phase72_kernel_prelude.rs (target/debug/deps/phase72_kernel_prelude-8290357b35cbb3e7)

running 8 tests
test test_and_type ... ok
test test_nat_in_prelude ... ok
test test_refl_one_equals_one ... ok
test test_true_and_false ... ok
test test_eq_type ... ok
test test_eq_nat_zero_zero ... ok
test test_refl_proves_equality ... ok
test test_or_type ... ok

test result: ok. 8 passed; 0 failed; 0 ignored; 0 measured; 0 filtered out; finished in 0.00s

     Running tests/phase73_certifier.rs (target/debug/deps/phase73_certifier-0bff37297f047aa5)

running 3 tests
test test_certify_axiom ... ok
test test_certify_modus_ponens ... ok
test test_certify_conjunction_intro ... ok

test result: ok. 3 passed; 0 failed; 0 ignored; 0 measured; 0 filtered out; finished in 0.00s

     Running tests/phase74_certify_quantifiers.rs (target/debug/deps/phase74_certify_quantifiers-042f8fd35f5def59)

running 2 tests
test test_certify_universal_inst_simple ... ok
test test_certify_universal_inst_with_modus_ponens ... ok

test result: ok. 2 passed; 0 failed; 0 ignored; 0 measured; 0 filtered out; finished in 0.00s

     Running tests/phase75_certify_intro.rs (target/debug/deps/phase75_certify_intro-876f63169a7301c7)

running 2 tests
test test_certify_universal_intro_trivial ... ok
test test_certify_universal_intro_with_local_var ... ok

test result: ok. 2 passed; 0 failed; 0 ignored; 0 measured; 0 filtered out; finished in 0.00s

     Running tests/phase76_certify_induction.rs (target/debug/deps/phase76_certify_induction-6977ad6f5285668c)

running 2 tests
test test_certify_induction_trivial ... ok
test test_certify_induction_with_ih ... ok

test result: ok. 2 passed; 0 failed; 0 ignored; 0 measured; 0 filtered out; finished in 0.00s

     Running tests/phase77_certify_exists.rs (target/debug/deps/phase77_certify_exists-c3527740dbab1b4c)

running 3 tests
test test_ex_type_in_prelude ... ok
test test_certify_existential_intro_concrete_witness ... ok
test test_certify_existential_intro_simple ... ok

test result: ok. 3 passed; 0 failed; 0 ignored; 0 measured; 0 filtered out; finished in 0.00s

     Running tests/phase78_e2e_verification.rs (target/debug/deps/phase78_e2e_verification-1456beec114ed4bd)

running 4 tests
test test_verification_fails_for_unprovable ... ok
test test_chain_reasoning_verification ... ok
test test_trivial_verification ... ok
test test_socrates_full_pipeline_verification ... ok

test result: ok. 4 passed; 0 failed; 0 ignored; 0 measured; 0 filtered out; finished in 0.00s

     Running tests/phase79_termination.rs (target/debug/deps/phase79_termination-bce4fb3f60ace26c)

running 8 tests
test test_reject_simple_infinite_loop ... ok
test test_accept_positive_inductive_list ... ok
test test_reject_negative_inductive ... ok
test test_reject_non_decreasing_in_match ... ok
test test_accept_valid_structural_recursion ... ok
test test_nested_negative_rejected ... ok
test test_accept_standard_library_inductives ... ok
test test_addition_still_works ... ok

test result: ok. 8 passed; 0 failed; 0 ignored; 0 measured; 0 filtered out; finished in 0.01s

     Running tests/phase7_semantics.rs (target/debug/deps/phase7_semantics-f06886aa97155967)

running 5 tests
test generalized_quantifier_many ... ok
test intersective_unchanged ... ok
test good_thief_subsective ... ok
test subsective_adjective_small_elephant ... ok
test subsective_adjective_large_mouse ... ok

test result: ok. 5 passed; 0 failed; 0 ignored; 0 measured; 0 filtered out; finished in 0.00s

     Running tests/phase80_equality_rewriting.rs (target/debug/deps/phase80_equality_rewriting-e5fbeadb9a42bf71)

running 6 tests
test test_rewrite_wrong_direction_fails ... ok
test test_leibniz_rewrite ... ok
test test_equality_symmetry ... ok
test test_concrete_equality_rewrite ... ok
test test_equality_transitivity ... ok
test test_rewrite_in_implication ... ok

test result: ok. 6 passed; 0 failed; 0 ignored; 0 measured; 0 filtered out; finished in 0.00s

     Running tests/phase81_computation.rs (target/debug/deps/phase81_computation-97d803b6e14f42b8)

running 10 tests
test test_iota_reduction_succ_case ... ok
test test_fix_does_not_unfold_on_variable ... ok
test test_iota_reduction_zero_case ... ok
test test_iota_reduction_nested ... ok
test test_fix_unfolds_on_constructor ... ok
test test_reflexivity_simple ... ok
test test_prove_zero_plus_n_is_n ... ok
test test_reflexivity_nested_ctor ... ok
test test_prove_one_plus_one_is_two ... ok
test test_prove_two_plus_one_is_three ... ok

test result: ok. 10 passed; 0 failed; 0 ignored; 0 measured; 0 filtered out; finished in 0.00s

     Running tests/phase82_delta_reduction.rs (target/debug/deps/phase82_delta_reduction-2eb464d75f36986e)

running 8 tests
test test_nested_definitions ... ok
test test_definition_unfolds_during_normalization ... ok
test test_constructor_does_not_delta_reduce ... ok
test test_get_definition_body ... ok
test test_is_definition_query ... ok
test test_axiom_does_not_unfold ... ok
test test_definition_equality_by_computation ... ok
test test_definition_in_application ... ok

test result: ok. 8 passed; 0 failed; 0 ignored; 0 measured; 0 filtered out; finished in 0.00s

     Running tests/phase83_vernacular.rs (target/debug/deps/phase83_vernacular-f6c0cf23a2b5fb36)

running 16 tests
test test_eval_constructor ... ok
test test_definition_with_lambda ... ok
test test_check_constructor ... ok
test test_eval_nested_application ... ok
test test_definition_without_type ... ok
test test_eval_definition ... ok
test test_inductive_explicit_constructors ... ok
test test_definition_command ... ok
test test_eval_lambda_application ... ok
test test_inductive_with_arguments ... ok
test test_check_definition ... ok
test test_parse_nested_application ... ok
test test_check_application ... ok
test test_parse_arrow_type ... ok
test test_type_error ... ok
test test_undefined_name_error ... ok

test result: ok. 16 passed; 0 failed; 0 ignored; 0 measured; 0 filtered out; finished in 0.00s

     Running tests/phase84_extraction.rs (target/debug/deps/phase84_extraction-b11e1a80149ff4e5)

running 9 tests
test test_extract_undefined_name ... ok
test test_extract_inductive_is_extractable ... ok
test test_extract_simple_definition ... ok
test test_extract_is_zero ... ok
test test_extract_bool_enum ... ok
test test_extract_nat_enum ... ok
test test_extract_double_function ... ok
test test_extract_add_function ... ok
test test_transitive_dependencies ... ok

test result: ok. 9 passed; 0 failed; 0 ignored; 0 measured; 0 filtered out; finished in 0.00s

     Running tests/phase84_extraction_e2e.rs (target/debug/deps/phase84_extraction_e2e-a90b7598dd41ef6c)

running 3 tests
test test_e2e_nat_values ... ok
test test_e2e_is_zero_execution ... ok
test test_e2e_add_execution ... ok

test result: ok. 3 passed; 0 failed; 0 ignored; 0 measured; 0 filtered out; finished in 2.74s

     Running tests/phase85_zones.rs (target/debug/deps/phase85_zones-8d1cca9dc87bb3a5)

running 12 tests
test test_zone_missing_name_fails ... ok
test test_zone_missing_colon_fails ... ok
test test_zone_missing_called_fails ... ok
test test_zone_heap_basic ... ok
test test_zone_default_capacity ... ok
test test_zone_mapped_from_file ... ok
test test_zone_creates_block_scope ... ok
test test_zone_with_multiple_statements ... ok
test test_zone_with_control_flow ... ok
test test_zone_in_function ... ok
test test_zone_with_size_kb ... ok
test test_zone_with_size_mb ... ok

test result: ok. 12 passed; 0 failed; 0 ignored; 0 measured; 0 filtered out; finished in 0.00s

     Running tests/phase86_kernel_primitives.rs (target/debug/deps/phase86_kernel_primitives-b15b45bfca505044)

running 17 tests
test test_check_negative_integer ... ok
test test_check_large_integer ... ok
test test_check_integer_literal ... ok
test test_complex_expression ... ok
test test_int_type_exists ... ok
test test_add_type ... ok
test test_nested_operations ... ok
test test_function_with_int ... ok
test test_instant_large_computation ... ok
test test_primitive_add ... ok
test test_partial_application ... ok
test test_primitive_div ... ok
test test_primitive_mod ... ok
test test_primitive_sub ... ok
test test_function_with_two_ints ... ok
test test_primitive_mul ... ok
test test_type_error_add_nat ... ok

test result: ok. 17 passed; 0 failed; 0 ignored; 0 measured; 0 filtered out; finished in 0.00s

     Running tests/phase87_reflection.rs (target/debug/deps/phase87_reflection-3eb864472383f655)

running 23 tests
test test_build_pi_type ... ok
test test_size_lambda ... ok
test test_is_closed_true ... ok
test test_size_app ... ok
test test_build_identity ... ok
test test_build_application ... ok
test test_sglobal_constructor ... ok
test test_is_closed_false ... ok
test test_slam_constructor ... ok
test test_size_nested ... ok
test test_build_var ... ok
test test_spi_constructor ... ok
test test_sapp_constructor ... ok
test test_size_sort ... ok
test test_ssort_constructor ... ok
test test_svar_constructor ... ok
test test_size_var ... ok
test test_syntax_type ... ok
test test_syntax_type_error ... ok
test test_univ_type ... ok
test test_uprop_constructor ... ok
test test_utype_application ... ok
test test_utype_constructor ... ok

test result: ok. 23 passed; 0 failed; 0 ignored; 0 measured; 0 filtered out; finished in 0.00s

     Running tests/phase88_substitution.rs (target/debug/deps/phase88_substitution-cb0a6609f6dba11a)

running 28 tests
test test_lift_pi ... ok
test test_lift_sort ... ok
test test_lift_global ... ok
test test_lift_var_bound ... ok
test test_lift_type_error ... ok
test test_lift_var_free ... ok
test test_lift_lambda_body_bound ... ok
test test_lift_var_at_cutoff ... ok
test test_lift_nested_lambda ... ok
test test_subst_app ... ok
test test_lift_lambda_body_free ... ok
test test_lift_var_free_larger ... ok
test test_lift_app ... ok
test test_subst_lambda_body_free ... ok
test test_subst_identity_application ... ok
test test_subst_lambda_replacement_lifted ... ok
test test_subst_global ... ok
test test_subst_lambda_body_bound ... ok
test test_subst_sort ... ok
test test_subst_var_match ... ok
test test_subst_type_error ... ok
test test_subst_nested_lambda ... ok
test test_subst_pi_both_positions ... ok
test test_subst_var_no_match_greater ... ok
test test_subst_var_no_match_less ... ok
test test_subst_const_function ... ok
test test_syn_subst_type ... ok
test test_syn_lift_type ... ok

test result: ok. 28 passed; 0 failed; 0 ignored; 0 measured; 0 filtered out; finished in 0.00s

     Running tests/phase89_computation.rs (target/debug/deps/phase89_computation-fb5fac4afc8bf785)

running 21 tests
test test_beta_nested_bound ... ok
test test_beta_type_error ... ok
test test_beta_nested_free ... ok
test test_step_app_global_stuck ... ok
test test_step_app_var_stuck ... ok
test test_beta_capture_avoidance ... ok
test test_beta_identity_complex_arg ... ok
test test_beta_const ... ok
test test_step_church_numeral ... ok
test test_step_beta_redex ... ok
test test_beta_identity ... ok
test test_step_global_stuck ... ok
test test_step_const_redex ... ok
test test_step_lambda_value ... ok
test test_step_pi_value ... ok
test test_step_sort_value ... ok
test test_step_type_error ... ok
test test_step_nested_app_left ... ok
test test_step_var_stuck ... ok
test test_syn_beta_type ... ok
test test_syn_step_type ... ok

test result: ok. 21 passed; 0 failed; 0 ignored; 0 measured; 0 filtered out; finished in 0.00s

     Running tests/phase8_degrees.rs (target/debug/deps/phase8_degrees-8cf7540362d42349)

running 5 tests
test real_measurement ... ok
test comparative_with_measure_phrase ... ok
test absolute_measurement ... ok
test integer_count ... ok
test symbolic_cardinality ... ok

test result: ok. 5 passed; 0 failed; 0 ignored; 0 measured; 0 filtered out; finished in 0.00s

     Running tests/phase90_bounded_eval.rs (target/debug/deps/phase90_bounded_eval-791838c159676499)

running 16 tests
test test_eval_church_application ... ok
test test_eval_stops_at_normal_form ... ok
test test_eval_already_normal_var ... ok
test test_eval_stuck_app ... ok
test test_eval_negative_fuel ... ok
test test_eval_already_normal_sort ... ok
test test_eval_already_normal_lambda ... ok
test test_eval_partial_fuel ... ok
test test_eval_single_step ... ok
test test_eval_stuck_global ... ok
test test_eval_multi_step ... ok
test test_eval_type_error_term ... ok
test test_eval_sufficient_fuel ... ok
test test_eval_type_error_fuel ... ok
test test_syn_eval_type ... ok
test test_eval_zero_fuel ... ok

test result: ok. 16 passed; 0 failed; 0 ignored; 0 measured; 0 filtered out; finished in 0.00s

     Running tests/phase91_quote.rs (target/debug/deps/phase91_quote-80b278524c7305b3)

running 21 tests
test test_quote_increases_size ... ok
test test_quote_ssort_uprop ... ok
test test_quote_sname ... ok
test test_diag_simple ... ok
test test_quote_slit ... ok
test test_quote_sglobal ... ok
test test_quote_slam ... ok
test test_quote_ssort_utype ... ok
test test_quote_svar ... ok
test test_quote_spi ... ok
test test_quote_type_error ... ok
test test_diag_nested ... ok
test test_slit_construction ... ok
test test_quote_svar_nonzero ... ok
test test_quote_sapp ... ok
test test_slit_type_error ... ok
test test_sname_construction ... ok
test test_sname_type ... ok
test test_slit_type ... ok
test test_sname_type_error ... ok
test test_syn_quote_type ... ok

test result: ok. 21 passed; 0 failed; 0 ignored; 0 measured; 0 filtered out; finished in 0.00s

     Running tests/phase92_inference.rs (target/debug/deps/phase92_inference-bd6a16c8d6cd9c2c)

running 19 tests
test test_concludes_daxiom_simple ... ok
test test_concludes_univ_elim_invalid_not_forall ... ok
test test_concludes_modus_ponens_invalid_not_implication ... ok
test test_concludes_type_error ... ok
test test_concludes_modus_ponens_chained ... ok
test test_derivation_type ... ok
test test_concludes_type ... ok
test test_concludes_univ_elim ... ok
test test_concludes_univ_intro ... ok
test test_concludes_modus_ponens_invalid_antecedent_mismatch ... ok
test test_daxiom_constructor ... ok
test test_dmodusponens_constructor ... ok
test test_concludes_daxiom_complex ... ok
test test_dunivelim_type_error ... ok
test test_dunivintro_constructor ... ok
test test_concludes_modus_ponens_valid ... ok
test test_dmodusponens_type_error ... ok
test test_dunivelim_constructor ... ok
test test_daxiom_type_error ... ok

test result: ok. 19 passed; 0 failed; 0 ignored; 0 measured; 0 filtered out; finished in 0.00s

     Running tests/phase93_diagonal_lemma.rs (target/debug/deps/phase93_diagonal_lemma-14ff04327c70d8fb)

running 15 tests
test test_syn_diag_closed_term ... ok
test test_quine_foundation ... ok
test test_syn_diag_matches_manual ... ok
test test_fixed_point_godel_sentence ... ok
test test_fixed_point_simple_predicate ... ok
test test_syn_diag_idempotent_on_closed ... ok
test test_syn_diag_different_var ... ok
test test_syn_diag_nested_app ... ok
test test_syn_diag_type_error ... ok
test test_syn_diag_type ... ok
test test_syn_diag_var ... ok
test test_syn_diag_under_lambda ... ok
test test_syn_diag_preserves_size_growth ... ok
test test_fixed_point_equivalence ... ok
test test_syn_diag_app_self ... ok

test result: ok. 15 passed; 0 failed; 0 ignored; 0 measured; 0 filtered out; finished in 0.00s

     Running tests/phase94_godel_sentence.rs (target/debug/deps/phase94_godel_sentence-96e897d288e92342)

running 15 tests
test test_godel_template_type ... ok
test test_godel_sentence_contains_not ... ok
test test_godel_sentence_contains_self_reference ... ok
test test_godel_sentence_type ... ok
test test_henkin_sentence ... ok
test test_godel_template_structure ... ok
test test_not_provable_g_type ... ok
test test_godel_sentence_is_fixed_point ... ok
test test_godel_sentence_contains_provable ... ok
test test_liar_template ... ok
test test_provable_type_error ... ok
test test_provable_applied_to_syntax ... ok
test test_provable_g_type ... ok
test test_provable_definition ... ok
test test_provable_witnesses_axiom ... ok

test result: ok. 15 passed; 0 failed; 0 ignored; 0 measured; 0 filtered out; finished in 0.00s

     Running tests/phase95_incompleteness.rs (target/debug/deps/phase95_incompleteness-8fde4a3e49be519a)

running 13 tests
test test_consistent_requires_provable ... ok
test test_godel_ii_statement_welltyped ... ok
test test_godel_i_statement_welltyped ... ok
test test_godel_i_as_type_alias ... ok
test test_consistent_unfolds ... ok
test test_sname_type_error ... ok
test test_reflection_type ... ok
test test_consistent_definition ... ok
test test_not_provable_false_from_consistent ... ok
test test_godel_i_components ... ok
test test_provable_sname_false_type ... ok
test test_sname_false_type ... ok
test test_quoted_consistent_type ... ok

test result: ok. 13 passed; 0 failed; 0 ignored; 0 measured; 0 filtered out; finished in 0.00s

     Running tests/phase96_tactics.rs (target/debug/deps/phase96_tactics-253767f48568f461)

running 15 tests
test test_drefl_type_error_first_arg ... ok
test test_try_refl_on_equality_same ... ok
test test_concludes_drefl ... ok
test test_drefl_construction ... ok
test test_drefl_type_error_second_arg ... ok
test test_concludes_drefl_equals_expected ... ok
test test_drefl_type ... ok
test test_try_refl_on_complex_term ... ok
test test_try_refl_on_application ... ok
test test_try_refl_on_non_equality ... ok
test test_try_refl_type ... ok
test test_tactic_proof_is_verified ... ok
test test_try_refl_type_error ... ok
test test_try_refl_on_inequality ... ok
test test_try_refl_with_type0 ... ok

test result: ok. 15 passed; 0 failed; 0 ignored; 0 measured; 0 filtered out; finished in 0.00s

     Running tests/phase97_deep_induction.rs (target/debug/deps/phase97_deep_induction-96065e17619fe240)

running 11 tests
test test_dinduction_type_error_motive ... ok
test test_concludes_dinduction_simple ... ok
test test_dinduction_type_error_base ... ok
test test_dinduction_type ... ok
test test_dinduction_construction ... ok
test test_dinduction_wrong_step_returns_error ... ok
test test_dinduction_type_error_step ... ok
test test_build_step_formula_structure ... ok
test test_dinduction_wrong_base_returns_error ... ok
test test_concludes_dinduction_returns_forall ... ok
test test_manual_induction_proof_n_equals_n ... ok

test result: ok. 11 passed; 0 failed; 0 ignored; 0 measured; 0 filtered out; finished in 0.00s

     Running tests/phase98_strategist.rs (target/debug/deps/phase98_strategist-359d139f98f531ec)

running 42 tests
test test_tact_fail_type_error ... ok
test test_tact_fail_type ... ok
test test_tact_fail_returns_error ... ok
test test_tact_first_exists ... ok
test test_tact_first_empty_list ... ok
test test_composite_tactic_with_then ... ok
test test_tact_first_all_fail ... ok
test test_tact_first_type ... ok
test test_nuclear_code_reflexive ... ok
test test_solve_trivial_definition ... ok
test test_tact_orelse_both_fail ... ok
test test_tact_first_first_succeeds ... ok
test test_solve_trivial_fails_on_inequality ... ok
test test_tact_first_tries_until_success ... ok
test test_tact_orelse_chaining ... ok
test test_tact_orelse_type ... ok
test test_tact_orelse_partial_application ... ok
test test_tact_orelse_first_fails_second_succeeds ... ok
test test_tact_orelse_type_error_first_arg ... ok
test test_tact_orelse_type_error_goal ... ok
test test_tact_orelse_first_succeeds ... ok
test test_tact_repeat_exists ... ok
test test_tact_repeat_applies_until_failure ... ok
test test_tact_repeat_immediate_failure_returns_identity ... ok
test test_tact_repeat_no_infinite_loop ... ok
test test_tact_orelse_type_error_second_arg ... ok
test test_tact_repeat_type ... ok
test test_tact_solve_exists ... ok
test test_tact_solve_rejects_failure ... ok
test test_tact_solve_type ... ok
test test_tact_solve_rejects_partial_progress ... ok
test test_tact_solve_accepts_complete_proof ... ok
test test_tact_then_first_fails ... ok
test test_tact_then_type ... ok
test test_tact_then_exists ... ok
test test_tact_then_both_succeed ... ok
test test_tact_try_exists ... ok
test test_tact_then_second_fails ... ok
test test_tact_try_never_fails ... ok
test test_tact_try_type ... ok
test test_tact_try_success_passes_through ... ok
test test_tact_try_failure_becomes_identity ... ok

test result: ok. 42 passed; 0 failed; 0 ignored; 0 measured; 0 filtered out; finished in 0.00s

     Running tests/phase99_solver.rs (target/debug/deps/phase99_solver-077db30e6bef77e7)

running 23 tests
test test_syn_eval_div_by_zero ... ok
test test_solve_arith_type ... ok
test test_syn_eval_div ... ok
test test_dcompute_type_error ... ok
test test_dcompute_type ... ok
test test_syn_eval_mod ... ok
test test_syn_eval_nested_arithmetic ... ok
test test_syn_eval_mul ... ok
test test_solve_arith_reflexive ... ok
test test_syn_eval_add ... ok
test test_syn_eval_sub ... ok
test test_syn_eval_non_literal_args ... ok
test test_syn_eval_partial_application ... ok
test test_solve_arith_fails ... ok
test test_try_compute_fails_on_non_equality ... ok
test test_try_compute_type_error ... ok
test test_try_compute_ten_plus_ten ... ok
test test_try_compute_one_plus_one ... ok
test test_try_compute_fails_on_inequality ... ok
test test_try_compute_type ... ok
test test_try_compute_complex_expression ... ok
test test_solve_arith_computation ... ok
test test_try_compute_both_sides_compute ... ok

test result: ok. 23 passed; 0 failed; 0 ignored; 0 measured; 0 filtered out; finished in 0.00s

     Running tests/phase9_conversion.rs (target/debug/deps/phase9_conversion-be0277d61c5ba88d)

running 4 tests
test noun_to_verb_emailed ... ok
test noun_to_verb_with_modal ... ok
test noun_to_verb_google ... ok
test noun_to_verb_tabled ... ok

test result: ok. 4 passed; 0 failed; 0 ignored; 0 measured; 0 filtered out; finished in 0.00s

     Running tests/phase9_structured_concurrency.rs (target/debug/deps/phase9_structured_concurrency-87a800c6692bb41d)

running 13 tests
test test_concurrent_missing_colon_fails ... ok
test test_concurrent_missing_all_fails ... ok
test test_concurrent_basic ... ok
test test_parallel_in_function ... ok
test test_parallel_basic ... ok
test test_concurrent_destructures_let_bindings ... ok
test test_parallel_destructures_let_bindings ... ok
test test_concurrent_with_single_statement ... ok
test test_nested_parallel_blocks ... ok
test test_concurrent_in_function ... ok
test test_parallel_missing_colon_fails ... ok
test test_parallel_three_tasks_uses_threads ... ok
test test_parallel_uses_closure_syntax ... ok

test result: ok. 13 passed; 0 failed; 0 ignored; 0 measured; 0 filtered out; finished in 0.00s

     Running tests/phase_auto.rs (target/debug/deps/phase_auto-d23edd38f825dcfb)

running 10 tests
test test_dautosolve_type ... ok
test test_auto_fails_false ... ok
test test_auto_true ... ok
test test_auto_omega_lt ... ok
test test_auto_lia_le ... ok
test test_try_auto_type ... ok
test test_auto_fails_unprovable ... ok
test test_auto_omega_integer_specific ... ok
test test_auto_cc_reflexive ... ok
test test_auto_ring_comm ... ok

test result: ok. 10 passed; 0 failed; 0 ignored; 0 measured; 0 filtered out; finished in 0.00s

     Running tests/phase_barber_updated.rs (target/debug/deps/phase_barber_updated-a005b446343c9cd2)

running 4 tests
test test_simple_man_premise ... ok
test test_definite_man_premise ... ok
test test_barber_parsing_only ... ok
test test_barber_paradox_updated_formulation ... ok

test result: ok. 4 passed; 0 failed; 0 ignored; 0 measured; 0 filtered out; finished in 0.01s

     Running tests/phase_cc.rs (target/debug/deps/phase_cc-fa240ae137eb1043)

running 9 tests
test test_try_cc_type ... ok
test test_cc_fails_without_hypothesis ... ok
test test_cc_reflexivity ... ok
test test_dccsolve_type ... ok
test test_cc_congruence_from_hypothesis ... ok
test test_cc_fails_different_functions ... ok
test test_cc_transitivity_chain ... ok
test test_cc_nested_functions ... ok
test test_cc_congruence_binary ... ok

test result: ok. 9 passed; 0 failed; 0 ignored; 0 measured; 0 filtered out; finished in 0.00s

     Running tests/phase_crdt_causal.rs (target/debug/deps/phase_crdt_causal-12678f6452a95824)

running 34 tests
test test_delta_crdt_trait_exists ... ok
test test_dot_context_add_contiguous ... ok
test test_delta_buffer_overflow_partial ... ok
test test_delta_buffer_new ... ok
test test_delta_buffer_multiple_deltas ... ok
test test_dot_context_add_out_of_order ... ok
test test_delta_buffer_push_and_retrieve ... ok
test test_delta_buffer_overflow ... ok
test test_dot_context_has_seen_after_next ... ok
test test_delta_buffer_since_version ... ok
test test_dot_context_merge ... ok
test test_dot_context_merge_commutative ... ok
test test_dot_context_new ... ok
test test_dot_context_next ... ok
test test_dot_context_serialization ... ok
test test_dot_creation ... ok
test test_dot_equality ... ok
test test_dot_hash ... ok
test test_dot_serialization ... ok
test test_gcounter_uses_u64_replica ... ok
test test_gcounter_with_u64_replica_id ... ok
test test_replica_id_is_u64 ... ok
test test_replica_id_unique ... ok
test test_vclock_concurrent ... ok
test test_vclock_dominates ... ok
test test_vclock_dominates_empty ... ok
test test_vclock_dominates_partial ... ok
test test_vclock_increment ... ok
test test_vclock_merge_associative ... ok
test test_vclock_merge_commutative ... ok
test test_vclock_merge_idempotent ... ok
test test_vclock_new ... ok
test test_vclock_not_concurrent ... ok
test test_vclock_serialization ... ok

test result: ok. 34 passed; 0 failed; 0 ignored; 0 measured; 0 filtered out; finished in 0.00s

     Running tests/phase_crdt_concurrent.rs (target/debug/deps/phase_crdt_concurrent-9618cd5b113b90a7)

running 14 tests
test test_lww_merge_order_independence ... ok
test test_lww_concurrent_writes ... ok
test test_gcounter_concurrent_merge_order_independence ... ok
test test_mvregister_causal_overwrite ... ok
test test_mvregister_concurrent_writes ... ok
test test_mvregister_conflict_then_resolve ... ok
test test_orset_concurrent_add_remove ... ok
test test_orset_interleaved_add_remove_add ... ok
test test_pncounter_concurrent_same_replica_merge ... ok
test test_vclock_concurrent_detection ... ok
test test_gcounter_concurrent_increments ... ok
test test_orset_concurrent_from_multiple_replicas ... ok
test test_pncounter_concurrent_inc_dec ... ok
test test_vclock_concurrent_increments ... ok

test result: ok. 14 passed; 0 failed; 0 ignored; 0 measured; 0 filtered out; finished in 0.00s

     Running tests/phase_crdt_delta.rs (target/debug/deps/phase_crdt_delta-8bd6614ef49d80f5)

running 21 tests
test test_delta_since_current_version_is_empty ... ok
test test_delta_since_empty_version ... ok
test test_mvregister_delta_set ... ok
test test_mvregister_delta_preserves_conflicts ... ok
test test_ormap_delta_insert ... ok
test test_orset_delta_add ... ok
test test_ormap_delta_nested_update ... ok
test test_orset_delta_add_multiple ... ok
test test_orset_delta_remove ... ok
test test_orset_delta_serialization ... ok
test test_pncounter_delta_decrement ... ok
test test_pncounter_delta_serialization ... ok
test test_rga_delta_append ... ok
test test_pncounter_delta_multiple_ops ... ok
test test_pncounter_delta_increment ... ok
test test_version_increments_on_mutation ... ok
test test_rga_delta_insert ... ok
test test_version_tracks_all_replicas ... ok
test test_rga_delta_remove ... ok
test test_yata_delta_append ... ok
test test_yata_delta_insert ... ok

test result: ok. 21 passed; 0 failed; 0 ignored; 0 measured; 0 filtered out; finished in 0.00s

     Running tests/phase_crdt_edge_cases.rs (target/debug/deps/phase_crdt_edge_cases-02ab12d9da4dbaa0)

running 21 tests
test test_gcounter_large_increment ... ok
test test_dotcontext_gap_then_fill ... ok
test test_dotcontext_multiple_replicas ... ok
test test_gcounter_value_with_no_local_increments ... ok
test test_gcounter_zero_increment ... ok
test test_lww_exact_timestamp_tiebreak ... ok
test test_lww_newer_always_wins ... ok
test test_mvregister_empty_then_set ... ok
test test_merge_self_is_idempotent ... ok
test test_mvregister_sequential_overwrites ... ok
test test_orset_add_after_remove ... ok
test test_orset_duplicate_add_same_replica ... ok
test test_orset_add_wins_vs_remove_wins_same_scenario ... ok
test test_orset_remove_nonexistent ... ok
test test_pncounter_i64_boundaries ... ok
test test_pncounter_zero_operations ... ok
test test_vclock_concurrent_vs_dominates ... ok
test test_vclock_dominates_empty ... ok
test test_pncounter_alternating_inc_dec ... ok
test test_vclock_get_nonexistent_replica ... ok
test test_mvregister_many_concurrent_values ... ok

test result: ok. 21 passed; 0 failed; 0 ignored; 0 measured; 0 filtered out; finished in 0.00s

     Running tests/phase_crdt_language.rs (target/debug/deps/phase_crdt_language-f10c79541bc20cc9)

running 19 tests
test e2e_test_codegen_shared_set_type ... ok
test e2e_test_codegen_resolve_statement ... ok
test e2e_test_codegen_append_statement ... ok
test e2e_test_codegen_shared_sequence_type ... ok
test e2e_test_codegen_divergent_type ... ok
test e2e_test_codegen_tally_type ... ok
test e2e_test_codegen_decrease_statement ... ok
test e2e_test_codegen_add_to_set_statement ... ok
test e2e_test_tokenize_decrease ... ok
test e2e_test_tokenize_append ... ok
test e2e_test_tokenize_resolve ... ok
test e2e_test_tokenize_divergent ... ok
test e2e_test_tokenize_shared_sequence ... ok
test e2e_test_tokenize_shared_set ... ok
test e2e_test_tokenize_tally ... ok
test e2e_test_divergent_values_e2e ... ok
test e2e_test_shared_sequence_append_e2e ... ok
test e2e_test_shared_set_contains_e2e ... ok
test e2e_test_tally_e2e ... ok

test result: ok. 19 passed; 0 failed; 0 ignored; 0 measured; 0 filtered out; finished in 23.25s

     Running tests/phase_crdt_mvregister.rs (target/debug/deps/phase_crdt_mvregister-80f7622ff0b10c4d)

running 13 tests
test test_mvregister_concurrent_values ... ok
test test_mvregister_merge_idempotent ... ok
test test_mvregister_merge_commutative ... ok
test test_mvregister_new ... ok
test test_mvregister_resolve_propagates ... ok
test test_mvregister_resolve ... ok
test test_mvregister_sequential_overwrites ... ok
test test_mvregister_serialization ... ok
test test_mvregister_set_get ... ok
test test_mvregister_serialization_with_conflict ... ok
test test_mvregister_set_overwrites ... ok
test test_mvregister_three_way_concurrent ... ok
test test_mvregister_with_integers ... ok

test result: ok. 13 passed; 0 failed; 0 ignored; 0 measured; 0 filtered out; finished in 0.00s

     Running tests/phase_crdt_ormap.rs (target/debug/deps/phase_crdt_ormap-f5acf8362cad4b1f)

running 14 tests
test test_ormap_get_nonexistent ... ok
test test_ormap_contains_key ... ok
test test_ormap_get_or_insert ... ok
test test_ormap_concurrent_add_different_keys ... ok
test test_ormap_keys ... ok
test test_ormap_concurrent_update ... ok
test test_ormap_concurrent_add_remove ... ok
test test_ormap_merge_commutative ... ok
test test_ormap_merge_idempotent ... ok
test test_ormap_new ... ok
test test_ormap_nested_conflict_resolution ... ok
test test_ormap_remove ... ok
test test_ormap_with_mvregister ... ok
test test_ormap_serialization ... ok

test result: ok. 14 passed; 0 failed; 0 ignored; 0 measured; 0 filtered out; finished in 0.00s

     Running tests/phase_crdt_orset.rs (target/debug/deps/phase_crdt_orset-98635ffe8d5f328e)

running 16 tests
test test_orset_add_wins_default ... ok
test test_orset_add ... ok
test test_orset_add_duplicate ... ok
test test_orset_add_multiple ... ok
test test_orset_add_wins_explicit ... ok
test test_orset_add_wins_multiple_replicas ... ok
test test_orset_iter ... ok
test test_orset_merge_idempotent ... ok
test test_orset_merge_commutative ... ok
test test_orset_new ... ok
test test_orset_merge_associative ... ok
test test_orset_remove ... ok
test test_orset_remove_nonexistent ... ok
test test_orset_remove_wins ... ok
test test_orset_with_integers ... ok
test test_orset_serialization ... ok

test result: ok. 16 passed; 0 failed; 0 ignored; 0 measured; 0 filtered out; finished in 0.00s

     Running tests/phase_crdt_pncounter.rs (target/debug/deps/phase_crdt_pncounter-617655b6074310aa)

running 13 tests
test test_pncounter_increment ... ok
test test_pncounter_decrement ... ok
test test_pncounter_increment_decrement_interleaved ... ok
test test_pncounter_merge_associative ... ok
test test_pncounter_merge_complex ... ok
test test_pncounter_merge_disjoint ... ok
test test_pncounter_merge_commutative ... ok
test test_pncounter_merge_idempotent ... ok
test test_pncounter_merge_same_replica ... ok
test test_pncounter_negative ... ok
test test_pncounter_new ... ok
test test_pncounter_with_replica_id ... ok
test test_pncounter_serialization ... ok

test result: ok. 13 passed; 0 failed; 0 ignored; 0 measured; 0 filtered out; finished in 0.00s

     Running tests/phase_crdt_sequence.rs (target/debug/deps/phase_crdt_sequence-d6c8b720321a9ad0)

running 18 tests
test test_rga_append ... ok
test test_rga_get ... ok
test test_rga_concurrent_append ... ok
test test_rga_concurrent_insert ... ok
test test_rga_insert_after ... ok
test test_rga_merge_idempotent ... ok
test test_rga_insert_before ... ok
test test_rga_new ... ok
test test_rga_concurrent_remove ... ok
test test_rga_merge_commutative ... ok
test test_rga_remove ... ok
test test_rga_serialization ... ok
test test_yata_append ... ok
test test_yata_concurrent_insert_same_position ... ok
test test_yata_insert ... ok
test test_yata_interleaving ... ok
test test_yata_new ... ok
test test_yata_serialization ... ok

test result: ok. 18 passed; 0 failed; 0 ignored; 0 measured; 0 filtered out; finished in 0.00s

     Running tests/phase_crdt_serialization.rs (target/debug/deps/phase_crdt_serialization-0d8efbfb69406e19)

running 12 tests
test test_lww_serialization_preserves_timestamp ... ok
test test_malformed_data_handling ... ok
test test_complex_nested_state ... ok
test test_empty_crdt_serialization ... ok
test test_dotcontext_serialization ... ok
test test_delta_buffer_serialization ... ok
test test_corrupt_orset_handling ... ok
test test_merge_after_deserialization ... ok
test test_orset_merge_after_deserialization ... ok
test test_orset_string_serialization ... ok
test test_vclock_serialization_many_replicas ... ok
test test_large_orset_serialization ... ok

test result: ok. 12 passed; 0 failed; 0 ignored; 0 measured; 0 filtered out; finished in 0.00s

     Running tests/phase_crdt_stress.rs (target/debug/deps/phase_crdt_stress-9cd79c913ce69da6)

running 15 tests
test test_delta_buffer_overflow ... ok
test test_gcounter_many_replicas ... ok
test test_dotcontext_sparse_dots ... ok
test test_dotcontext_many_out_of_order ... ok
test test_dotcontext_compaction ... ok
test test_pncounter_large_values ... ok
test test_mvregister_many_concurrent_values ... ok
test test_delta_buffer_partial_recovery ... ok
test test_vclock_comparison_at_scale ... ok
test test_vclock_many_replicas ... ok
test test_orset_1000_elements ... ok
test test_repeated_add_remove_cycles ... ok
test test_orset_merge_large_sets ... ok
test test_gcounter_high_frequency_increments ... ok
test test_pncounter_many_operations ... ok

test result: ok. 15 passed; 0 failed; 0 ignored; 0 measured; 0 filtered out; finished in 0.05s

     Running tests/phase_crdt_variants.rs (target/debug/deps/phase_crdt_variants-596bc49b7693351f)

running 14 tests
test test_shared_map_codegen ... ok
test test_ormap_alias_codegen ... ok
test test_shared_sequence_default_rga_codegen ... ok
test test_collaborative_sequence_codegen ... ok
test test_shared_sequence_yata_modifier_codegen ... ok
test test_shared_set_explicit_addwins_codegen ... ok
test test_shared_set_removewins_codegen ... ok
test test_shared_set_default_addwins_codegen ... ok
test test_all_crdt_types_in_struct_codegen ... ok
test test_shared_set_addwins_e2e ... ok
test test_collaborative_sequence_e2e has been running for over 60 seconds
test test_mixed_crdt_operations_e2e has been running for over 60 seconds
test test_shared_sequence_yata_e2e has been running for over 60 seconds
test test_shared_set_removewins_e2e has been running for over 60 seconds
test test_shared_sequence_yata_e2e ... ok
test test_shared_set_removewins_e2e ... ok
test test_mixed_crdt_operations_e2e ... ok
test test_collaborative_sequence_e2e ... ok

test result: ok. 14 passed; 0 failed; 0 ignored; 0 measured; 0 filtered out; finished in 126.49s

     Running tests/phase_hints.rs (target/debug/deps/phase_hints-f08e67671f45e6c7)

running 6 tests
test test_hint_without_proof ... ok
test test_hint_theorem_accessible ... ok
test test_hint_attribute_parses ... ok
test test_auto_tries_hints ... ok
test test_multiple_hints ... ok
test test_is_hint ... ok

test result: ok. 6 passed; 0 failed; 0 ignored; 0 measured; 0 filtered out; finished in 0.00s

     Running tests/phase_induction.rs (target/debug/deps/phase_induction-9716151fa1b45d38)

running 11 tests
test test_induction_num_cases_type ... ok
test test_induction_nat_zero_base ... ok
test test_induction_wrong_case_count ... ok
test test_induction_non_inductive_type ... ok
test test_induction_nat_num_cases ... ok
test test_induction_bool_num_cases ... ok
test test_induction_step_goal_type ... ok
test test_induction_base_goal_type ... ok
test test_try_induction_type ... ok
test test_induction_nat_step_goal ... ok
test test_induction_nat_complete ... ok

test result: ok. 11 passed; 0 failed; 0 ignored; 0 measured; 0 filtered out; finished in 0.00s

     Running tests/phase_interpreter_crdt.rs (target/debug/deps/phase_interpreter_crdt-c2e255d5051eb72a)

running 6 tests
test interpreter_crdt_increase_simple ... ok
test interpreter_crdt_decrease_negative_result ... ok
test interpreter_crdt_increase_multiple ... ok
test interpreter_crdt_increase_variable_amount ... ok
test interpreter_crdt_decrease_simple ... ok
test interpreter_crdt_multiple_fields ... ok

test result: ok. 6 passed; 0 failed; 0 ignored; 0 measured; 0 filtered out; finished in 0.00s

     Running tests/phase_interpreter_features.rs (target/debug/deps/phase_interpreter_features-8c185e566aa3255c)

running 4 tests
test interpreter_string_concat_bool ... ok
test interpreter_from_parameter_syntax ... ok
test interpreter_set_iteration ... ok
test interpreter_crdt_merge ... ok

test result: ok. 4 passed; 0 failed; 0 ignored; 0 measured; 0 filtered out; finished in 0.00s

     Running tests/phase_interpreter_policy.rs (target/debug/deps/phase_interpreter_policy-657ba449e3d7dddd)

running 6 tests
test interpreter_policy_bool_field ... ok
test interpreter_policy_predicate_passes ... ok
test interpreter_policy_predicate_fails ... ok
test interpreter_policy_bool_field_fails ... ok
test interpreter_policy_predicate_different_values ... ok
test interpreter_policy_multiple_predicates ... ok

test result: ok. 6 passed; 0 failed; 0 ignored; 0 measured; 0 filtered out; finished in 0.00s

     Running tests/phase_interpreter_string_concat.rs (target/debug/deps/phase_interpreter_string_concat-835d1c9e19a91692)

running 3 tests
test interpreter_string_concat_with_int ... ok
test interpreter_string_concat_with_arithmetic ... ok
test interpreter_string_concat_with_bool_expr ... ok

test result: ok. 3 passed; 0 failed; 0 ignored; 0 measured; 0 filtered out; finished in 0.00s

     Running tests/phase_inversion.rs (target/debug/deps/phase_inversion-5fb03746b539cdbe)

running 7 tests
test test_try_inversion_exists ... ok
test test_dinversion_exists ... ok
test test_inversion_eq_reflexive_not_false ... ok
test test_inversion_eq_discriminate ... ok
test test_inversion_false_trivial ... ok
test test_inversion_non_inductive_errors ... ok
test test_inversion_nat_discriminate ... ok

test result: ok. 7 passed; 0 failed; 0 ignored; 0 measured; 0 filtered out; finished in 0.00s

     Running tests/phase_kripke.rs (target/debug/deps/phase_kripke-2ddeddc33ca2730d)

running 12 tests
test kripke_deontic_accessibility ... ok
test kripke_necessity_uses_universal_world ... ok
test kripke_alethic_can ... ok
test kripke_possibility_uses_existential_world ... ok
test kripke_necessity_basic ... ok
test kripke_possibility_basic ... ok
test kripke_nested_modals ... ok
test kripke_deep_differs_from_surface ... ok
test kripke_existential_with_necessity ... ok
test kripke_non_modal_at_actual_world ... ok
test kripke_quantified_subject_with_modal ... ok
test kripke_world_as_predicate_argument ... ok

test result: ok. 12 passed; 0 failed; 0 ignored; 0 measured; 0 filtered out; finished in 0.00s

     Running tests/phase_lexer_refactor.rs (target/debug/deps/phase_lexer_refactor-d34fcc6c3baf5918)

running 19 tests
test test_line_lexer_basic_indent ... ok
test test_line_lexer_content_start_end ... ok
test test_line_lexer_block_header ... ok
test test_line_lexer_blank_line_preserves_indent ... ok
test test_line_lexer_colon_line ... ok
test test_line_lexer_content_spans ... ok
test test_line_lexer_empty_source ... ok
test test_line_lexer_dedent_at_eof ... ok
test test_line_lexer_content_text ... ok
test test_line_lexer_explicit_dedent ... ok
test test_line_lexer_inconsistent_indent_error ... ok
test test_line_lexer_mixed_tabs_spaces ... ok
test test_line_lexer_multiple_blank_lines ... ok
test test_line_lexer_multiple_dedents ... ok
test test_line_lexer_nested_indent ... ok
test test_line_lexer_no_indentation ... ok
test test_line_lexer_only_whitespace ... ok
test test_line_lexer_partial_dedent ... ok
test test_line_lexer_tab_indent ... ok

test result: ok. 19 passed; 0 failed; 0 ignored; 0 measured; 0 filtered out; finished in 0.00s

     Running tests/phase_lia.rs (target/debug/deps/phase_lia-7abb8da4294ca7e1)

running 13 tests
test test_try_lia_type ... ok
test test_dliasolve_type ... ok
test test_try_lia_constant_le_equal ... ok
test test_try_lia_constant_lt_true ... ok
test test_try_lia_2x_le_2x ... ok
test test_try_lia_constant_le_true ... ok
test test_try_lia_fails_x_lt_x ... ok
test test_try_lia_fails_false_constant ... ok
test test_try_lia_x_le_x_plus_1 ... ok
test test_try_lia_le_reflexive ... ok
test test_try_lia_fails_nonlinear ... ok
test test_try_lia_x_lt_x_plus_1 ... ok
test test_try_lia_x_minus_1_lt_x ... ok

test result: ok. 13 passed; 0 failed; 0 ignored; 0 measured; 0 filtered out; finished in 0.00s

     Running tests/phase_literate_auto.rs (target/debug/deps/phase_literate_auto-a6f387b4cf16ca6e)

running 10 tests
test test_literate_auto_ring ... ok
test test_literate_auto_lia_le ... ok
test test_literate_auto_ring_assoc ... ok
test test_literate_auto_omega_variable ... ok
test test_literate_auto_cc_refl ... ok
test test_literate_auto_true ... ok
test test_literate_auto_omega_lt ... ok
test test_literate_auto_omega_integer ... ok
test test_literate_auto_fails_false ... ok
test test_literate_auto_lia_transitivity ... ok

test result: ok. 10 passed; 0 failed; 0 ignored; 0 measured; 0 filtered out; finished in 0.00s

     Running tests/phase_literate_cc.rs (target/debug/deps/phase_literate_cc-30e24fef346bc79f)

running 6 tests
test test_literate_cc_transitivity ... ok
test test_literate_cc_binary_congruence ... ok
test test_literate_cc_reflexive ... ok
test test_literate_cc_nested ... ok
test test_literate_cc_congruence ... ok
test test_literate_cc_fails_diff_func ... ok

test result: ok. 6 passed; 0 failed; 0 ignored; 0 measured; 0 filtered out; finished in 0.00s

     Running tests/phase_literate_induction.rs (target/debug/deps/phase_literate_induction-d83e9774e6ead0de)

running 9 tests
test test_induction_keyword_recognized ... ok
test test_simple_induction_fails_gracefully ... ok
test test_bullet_syntax_recognized ... ok
test test_induction_wrong_bullet_count_too_many ... ok
test test_induction_tactic_not_recognized ... ok
test test_induction_wrong_bullet_count_too_few ... ok
test test_theorem_with_hint_attribute ... ok
test test_induction_no_bullets ... ok
test test_multi_tactic_in_bullet ... ok

test result: ok. 9 passed; 0 failed; 0 ignored; 0 measured; 0 filtered out; finished in 0.00s

     Running tests/phase_literate_lia.rs (target/debug/deps/phase_literate_lia-33256f50bc8fd120)

running 16 tests
test test_literate_lia_infix_complex ... ok
test test_literate_lia_infix_le_reflexive ... ok
test test_literate_lia_fails_false ... ok
test test_literate_lia_constant_le ... ok
test test_literate_lia_infix_lt_succ ... ok
test test_literate_lia_infix_gt ... ok
test test_literate_lia_fails_strict_refl ... ok
test test_literate_lia_infix_subtraction ... ok
test test_literate_lia_infix_unicode_ge ... ok
test test_literate_lia_constant_lt ... ok
test test_literate_lia_infix_unicode_le ... ok
test test_literate_lia_infix_lt_constant ... ok
test test_literate_lia_reflexive_le ... ok
test test_literate_lia_infix_ge ... ok
test test_literate_lia_linear_coeff ... ok
test test_literate_lia_x_lt_succ ... ok

test result: ok. 16 passed; 0 failed; 0 ignored; 0 measured; 0 filtered out; finished in 0.00s

     Running tests/phase_literate_omega.rs (target/debug/deps/phase_literate_omega-129a3c2b7364fd0b)

running 14 tests
test test_literate_omega_constant_le ... ok
test test_literate_omega_strict_to_nonstrict_lt ... ok
test test_literate_omega_constant_lt ... ok
test test_literate_omega_fails_false ... ok
test test_literate_omega_gt ... ok
test test_literate_omega_ge ... ok
test test_literate_omega_fails_strict_reflexive ... ok
test test_literate_omega_strict_to_nonstrict_gt ... ok
test test_literate_omega_coefficient_bound ... ok
test test_literate_omega_transitivity_le ... ok
test test_literate_omega_transitivity_lt ... ok
test test_literate_omega_variable_lt ... ok
test test_literate_omega_variable_le ... ok
test test_literate_omega_two_coefficient_bound ... ok

test result: ok. 14 passed; 0 failed; 0 ignored; 0 measured; 0 filtered out; finished in 0.00s

     Running tests/phase_literate_ring.rs (target/debug/deps/phase_literate_ring-e8fb6aeb3ac4132a)

running 22 tests
test test_literate_parser_term_to_syntax ... ok
test test_literate_ring_associativity_add ... ok
test test_literate_ring_commutativity_add ... ok
test test_literate_ring_distributivity ... ok
test test_literate_ring_collatz_algebra ... ok
test test_literate_ring_add_zero_identity ... ok
test test_literate_ring_constant_mul ... ok
test test_literate_ring_commutativity_mul ... ok
test test_literate_ring_infix_add_commutativity ... ok
test test_literate_ring_fails_on_inequality ... ok
test test_literate_ring_infix_constant_arithmetic ... ok
test test_literate_ring_constant_arithmetic ... ok
test test_literate_ring_infix_distributivity ... ok
test test_literate_ring_infix_identity_laws ... ok
test test_literate_ring_infix_mul_one ... ok
test test_literate_ring_infix_collatz_step ... ok
test test_literate_ring_infix_subtraction_cancel ... ok
test test_literate_ring_mul_one_identity ... ok
test test_literate_ring_infix_mul_commutativity ... ok
test test_literate_ring_subtraction_cancel ... ok
test test_literate_ring_reflexivity ... ok
test test_literate_theorem_without_proof ... ok

test result: ok. 22 passed; 0 failed; 0 ignored; 0 measured; 0 filtered out; finished in 0.00s

     Running tests/phase_literate_simp.rs (target/debug/deps/phase_literate_simp-a83a2e08674a1823)

running 13 tests
test test_literate_simp_subtraction ... ok
test test_literate_simp_nested ... ok
test test_literate_simp_reflexive_function ... ok
test test_literate_simp_unfold_nested ... ok
test test_literate_simp_fails_false ... ok
test test_literate_simp_reflexive ... ok
test test_literate_simp_unfold ... ok
test test_literate_simp_with_two_hyps ... ok
test test_literate_simp_with_hyp ... ok
test test_literate_simp_fails_different_variables ... ok
test test_literate_simp_arithmetic ... ok
test test_literate_simp_complex_arithmetic ... ok
test test_literate_simp_unfold_with_zero ... ok

test result: ok. 13 passed; 0 failed; 0 ignored; 0 measured; 0 filtered out; finished in 0.00s

     Running tests/phase_omega.rs (target/debug/deps/phase_omega-f82f7878912d0a6c)

running 11 tests
test test_domegasolve_type ... ok
test test_omega_variable_lt ... ok
test test_omega_fails_false_inequality ... ok
test test_omega_constant_lt ... ok
test test_omega_constant_le ... ok
test test_omega_variable_le ... ok
test test_try_omega_type ... ok
test test_omega_strict_to_nonstrict ... ok
test test_omega_fails_equal_strict ... ok
test test_omega_coefficient_bound ... ok
test test_omega_lt_to_le ... ok

test result: ok. 11 passed; 0 failed; 0 ignored; 0 measured; 0 filtered out; finished in 0.00s

     Running tests/phase_operator.rs (target/debug/deps/phase_operator-6f0922ddacff02c8)

running 17 tests
test test_dapply_exists ... ok
test test_drewrite_exists ... ok
test test_ddestruct_exists ... ok
test test_rewrite_in_nested_expression ... ok
test test_destruct_bool_generates_two_cases ... ok
test test_rewrite_no_match_errors ... ok
test test_apply_implication_transforms_goal ... ok
test test_destruct_nat_no_induction_hypothesis ... ok
test test_apply_mismatch_errors ... ok
test test_apply_forall_instantiation ... ok
test test_rewrite_non_equality_errors ... ok
test test_try_apply_exists ... ok
test test_try_destruct_exists ... ok
test test_rewrite_replaces_lhs_with_rhs ... ok
test test_rewrite_rev_replaces_rhs_with_lhs ... ok
test test_try_rewrite_exists ... ok
test test_try_rewrite_rev_exists ... ok

test result: ok. 17 passed; 0 failed; 0 ignored; 0 measured; 0 filtered out; finished in 0.00s

     Running tests/phase_ownership.rs (target/debug/deps/phase_ownership-ca19b0f7cf047513)

running 8 tests
test test_linear_use_after_move ... ok
test test_double_move ... ok
test test_move_in_both_branches_then_use ... ok
test test_use_after_move_in_branch ... ok
test test_nested_control_flow ... ok
test test_borrow_does_not_move ... ok
test test_move_in_one_branch_ok_if_not_used ... ok
test test_valid_show_then_give ... ok

test result: ok. 8 passed; 0 failed; 0 ignored; 0 measured; 0 filtered out; finished in 0.00s

     Running tests/phase_primitives_extended.rs (target/debug/deps/phase_primitives_extended-72be0994d3140d8d)

running 10 tests
test char_literal_with_escape_backslash ... ok
test char_literal_tokenizes ... ok
test char_literal_preserves_value ... ok
test char_literal_space ... ok
test char_literal_digit ... ok
test char_literal_with_escape_newline ... ok
test char_literal_with_escape_backtick ... ok
test char_literal_with_escape_tab ... ok
test char_in_let_statement ... ok
test byte_type_name_recognized ... ok

test result: ok. 10 passed; 0 failed; 0 ignored; 0 measured; 0 filtered out; finished in 0.00s

     Running tests/phase_privation_modal.rs (target/debug/deps/phase_privation_modal-e6cfb29e53406c45)

running 3 tests
test simple_tier_has_two_scope_readings ... ok
test all_readings_use_neo_davidsonian_for_have ... ok
test lacks_can_four_interpretations ... ok

test result: ok. 3 passed; 0 failed; 0 ignored; 0 measured; 0 filtered out; finished in 0.00s

     Running tests/phase_ring.rs (target/debug/deps/phase_ring-57a018fb3bf346aa)

running 25 tests
test test_dringssolve_type ... ok
test test_dringssolve_type_error ... ok
test test_dringssolve_construction ... ok
test test_try_ring_commutativity_add ... ok
test test_try_ring_associativity_mul ... ok
test test_try_ring_annihilator_mul_zero ... ok
test test_try_ring_collatz_algebra ... ok
test test_try_ring_commutativity_mul ... ok
test test_try_ring_constant_add ... ok
test test_try_ring_distributivity_left ... ok
test test_try_ring_fails_on_division ... ok
test test_try_ring_fails_on_inequality ... ok
test test_try_ring_fails_on_non_equality ... ok
test test_try_ring_reflexive_constant ... ok
test test_try_ring_reflexive_variable ... ok
test test_try_ring_identity_mul_one ... ok
test test_try_ring_distributivity_right ... ok
test test_try_ring_identity_add_zero ... ok
test test_try_ring_constant_mul ... ok
test test_try_ring_type_error ... ok
test test_try_ring_associativity_add ... ok
test test_try_ring_type ... ok
test test_try_ring_subtraction ... ok
test test_try_ring_fails_on_wrong_constant ... ok
test test_try_ring_expand_square ... ok

test result: ok. 25 passed; 0 failed; 0 ignored; 0 measured; 0 filtered out; finished in 0.01s

     Running tests/phase_sets.rs (target/debug/deps/phase_sets-983fe90c2301caa3)

running 2 tests
test set_is_registered_as_generic ... ok
test char_and_byte_are_primitives ... ok

test result: ok. 2 passed; 0 failed; 0 ignored; 0 measured; 0 filtered out; finished in 0.00s

     Running tests/phase_simp.rs (target/debug/deps/phase_simp-001bf8f86261e85e)

running 10 tests
test test_dsimpsolve_type ... ok
test test_try_simp_type ... ok
test test_simp_fails_on_false_equality ... ok
test test_simp_reflexivity ... ok
test test_simp_constant_fold ... ok
test test_simp_fails_without_hypothesis ... ok
test test_simp_subtraction ... ok
test test_simp_nested_arithmetic ... ok
test test_simp_with_hypothesis ... ok
test test_simp_chained_hypotheses ... ok

test result: ok. 10 passed; 0 failed; 0 ignored; 0 measured; 0 filtered out; finished in 0.00s

     Running tests/phase_totality.rs (target/debug/deps/phase_totality-bbddac1893df58fc)

running 0 tests

test result: ok. 0 passed; 0 failed; 0 ignored; 0 measured; 0 filtered out; finished in 0.00s

     Running tests/phase_verification.rs (target/debug/deps/phase_verification-a710b12c6a9a39b7)

running 0 tests

test result: ok. 0 passed; 0 failed; 0 ignored; 0 measured; 0 filtered out; finished in 0.00s

     Running tests/phase_verification_refinement.rs (target/debug/deps/phase_verification_refinement-db3ad1e5d6ce3f86)

running 0 tests

test result: ok. 0 passed; 0 failed; 0 ignored; 0 measured; 0 filtered out; finished in 0.00s

     Running tests/struggle_tests.rs (target/debug/deps/struggle_tests-886a70f680f49324)

running 16 tests
test test_activity_resets_inactivity_flag ... ok
test test_configurable_wrong_attempt_threshold ... ok
test test_default_trait ... ok
test test_correct_attempt_not_struggling ... ok
test test_default_threshold_is_5_seconds ... ok
test test_inactivity_threshold_configurable ... ok
test test_inactivity_only_triggers_once ... ok
test test_multiple_struggle_reasons ... ok
test test_no_struggle_initially ... ok
test test_reset_clears_struggle ... ok
test test_reset_clears_wrong_attempts ... ok
test test_should_show_hints ... ok
test test_struggle_after_inactivity_triggered ... ok
test test_struggle_after_wrong_attempt ... ok
test test_struggle_message ... ok
test test_wrong_attempt_count_tracked ... ok

test result: ok. 16 passed; 0 failed; 0 ignored; 0 measured; 0 filtered out; finished in 0.00s

     Running tests/symbol_dict_tests.rs (target/debug/deps/symbol_dict_tests-85b4a62ab4926032)

running 20 tests
test test_extract_biconditional ... ok
test test_empty_string_returns_empty ... ok
test test_extract_all_symbol_kinds ... ok
test test_extract_constants ... ok
test test_connective_descriptions ... ok
test test_extract_disjunction ... ok
test test_extract_conjunction ... ok
test test_extract_existential_quantifier ... ok
test test_extract_implication ... ok
test test_extract_necessity_operator ... ok
test test_extract_negation ... ok
test test_extract_possibility_operator ... ok
test test_extract_predicate_names ... ok
test test_extract_single_letter_predicate ... ok
test test_extract_universal_quantifier ... ok
test test_extract_variable_names ... ok
test test_no_duplicate_quantifiers ... ok
test test_no_duplicate_symbols ... ok
test test_quantifier_has_description ... ok
test test_symbol_entry_has_all_fields ... ok

test result: ok. 20 passed; 0 failed; 0 ignored; 0 measured; 0 filtered out; finished in 0.00s

     Running tests/torture_tests.rs (target/debug/deps/torture_tests-bf0d51c17605459f)

running 20 tests
test test_maximal_aspect_chain ... ok
test test_modal_negation_aspect_chain ... ok
test test_focus_on_subject ... ok
test test_counterfactual_passive_agent ... ok
test test_conditional_donkey_sentence ... ok
test test_double_center_embedding ... ok
test test_indirect_speech_act_request ... ok
test test_event_multiple_modifiers ... ok
test test_deep_right_branching ... ok
test test_causal_event_linking ... ok
test test_npi_any_licensing ... ok
test test_modal_perfect_passive_agent ... ok
test test_negative_quantifier_donkey ... ok
test test_object_to_subject_control ... ok
test test_promise_subject_control_anomaly ... ok
test test_relative_raising_modal_aspect ... ok
test test_quantifier_opaque_control_pronoun ... ok
test test_stacked_relatives_single_head ... ok
test test_triple_nested_control ... ok
test test_triple_quantifier_ditransitive ... ok

test result: ok. 20 passed; 0 failed; 0 ignored; 0 measured; 0 filtered out; finished in 0.00s

     Running tests/unlock_logic_tests.rs (target/debug/deps/unlock_logic_tests-824950d61908a46b)

running 15 tests
test test_module_state_mastered ... ok
test test_first_module_in_each_era_unlocked ... ok
test test_module_state_progressing ... ok
test test_module_state_locked ... ok
test test_get_locked_module_ids_returns_all_locked ... ok
test test_module_state_started ... ok
test test_first_module_always_unlocked ... ok
test test_module_state_available ... ok
test test_last_two_modules_locked_until_one_complete ... ok
test test_last_two_unlock_after_one_module_complete ... ok
test test_second_module_unlocks_after_first_complete ... ok
test test_nonexistent_era_returns_false ... ok
test test_progressive_unlock_chain ... ok
test test_second_module_locked_initially ... ok
test test_nonexistent_module_returns_false ... ok

test result: ok. 15 passed; 0 failed; 0 ignored; 0 measured; 0 filtered out; finished in 0.04s

     Running unittests src/lib.rs (target/debug/deps/logicaffeine_web-c3d2453eeeb91b4c)

running 87 tests
test achievements::tests::test_achievement_not_found ... ok
test achievements::tests::test_get_achievement ... ok
test achievements::tests::test_streak_achievements_grant_freeze ... ok
test achievements::tests::test_check_achievements_combo ... ok
test achievements::tests::test_check_achievements_first_blood ... ok
test content::tests::test_dir_contents ... ok
test content::tests::test_building_blocks_era_exists ... ok
test content::tests::test_exercise_has_explanation ... ok
test content::tests::test_introduction_module_exists ... ok
test content::tests::test_mastery_era_exists ... ok
test game::tests::test_combo_multiplier ... ok
test game::tests::test_is_yesterday ... ok
test game::tests::test_combo_increment ... ok
test content::tests::test_first_steps_era_exists ... ok
test game::tests::test_level_titles ... ok
test game::tests::test_level_up_freeze_grants ... ok
test game::tests::test_xp_reward_critical ... ok
test game::tests::test_xp_reward_base ... ok
test game::tests::test_xp_reward_with_combo ... ok
test game::tests::test_xp_reward_full ... ok
test content::tests::test_all_eras_have_modules ... ok
test content::tests::test_propositional_module_exists ... ok
test content::tests::test_expanding_horizons_era_exists ... ok
test content::tests::test_curriculum_loads ... ok
test content::tests::test_exercises_load ... ok
test grader::tests::test_ascii_shortcuts ... ok
test grader::tests::test_commutative_conjunction ... ok
test grader::tests::test_completely_wrong ... ok
test grader::tests::test_exact_match ... ok
test grader::tests::test_latex_to_unicode ... ok
test grader::tests::test_normalize_arrow ... ok
test grader::tests::test_normalize_biconditional ... ok
test grader::tests::test_whitespace_normalization ... ok
test grader::tests::test_wrong_connective ... ok
test grader::tests::test_wrong_quantifier ... ok
test learn_state::tests::test_focus_state_toggles_era ... ok
test learn_state::tests::test_initial_tab_is_lesson ... ok
test learn_state::tests::test_is_era_visible_when_focused ... ok
test learn_state::tests::test_module_expansion ... ok
test learn_state::tests::test_tab_modes_all_four_exist ... ok
test learn_state::tests::test_tab_switch_resets_exercise_index ... ok
test progress::tests::test_level_calculation ... ok
test progress::tests::test_user_progress_record ... ok
test progress::tests::test_xp_reward ... ok
test srs::tests::test_calculate_next_review ... ok
test srs::tests::test_calculate_next_review_month_overflow ... ok
test srs::tests::test_is_due_future ... ok
test generator::tests::test_deterministic_with_seed ... ok
test srs::tests::test_is_due_none ... ok
test srs::tests::test_is_due_past ... ok
test srs::tests::test_is_due_today ... ok
test srs::tests::test_response_quality_is_correct ... ok
test srs::tests::test_sm2_ease_factor_minimum ... ok
test srs::tests::test_sm2_first_correct ... ok
test srs::tests::test_sm2_incorrect_resets ... ok
test srs::tests::test_sm2_second_correct ... ok
test struggle::tests::test_configurable_threshold ... ok
test struggle::tests::test_inactivity_only_triggers_once ... ok
test struggle::tests::test_no_struggle_initially ... ok
test struggle::tests::test_reset_clears_struggle ... ok
test struggle::tests::test_should_show_hints ... ok
test struggle::tests::test_struggle_after_5s_inactivity ... ok
test struggle::tests::test_struggle_after_wrong_attempt ... ok
test ui::components::katex::tests::test_parse_display_latex ... ok
test struggle::tests::test_struggle_message ... ok
test ui::components::katex::tests::test_parse_inline_latex ... ok
test ui::components::katex::tests::test_parse_plain_text ... ok
test ui::components::katex::tests::test_parse_mixed ... ok
test ui::components::katex::tests::test_unclosed_inline ... ok
test ui::components::module_tabs::tests::test_tab_class_names ... ok
test ui::hooks::use_inactivity_timer::tests::test_default_threshold ... ok
test ui::components::symbol_dictionary::tests::test_symbol_kind_class_names ... ok
test ui::hooks::use_inactivity_timer::tests::test_inactivity_state_default ... ok
test ui::state::tests::test_license_plan_from_str ... ok
test ui::state::tests::test_license_plan_is_commercial ... ok
test ui::state::tests::test_license_plan_is_paid ... ok
test generator::tests::test_fill_template_with_modifier ... ok
test content::tests::test_syllogistic_module_exists ... ok
test generator::tests::test_fill_template_proper_names ... ok
test unlock::tests::test_first_module_always_unlocked ... ok
test unlock::tests::test_last_two_locked_until_one_module_100_complete ... ok
test generator::tests::test_generate_multiple_choice ... ok
test unlock::tests::test_module_locked_until_previous_complete ... ok
test unlock::tests::test_get_locked_module_ids ... ok
test generator::tests::test_generate_translation_challenge ... ok
test generator::tests::test_all_introduction_exercises ... ok
test generator::tests::test_all_exercises_across_all_modules ... ok

test result: ok. 87 passed; 0 failed; 0 ignored; 0 measured; 0 filtered out; finished in 0.06s

     Running unittests src/main.rs (target/debug/deps/logicaffeine_web-8bf5520a961339e8)

running 0 tests

test result: ok. 0 passed; 0 failed; 0 ignored; 0 measured; 0 filtered out; finished in 0.00s

   Doc-tests logicaffeine_base

running 5 tests
test crates/logicaffeine_base/src/span.rs - span (line 14) ... ok
test crates/logicaffeine_base/src/intern.rs - intern (line 9) ... ok
test crates/logicaffeine_base/src/lib.rs - (line 21) ... ok
test crates/logicaffeine_base/src/arena.rs - arena (line 9) ... ok
test crates/logicaffeine_base/src/error.rs - error (line 8) ... ok

test result: ok. 5 passed; 0 failed; 0 ignored; 0 measured; 0 filtered out; finished in 28.12s

   Doc-tests logicaffeine_cli

running 9 tests
test apps/logicaffeine_cli/src/cli.rs - cli::Cli (line 54) - compile ... ok
test apps/logicaffeine_cli/src/cli.rs - cli::run_cli (line 311) - compile ... ok
test apps/logicaffeine_cli/src/lib.rs - (line 44) - compile ... ok
test apps/logicaffeine_cli/src/project/build.rs - project::build::find_project_root (line 124) - compile ... ok
test apps/logicaffeine_cli/src/project/build.rs - project::build::BuildConfig (line 39) - compile ... ok
test apps/logicaffeine_cli/src/project/registry.rs - project::registry::RegistryClient (line 45) - compile ... ok
test apps/logicaffeine_cli/src/project/registry.rs - project::registry (line 17) - compile ... ok
test apps/logicaffeine_cli/src/compile.rs - compile (line 16) - compile ... ok
test apps/logicaffeine_cli/src/project/registry.rs - project::registry::RegistryClient::new (line 76) ... ok

test result: ok. 9 passed; 0 failed; 0 ignored; 0 measured; 0 filtered out; finished in 25.13s

   Doc-tests logicaffeine_compile

running 12 tests
test crates/logicaffeine_compile/src/analysis/discovery.rs - analysis::discovery::discover_with_imports (line 45) ... ignored
test crates/logicaffeine_compile/src/compile.rs - compile (line 49) ... ignored
test crates/logicaffeine_compile/src/compile.rs - compile (line 61) ... ignored
test crates/logicaffeine_compile/src/compile.rs - compile::compile_and_run (line 596) ... ignored
test crates/logicaffeine_compile/src/compile.rs - compile::compile_project (line 669) ... ignored
test crates/logicaffeine_compile/src/compile.rs - compile::compile_to_dir (line 412) ... ignored
test crates/logicaffeine_compile/src/compile.rs - compile::compile_to_rust (line 111) ... ignored
test crates/logicaffeine_compile/src/compile.rs - compile::compile_to_rust_checked (line 203) ... ignored
test crates/logicaffeine_compile/src/lib.rs - (line 57) ... ignored
test crates/logicaffeine_compile/src/lib.rs - (line 66) ... ignored
test crates/logicaffeine_compile/src/lib.rs - (line 76) ... ignored
test crates/logicaffeine_compile/src/loader.rs - loader (line 26) ... ignored

test result: ok. 0 passed; 0 failed; 12 ignored; 0 measured; 0 filtered out; finished in 0.00s

   Doc-tests logicaffeine_data

running 5 tests
test crates/logicaffeine_data/src/types.rs - types::Value (line 154) ... ok
test crates/logicaffeine_data/src/types.rs - types::LogosContains (line 67) ... ok
test crates/logicaffeine_data/src/crdt/replica.rs - crdt::replica::generate_replica_id (line 25) ... ok
test crates/logicaffeine_data/src/indexing.rs - indexing::LogosIndexMut (line 53) ... ok
test crates/logicaffeine_data/src/indexing.rs - indexing::LogosIndex (line 29) ... ok

test result: ok. 5 passed; 0 failed; 0 ignored; 0 measured; 0 filtered out; finished in 14.02s

   Doc-tests logicaffeine_kernel

running 0 tests

test result: ok. 0 passed; 0 failed; 0 ignored; 0 measured; 0 filtered out; finished in 0.00s

   Doc-tests logicaffeine_language

running 9 tests
test crates/logicaffeine_language/src/debug.rs - debug (line 9) ... ignored
test crates/logicaffeine_language/src/lexer.rs - lexer::Lexer<'a>::new (line 342) ... ignored
test crates/logicaffeine_language/src/parser/mod.rs - parser (line 33) ... ignored
test crates/logicaffeine_language/src/parser/mod.rs - parser::ParserGuard (line 149) ... ignored
test crates/logicaffeine_language/src/visitor.rs - visitor (line 11) ... ignored
test crates/logicaffeine_language/src/lib.rs - (line 12) ... ok
test crates/logicaffeine_language/src/compile.rs - compile (line 21) ... ok
test crates/logicaffeine_language/src/lib.rs - (line 48) ... ok
test crates/logicaffeine_language/src/session.rs - session (line 8) ... ok

test result: ok. 4 passed; 0 failed; 5 ignored; 0 measured; 0 filtered out; finished in 12.72s

   Doc-tests logicaffeine_lexicon

running 6 tests
test crates/logicaffeine_lexicon/src/lib.rs - (line 41) ... ok
test crates/logicaffeine_lexicon/src/lib.rs - runtime (line 95) ... ok
test crates/logicaffeine_lexicon/src/runtime.rs - runtime::pluralize (line 280) ... ok
test crates/logicaffeine_lexicon/src/runtime.rs - runtime::gerund (line 443) ... ok
test crates/logicaffeine_lexicon/src/runtime.rs - runtime::past_tense (line 388) ... ok
test crates/logicaffeine_lexicon/src/runtime.rs - runtime::present_3s (line 335) ... ok

test result: ok. 6 passed; 0 failed; 0 ignored; 0 measured; 0 filtered out; finished in 15.98s

   Doc-tests logicaffeine_proof

running 5 tests
test crates/logicaffeine_proof/src/certifier.rs - certifier::CertificationContext (line 50) ... ignored
test crates/logicaffeine_proof/src/unify.rs - unify::compose_substitutions (line 1133) ... ok
test crates/logicaffeine_proof/src/error.rs - error (line 18) ... ok
test crates/logicaffeine_proof/src/unify.rs - unify::unify_terms (line 509) ... ok
test crates/logicaffeine_proof/src/unify.rs - unify::apply_subst_to_term (line 692) ... ok

test result: ok. 4 passed; 0 failed; 1 ignored; 0 measured; 0 filtered out; finished in 11.72s

   Doc-tests logicaffeine_system

running 35 tests
test crates/logicaffeine_system/src/concurrency.rs - concurrency (line 23) ... ignored
test crates/logicaffeine_system/src/concurrency.rs - concurrency::Pipe (line 139) ... ignored
test crates/logicaffeine_system/src/concurrency.rs - concurrency::TaskHandle (line 63) ... ignored
test crates/logicaffeine_system/src/concurrency.rs - concurrency::check_preemption (line 253) ... ignored
test crates/logicaffeine_system/src/concurrency.rs - concurrency::spawn (line 115) ... ignored
test crates/logicaffeine_system/src/crdt/sync.rs - crdt::sync (line 29) ... ignored
test crates/logicaffeine_system/src/crdt/sync.rs - crdt::sync::Synced (line 53) ... ignored
test crates/logicaffeine_system/src/distributed.rs - distributed (line 25) ... ignored
test crates/logicaffeine_system/src/distributed.rs - distributed::Distributed<T>::mount (line 166) ... ignored
test crates/logicaffeine_system/src/env.rs - env (line 12) ... ignored
test crates/logicaffeine_system/src/env.rs - env::args (line 58) ... ignored
test crates/logicaffeine_system/src/env.rs - env::get (line 40) ... ignored
test crates/logicaffeine_system/src/file.rs - file (line 18) ... ignored
test crates/logicaffeine_system/src/file.rs - file::read (line 50) ... ignored
test crates/logicaffeine_system/src/file.rs - file::write (line 78) ... ignored
test crates/logicaffeine_system/src/fs/mod.rs - fs (line 17) ... ignored
test crates/logicaffeine_system/src/io.rs - io (line 13) ... ignored
test crates/logicaffeine_system/src/memory.rs - memory (line 25) ... ignored
test crates/logicaffeine_system/src/memory.rs - memory::Zone::new_heap (line 64) ... ignored
test crates/logicaffeine_system/src/memory.rs - memory::Zone::new_mapped (line 79) ... ignored
test crates/logicaffeine_system/src/network/behaviour.rs - network::behaviour::MeshBehaviour (line 40) ... ignored
test crates/logicaffeine_system/src/network/gossip.rs - network::gossip (line 18) ... ignored
test crates/logicaffeine_system/src/network/mesh.rs - network::mesh (line 24) ... ignored
test crates/logicaffeine_system/src/network/mesh.rs - network::mesh::PeerAgent (line 111) ... ignored
test crates/logicaffeine_system/src/network/mesh.rs - network::mesh::PeerAgent (line 121) ... ignored
test crates/logicaffeine_system/src/network/mod.rs - network (line 20) ... ignored
test crates/logicaffeine_system/src/network/sipping.rs - network::sipping::FileSipper (line 45) ... ignored
test crates/logicaffeine_system/src/network/wire.rs - network::wire::encode (line 33) ... ignored
test crates/logicaffeine_system/src/random.rs - random (line 19) ... ignored
test crates/logicaffeine_system/src/random.rs - random::randomFloat (line 68) ... ignored
test crates/logicaffeine_system/src/random.rs - random::randomInt (line 51) ... ignored
test crates/logicaffeine_system/src/storage/mod.rs - storage (line 34) ... ignored
test crates/logicaffeine_system/src/time.rs - time (line 12) ... ignored
test crates/logicaffeine_system/src/time.rs - time::now (line 34) ... ignored
test crates/logicaffeine_system/src/time.rs - time::sleep (line 58) ... ignored

test result: ok. 0 passed; 0 failed; 35 ignored; 0 measured; 0 filtered out; finished in 0.00s

   Doc-tests logicaffeine_tests

running 0 tests

test result: ok. 0 passed; 0 failed; 0 ignored; 0 measured; 0 filtered out; finished in 0.00s

   Doc-tests logicaffeine_web

running 8 tests
test apps/logicaffeine_web/src/audio.rs - audio (line 9) ... ignored
test apps/logicaffeine_web/src/generator.rs - generator (line 43) ... ignored
test apps/logicaffeine_web/src/storage.rs - storage (line 16) ... ignored
test apps/logicaffeine_web/src/ui/components/katex.rs - ui::components::katex (line 16) ... ignored
test apps/logicaffeine_web/src/ui/components/mixed_text.rs - ui::components::mixed_text (line 12) ... ignored
test apps/logicaffeine_web/src/ui/responsive.rs - ui::responsive (line 27) ... ignored
test apps/logicaffeine_web/src/ui/router.rs - ui::router (line 23) ... ignored
test apps/logicaffeine_web/src/ui/theme.rs - ui::theme (line 19) ... ignored

test result: ok. 0 passed; 0 failed; 8 ignored; 0 measured; 0 filtered out; finished in 0.00s

